Archive member included to satisfy reference by file (symbol)

../Drivers\libIotLibrary.a(hal.o)
                              myLora.o (hal_create)
../Drivers\libIotLibrary.a(hih8120.o)
                              temp_humSensor.o (hih8120Create)
../Drivers\libIotLibrary.a(led.o)
                              ../Drivers\libIotLibrary.a(hal.o) (led_create)
../Drivers\libIotLibrary.a(lora_driver.o)
                              myLora.o (lora_driver_flush_buffers)
../Drivers\libIotLibrary.a(lora_driver_utils.o)
                              ../Drivers\libIotLibrary.a(lora_driver.o) (decode_port_no)
../Drivers\libIotLibrary.a(mega_register_access.o)
                              ../Drivers\libIotLibrary.a(hal.o) (reg_read_register)
../Drivers\libIotLibrary.a(mh_z19.o)
                              co2Sensor.o (mh_z19_create)
../Drivers\libIotLibrary.a(serial.o)
                              ../Drivers\libIotLibrary.a(lora_driver.o) (serial_new_instance)
../Drivers\libIotLibrary.a(stdio_driver.o)
                              main.o (stdioCreate)
../Drivers\libIotLibrary.a(twi.o)
                              ../Drivers\libIotLibrary.a(hih8120.o) (twiCreate)
../Drivers\libIotLibrary.a(fifo.o)
                              ../Drivers\libIotLibrary.a(serial.o) (fifo_init)
d:/program files (x86)/atmel/studio/7.0/toolchain/avr8/avr8-gnu-toolchain/bin/../lib/gcc/avr/5.4.0/../../../../avr/lib/avr6\libm.a(addsf3.o)
                              ../Drivers\libIotLibrary.a(hih8120.o) (__subsf3)
d:/program files (x86)/atmel/studio/7.0/toolchain/avr8/avr8-gnu-toolchain/bin/../lib/gcc/avr/5.4.0/../../../../avr/lib/avr6\libm.a(addsf3x.o)
                              d:/program files (x86)/atmel/studio/7.0/toolchain/avr8/avr8-gnu-toolchain/bin/../lib/gcc/avr/5.4.0/../../../../avr/lib/avr6\libm.a(addsf3.o) (__addsf3x)
d:/program files (x86)/atmel/studio/7.0/toolchain/avr8/avr8-gnu-toolchain/bin/../lib/gcc/avr/5.4.0/../../../../avr/lib/avr6\libm.a(divsf3.o)
                              ../Drivers\libIotLibrary.a(hih8120.o) (__divsf3)
d:/program files (x86)/atmel/studio/7.0/toolchain/avr8/avr8-gnu-toolchain/bin/../lib/gcc/avr/5.4.0/../../../../avr/lib/avr6\libm.a(divsf3x.o)
                              d:/program files (x86)/atmel/studio/7.0/toolchain/avr8/avr8-gnu-toolchain/bin/../lib/gcc/avr/5.4.0/../../../../avr/lib/avr6\libm.a(divsf3.o) (__divsf3x)
d:/program files (x86)/atmel/studio/7.0/toolchain/avr8/avr8-gnu-toolchain/bin/../lib/gcc/avr/5.4.0/../../../../avr/lib/avr6\libm.a(fixsfsi.o)
                              ../Drivers\libIotLibrary.a(hih8120.o) (__fixsfsi)
d:/program files (x86)/atmel/studio/7.0/toolchain/avr8/avr8-gnu-toolchain/bin/../lib/gcc/avr/5.4.0/../../../../avr/lib/avr6\libm.a(fixunssfsi.o)
                              ../Drivers\libIotLibrary.a(hih8120.o) (__fixunssfsi)
d:/program files (x86)/atmel/studio/7.0/toolchain/avr8/avr8-gnu-toolchain/bin/../lib/gcc/avr/5.4.0/../../../../avr/lib/avr6\libm.a(floatsisf.o)
                              ../Drivers\libIotLibrary.a(hih8120.o) (__floatunsisf)
d:/program files (x86)/atmel/studio/7.0/toolchain/avr8/avr8-gnu-toolchain/bin/../lib/gcc/avr/5.4.0/../../../../avr/lib/avr6\libm.a(fp_inf.o)
                              d:/program files (x86)/atmel/studio/7.0/toolchain/avr8/avr8-gnu-toolchain/bin/../lib/gcc/avr/5.4.0/../../../../avr/lib/avr6\libm.a(addsf3x.o) (__fp_inf)
d:/program files (x86)/atmel/studio/7.0/toolchain/avr8/avr8-gnu-toolchain/bin/../lib/gcc/avr/5.4.0/../../../../avr/lib/avr6\libm.a(fp_nan.o)
                              d:/program files (x86)/atmel/studio/7.0/toolchain/avr8/avr8-gnu-toolchain/bin/../lib/gcc/avr/5.4.0/../../../../avr/lib/avr6\libm.a(addsf3x.o) (__fp_nan)
d:/program files (x86)/atmel/studio/7.0/toolchain/avr8/avr8-gnu-toolchain/bin/../lib/gcc/avr/5.4.0/../../../../avr/lib/avr6\libm.a(fp_pscA.o)
                              d:/program files (x86)/atmel/studio/7.0/toolchain/avr8/avr8-gnu-toolchain/bin/../lib/gcc/avr/5.4.0/../../../../avr/lib/avr6\libm.a(addsf3x.o) (__fp_pscA)
d:/program files (x86)/atmel/studio/7.0/toolchain/avr8/avr8-gnu-toolchain/bin/../lib/gcc/avr/5.4.0/../../../../avr/lib/avr6\libm.a(fp_pscB.o)
                              d:/program files (x86)/atmel/studio/7.0/toolchain/avr8/avr8-gnu-toolchain/bin/../lib/gcc/avr/5.4.0/../../../../avr/lib/avr6\libm.a(addsf3x.o) (__fp_pscB)
d:/program files (x86)/atmel/studio/7.0/toolchain/avr8/avr8-gnu-toolchain/bin/../lib/gcc/avr/5.4.0/../../../../avr/lib/avr6\libm.a(fp_round.o)
                              d:/program files (x86)/atmel/studio/7.0/toolchain/avr8/avr8-gnu-toolchain/bin/../lib/gcc/avr/5.4.0/../../../../avr/lib/avr6\libm.a(addsf3.o) (__fp_round)
d:/program files (x86)/atmel/studio/7.0/toolchain/avr8/avr8-gnu-toolchain/bin/../lib/gcc/avr/5.4.0/../../../../avr/lib/avr6\libm.a(fp_split3.o)
[...]
Memory Configuration

Name             Origin             Length             Attributes
text             0x00000000         0x00100000         xr
data             0x00800200         0x0000fe00         rw !x
eeprom           0x00810000         0x00010000         rw !x
fuse             0x00820000         0x00000003         rw !x
lock             0x00830000         0x00000400         rw !x
signature        0x00840000         0x00000400         rw !x
user_signatures  0x00850000         0x00000400         rw !x
*default*        0x00000000         0xffffffff

Linker script and memory map

Address of section .data set to 0x800200
LOAD D:/Program Files (x86)/Atmel/Studio/7.0/Packs/atmel/ATmega_DFP/1.2.209/gcc/dev/atmega2560/avr6/crtatmega2560.o
LOAD co2Sensor.o
LOAD FreeRTOS/FreeRTOSTraceDriver/FreeRTOSTraceDriver.o
LOAD FreeRTOS/src/croutine.o
LOAD FreeRTOS/src/event_groups.o
LOAD FreeRTOS/src/heap_3.o
LOAD FreeRTOS/src/list.o
LOAD FreeRTOS/src/port.o
LOAD FreeRTOS/src/queue.o
LOAD FreeRTOS/src/stream_buffer.o
LOAD FreeRTOS/src/tasks.o
LOAD FreeRTOS/src/timers.o
LOAD FreeRTOS/src/variantHooks.o
LOAD main.o
LOAD myLora.o
LOAD mySemaphores.o
LOAD myTasks.o
LOAD myTimers.o
LOAD temp_humSensor.o
START GROUP
LOAD d:/program files (x86)/atmel/studio/7.0/toolchain/avr8/avr8-gnu-toolchain/bin/../lib/gcc/avr/5.4.0/../../../../avr/lib/avr6\libm.a
LOAD ../Drivers\libIotLibrary.a
END GROUP
START GROUP
LOAD d:/program files (x86)/atmel/studio/7.0/toolchain/avr8/avr8-gnu-toolchain/bin/../lib/gcc/avr/5.4.0/avr6\libgcc.a
LOAD d:/program files (x86)/atmel/studio/7.0/toolchain/avr8/avr8-gnu-toolchain/bin/../lib/gcc/avr/5.4.0/../../../../avr/lib/avr6\libm.a
LOAD d:/program files (x86)/atmel/studio/7.0/toolchain/avr8/avr8-gnu-toolchain/bin/../lib/gcc/avr/5.4.0/../../../../avr/lib/avr6\libc.a
LOAD D:/Program Files (x86)/Atmel/Studio/7.0/Packs/atmel/ATmega_DFP/1.2.209/gcc/dev/atmega2560/avr6\libatmega2560.a
END GROUP
                0x00100000                __TEXT_REGION_LENGTH__ = DEFINED (__TEXT_REGION_LENGTH__)?__TEXT_REGION_LENGTH__:0x100000
                0x0000fe00                __DATA_REGION_LENGTH__ = DEFINED (__DATA_REGION_LENGTH__)?__DATA_REGION_LENGTH__:0xfe00
                0x00010000                __EEPROM_REGION_LENGTH__ = DEFINED (__EEPROM_REGION_LENGTH__)?__EEPROM_REGION_LENGTH__:0x10000
                [0x00000003]                __FUSE_REGION_LENGTH__ = DEFINED (__FUSE_REGION_LENGTH__)?__FUSE_REGION_LENGTH__:0x400
                0x00000400                __LOCK_REGION_LENGTH__ = DEFINED (__LOCK_REGION_LENGTH__)?__LOCK_REGION_LENGTH__:0x400
                0x00000400                __SIGNATURE_REGION_LENGTH__ = DEFINED (__SIGNATURE_REGION_LENGTH__)?__SIGNATURE_REGION_LENGTH__:0x400
                0x00000400                __USER_SIGNATURE_REGION_LENGTH__ = DEFINED (__USER_SIGNATURE_REGION_LENGTH__)?__USER_SIGNATURE_REGION_LENGTH__:0x400

.hash
 *(.hash)

.dynsym
 *(.dynsym)

.dynstr
 *(.dynstr)

.gnu.version
 *(.gnu.version)

.gnu.version_d
 *(.gnu.version_d)

.gnu.version_r
 *(.gnu.version_r)

.rel.init
 *(.rel.init)

.rela.init
 *(.rela.init)

.rel.text
 *(.rel.text)
 *(.rel.text.*)
 *(.rel.gnu.linkonce.t*)

.rela.text
 *(.rela.text)
 *(.rela.text.*)
 *(.rela.gnu.linkonce.t*)

.rel.fini
 *(.rel.fini)

.rela.fini
 *(.rela.fini)

.rel.rodata
 *(.rel.rodata)
 *(.rel.rodata.*)
 *(.rel.gnu.linkonce.r*)

.rela.rodata
 *(.rela.rodata)
 *(.rela.rodata.*)
 *(.rela.gnu.linkonce.r*)

.rel.data
 *(.rel.data)
 *(.rel.data.*)
 *(.rel.gnu.linkonce.d*)

.rela.data
 *(.rela.data)
 *(.rela.data.*)
 *(.rela.gnu.linkonce.d*)

.rel.ctors
 *(.rel.ctors)

.rela.ctors
 *(.rela.ctors)

.rel.dtors
 *(.rel.dtors)

.rela.dtors
 *(.rela.dtors)

.rel.got
 *(.rel.got)

.rela.got
 *(.rela.got)

.rel.bss
 *(.rel.bss)

.rela.bss
 *(.rela.bss)

.rel.plt
 *(.rel.plt)

.rela.plt
 *(.rela.plt)

.text           0x00000000     0x5334
 *(.vectors)
 .vectors       0x00000000       0xe4 D:/Program Files (x86)/Atmel/Studio/7.0/Packs/atmel/ATmega_DFP/1.2.209/gcc/dev/atmega2560/avr6/crtatmega2560.o
                0x00000000                __vector_default
                0x00000000                __vectors
 *(.vectors)
 *(.progmem.gcc*)
 .progmem.gcc_sw_table
                0x000000e4       0x14 FreeRTOS/src/timers.o
 .progmem.gcc_sw_table.__vector_39
                0x000000f8       0xa2 ../Drivers\libIotLibrary.a(twi.o)
                0x0000019a                . = ALIGN (0x2)
                0x0000019a                __trampolines_start = .
 *(.trampolines)
 .trampolines   0x0000019a        0x0 linker stubs
 *(.trampolines*)
                0x0000019a                __trampolines_end = .
 *libprintf_flt.a:*(.progmem.data)
 *libc.a:*(.progmem.data)
 *(.progmem*)
                0x0000019a                . = ALIGN (0x2)
 *(.jumptables)
 *(.jumptables*)
 *(.lowtext)
 .lowtext       0x0000019a       0x6c FreeRTOS/src/tasks.o
 .lowtext       0x00000206      0x206 FreeRTOS/src/timers.o
 *(.lowtext*)
                0x0000040c                __ctors_start = .
 *(.ctors)
                0x0000040c                __ctors_end = .
                0x0000040c                __dtors_start = .
 *(.dtors)
                0x0000040c                __dtors_end = .
 SORT(*)(.ctors)
 SORT(*)(.dtors)
 *(.init0)
 .init0         0x0000040c        0x0 D:/Program Files (x86)/Atmel/Studio/7.0/Packs/atmel/ATmega_DFP/1.2.209/gcc/dev/atmega2560/avr6/crtatmega2560.o
                0x0000040c                __init
 *(.init0)
 *(.init1)
 *(.init1)
 *(.init2)
 .init2         0x0000040c       0x10 D:/Program Files (x86)/Atmel/Studio/7.0/Packs/atmel/ATmega_DFP/1.2.209/gcc/dev/atmega2560/avr6/crtatmega2560.o
 *(.init2)
 *(.init3)
 *(.init3)
 *(.init4)
 .init4         0x0000041c       0x1a d:/program files (x86)/atmel/studio/7.0/toolchain/avr8/avr8-gnu-toolchain/bin/../lib/gcc/avr/5.4.0/avr6\libgcc.a(_copy_data.o)
                0x0000041c                __do_copy_data
 .init4         0x00000436       0x10 d:/program files (x86)/atmel/studio/7.0/toolchain/avr8/avr8-gnu-toolchain/bin/../lib/gcc/avr/5.4.0/avr6\libgcc.a(_clear_bss.o)
                0x00000436                __do_clear_bss
 *(.init4)
 *(.init5)
 *(.init5)
 *(.init6)
 *(.init6)
 *(.init7)
 *(.init7)
 *(.init8)
 *(.init8)
 *(.init9)
 .init9         0x00000446        0x8 D:/Program Files (x86)/Atmel/Studio/7.0/Packs/atmel/ATmega_DFP/1.2.209/gcc/dev/atmega2560/avr6/crtatmega2560.o
 *(.init9)
 *(.text)
 .text          0x0000044e        0x2 D:/Program Files (x86)/Atmel/Studio/7.0/Packs/atmel/ATmega_DFP/1.2.209/gcc/dev/atmega2560/avr6/crtatmega2560.o
                0x0000044e                __vector_38
                0x0000044e                __vector_22
                0x0000044e                __vector_28
                0x0000044e                __vector_1
                0x0000044e                __vector_32
                0x0000044e                __vector_34
                0x0000044e                __vector_24
                0x0000044e                __vector_46
                0x0000044e                __bad_interrupt
                0x0000044e                __vector_6
                0x0000044e                __vector_31
                0x0000044e                __vector_35
                0x0000044e                __vector_3
                0x0000044e                __vector_23
                0x0000044e                __vector_30
                0x0000044e                __vector_45
                0x0000044e                __vector_11
                0x0000044e                __vector_13
                0x0000044e                __vector_17
                0x0000044e                __vector_19
                0x0000044e                __vector_56
                0x0000044e                __vector_7
                0x0000044e                __vector_49
                0x0000044e                __vector_41
                0x0000044e                __vector_43
                0x0000044e                __vector_27
                0x0000044e                __vector_5
                0x0000044e                __vector_33
                0x0000044e                __vector_47
                0x0000044e                __vector_4
                0x0000044e                __vector_44
                0x0000044e                __vector_9
                0x0000044e                __vector_2
                0x0000044e                __vector_21
                0x0000044e                __vector_15
                0x0000044e                __vector_29
                0x0000044e                __vector_40
                0x0000044e                __vector_8
                0x0000044e                __vector_48
                0x0000044e                __vector_14
                0x0000044e                __vector_53
                0x0000044e                __vector_10
                0x0000044e                __vector_50
                0x0000044e                __vector_16
                0x0000044e                __vector_18
                0x0000044e                __vector_20
                0x0000044e                __vector_42
                0x00000450                . = ALIGN (0x2)
 *(.text.*)
 .text.co2_callback
                0x00000450       0x22 co2Sensor.o
                0x00000450                co2_callback
 .text.co2_sensor_init
                0x00000472        0xc co2Sensor.o
                0x00000472                co2_sensor_init
 .text.co2_measure
                0x0000047e       0x1a co2Sensor.o
                0x0000047e                co2_measure
 .text.co2_get_value
                0x00000498        0xe co2Sensor.o
                0x00000498                co2_get_value
 .text.trace_init
                0x000004a6        0xc FreeRTOS/FreeRTOSTraceDriver/FreeRTOSTraceDriver.o
                0x000004a6                trace_init
 .text.task_switch_in
                0x000004b2       0x14 FreeRTOS/FreeRTOSTraceDriver/FreeRTOSTraceDriver.o
                0x000004b2                task_switch_in
 .text.task_switch_out
                0x000004c6        0xc FreeRTOS/FreeRTOSTraceDriver/FreeRTOSTraceDriver.o
                0x000004c6                task_switch_out
 .text.pvPortMalloc
                0x000004d2       0x26 FreeRTOS/src/heap_3.o
                0x000004d2                pvPortMalloc
 .text.vPortFree
                0x000004f8       0x1e FreeRTOS/src/heap_3.o
                0x000004f8                vPortFree
 .text.vListInitialise
                0x00000516       0x1c FreeRTOS/src/list.o
                0x00000516                vListInitialise
 .text.vListInitialiseItem
                0x00000532        0x8 FreeRTOS/src/list.o
                0x00000532                vListInitialiseItem
 .text.vListInsertEnd
                0x0000053a       0x42 FreeRTOS/src/list.o
                0x0000053a                vListInsertEnd
 .text.vListInsert
                0x0000057c       0x62 FreeRTOS/src/list.o
                0x0000057c                vListInsert
 .text.uxListRemove
                0x000005de       0x4e FreeRTOS/src/list.o
                0x000005de                uxListRemove
 .text.pxPortInitialiseStack
                0x0000062c       0xe4 FreeRTOS/src/port.o
                0x0000062c                pxPortInitialiseStack
 .text.xPortStartScheduler
                0x00000710       0x78 FreeRTOS/src/port.o
                0x00000710                xPortStartScheduler
 .text.vPortYield
                0x00000788       0xc2 FreeRTOS/src/port.o
                0x00000788                vPortYield
 .text.vPortYieldFromTick
                0x0000084a       0xc8 FreeRTOS/src/port.o
                0x0000084a                vPortYieldFromTick
 .text.__vector_12
                0x00000912        0x4 FreeRTOS/src/port.o
                0x00000912                __vector_12
 .text.prvIsQueueEmpty
                0x00000916       0x16 FreeRTOS/src/queue.o
 .text.prvCopyDataToQueue
                0x0000092c       0xbe FreeRTOS/src/queue.o
 .text.prvCopyDataFromQueue
                0x000009ea       0x34 FreeRTOS/src/queue.o
 .text.prvUnlockQueue
                0x00000a1e       0x9a FreeRTOS/src/queue.o
 .text.xQueueGenericReset
                0x00000ab8       0x86 FreeRTOS/src/queue.o
                0x00000ab8                xQueueGenericReset
 .text.xQueueGenericCreate
                0x00000b3e       0x5c FreeRTOS/src/queue.o
                0x00000b3e                xQueueGenericCreate
 .text.xQueueGenericSend
                0x00000b9a      0x12a FreeRTOS/src/queue.o
                0x00000b9a                xQueueGenericSend
 .text.xQueueCreateMutex
                0x00000cc4       0x30 FreeRTOS/src/queue.o
                0x00000cc4                xQueueCreateMutex
 .text.xQueueGenericSendFromISR
                0x00000cf4       0x70 FreeRTOS/src/queue.o
                0x00000cf4                xQueueGenericSendFromISR
 .text.xQueueReceive
                0x00000d64      0x112 FreeRTOS/src/queue.o
                0x00000d64                xQueueReceive
 .text.xQueueSemaphoreTake
                0x00000e76      0x178 FreeRTOS/src/queue.o
                0x00000e76                xQueueSemaphoreTake
 .text.vQueueWaitForMessageRestricted
                0x00000fee       0x36 FreeRTOS/src/queue.o
                0x00000fee                vQueueWaitForMessageRestricted
 .text.prvBytesInBuffer
                0x00001024       0x26 FreeRTOS/src/stream_buffer.o
 .text.prvWriteBytesToBuffer
                0x0000104a       0x92 FreeRTOS/src/stream_buffer.o
 .text.prvWriteMessageToBuffer
                0x000010dc       0x80 FreeRTOS/src/stream_buffer.o
 .text.prvReadBytesFromBuffer
                0x0000115c       0x9c FreeRTOS/src/stream_buffer.o
 .text.xStreamBufferGenericCreate
                0x000011f8       0x58 FreeRTOS/src/stream_buffer.o
                0x000011f8                xStreamBufferGenericCreate
 .text.xStreamBufferReset
                0x00001250       0x5a FreeRTOS/src/stream_buffer.o
                0x00001250                xStreamBufferReset
 .text.xStreamBufferSpacesAvailable
                0x000012aa       0x24 FreeRTOS/src/stream_buffer.o
                0x000012aa                xStreamBufferSpacesAvailable
 .text.xStreamBufferSendFromISR
                0x000012ce       0x84 FreeRTOS/src/stream_buffer.o
                0x000012ce                xStreamBufferSendFromISR
 .text.xStreamBufferReceive
                0x00001352      0x134 FreeRTOS/src/stream_buffer.o
                0x00001352                xStreamBufferReceive
 .text.prvResetNextTaskUnblockTime
                0x00001486       0x3e FreeRTOS/src/tasks.o
 .text.prvAddCurrentTaskToDelayedList
                0x000014c4       0xa8 FreeRTOS/src/tasks.o
 .text.xTaskCreate
                0x0000156c      0x23c FreeRTOS/src/tasks.o
                0x0000156c                xTaskCreate
 .text.vTaskStartScheduler
                0x000017a8       0x66 FreeRTOS/src/tasks.o
                0x000017a8                vTaskStartScheduler
 .text.vTaskSuspendAll
                0x0000180e        0xc FreeRTOS/src/tasks.o
                0x0000180e                vTaskSuspendAll
 .text.xTaskGetTickCount
                0x0000181a       0x14 FreeRTOS/src/tasks.o
                0x0000181a                xTaskGetTickCount
 .text.xTaskIncrementTick
                0x0000182e      0x174 FreeRTOS/src/tasks.o
                0x0000182e                xTaskIncrementTick
 .text.xTaskResumeAll
                0x000019a2       0xfa FreeRTOS/src/tasks.o
                0x000019a2                xTaskResumeAll
 .text.vTaskDelay
                0x00001a9c       0x22 FreeRTOS/src/tasks.o
                0x00001a9c                vTaskDelay
 .text.vTaskSwitchContext
                0x00001abe      0x11c FreeRTOS/src/tasks.o
                0x00001abe                vTaskSwitchContext
 .text.vTaskPlaceOnEventList
                0x00001bda       0x22 FreeRTOS/src/tasks.o
                0x00001bda                vTaskPlaceOnEventList
 .text.vTaskPlaceOnEventListRestricted
                0x00001bfc       0x30 FreeRTOS/src/tasks.o
                0x00001bfc                vTaskPlaceOnEventListRestricted
 .text.xTaskRemoveFromEventList
                0x00001c2c       0x90 FreeRTOS/src/tasks.o
                0x00001c2c                xTaskRemoveFromEventList
 .text.vTaskInternalSetTimeOutState
                0x00001cbc       0x16 FreeRTOS/src/tasks.o
                0x00001cbc                vTaskInternalSetTimeOutState
 .text.xTaskCheckForTimeOut
                0x00001cd2       0x6a FreeRTOS/src/tasks.o
                0x00001cd2                xTaskCheckForTimeOut
 .text.vTaskMissedYield
                0x00001d3c        0x8 FreeRTOS/src/tasks.o
                0x00001d3c                vTaskMissedYield
 .text.xTaskGetCurrentTaskHandle
                0x00001d44        0xa FreeRTOS/src/tasks.o
                0x00001d44                xTaskGetCurrentTaskHandle
 .text.xTaskGetSchedulerState
                0x00001d4e       0x1c FreeRTOS/src/tasks.o
                0x00001d4e                xTaskGetSchedulerState
 .text.xTaskPriorityInherit
                0x00001d6a       0xe4 FreeRTOS/src/tasks.o
                0x00001d6a                xTaskPriorityInherit
 .text.xTaskPriorityDisinherit
                0x00001e4e       0x80 FreeRTOS/src/tasks.o
                0x00001e4e                xTaskPriorityDisinherit
 .text.vTaskPriorityDisinheritAfterTimeout
                0x00001ece       0xa0 FreeRTOS/src/tasks.o
                0x00001ece                vTaskPriorityDisinheritAfterTimeout
 .text.pvTaskIncrementMutexHeldCount
                0x00001f6e       0x24 FreeRTOS/src/tasks.o
                0x00001f6e                pvTaskIncrementMutexHeldCount
 .text.xTaskNotifyWait
                0x00001f92      0x106 FreeRTOS/src/tasks.o
                0x00001f92                xTaskNotifyWait
 .text.xTaskGenericNotify
                0x00002098       0xfc FreeRTOS/src/tasks.o
                0x00002098                xTaskGenericNotify
 .text.xTaskGenericNotifyFromISR
                0x00002194      0x120 FreeRTOS/src/tasks.o
                0x00002194                xTaskGenericNotifyFromISR
 .text.xTaskNotifyStateClear
                0x000022b4       0x28 FreeRTOS/src/tasks.o
                0x000022b4                xTaskNotifyStateClear
 .text.prvInsertTimerInActiveList
                0x000022dc       0x5e FreeRTOS/src/timers.o
 .text.prvCheckForValidListAndQueue
                0x0000233a       0x52 FreeRTOS/src/timers.o
 .text.xTimerCreateTimerTask
                0x0000238c       0x40 FreeRTOS/src/timers.o
                0x0000238c                xTimerCreateTimerTask
 .text.xTimerCreate
                0x000023cc       0x6c FreeRTOS/src/timers.o
                0x000023cc                xTimerCreate
 .text.xTimerGenericCommand
                0x00002438       0x8e FreeRTOS/src/timers.o
                0x00002438                xTimerGenericCommand
 .text.prvSampleTimeNow
                0x000024c6       0xdc FreeRTOS/src/timers.o
 .text.vApplicationIdleHook
                0x000025a2        0x2 FreeRTOS/src/variantHooks.o
                0x000025a2                vApplicationIdleHook
 .text.vApplicationMallocFailedHook
                0x000025a4       0x1a FreeRTOS/src/variantHooks.o
                0x000025a4                vApplicationMallocFailedHook
 .text.vApplicationStackOverflowHook
                0x000025be       0x1a FreeRTOS/src/variantHooks.o
                0x000025be                vApplicationStackOverflowHook
 .text.main     0x000025d8       0x4c main.o
                0x000025d8                main
 .text.lora_init
                0x00002624        0xa myLora.o
                0x00002624                lora_init
 .text.lora_start
                0x0000262e       0xc4 myLora.o
                0x0000262e                lora_start
 .text.lora_send_data
                0x000026f2       0xb4 myLora.o
                0x000026f2                lora_send_data
 .text.semaphores_init
                0x000027a6       0xa2 mySemaphores.o
                0x000027a6                semaphores_init
 .text.start_cycle_task
                0x00002848       0x66 myTasks.o
                0x00002848                start_cycle_task
 .text.co2_measure_task
                0x000028ae       0x4c myTasks.o
                0x000028ae                co2_measure_task
 .text.temp_hum_measure_task
                0x000028fa       0x4a myTasks.o
                0x000028fa                temp_hum_measure_task
 .text.lora_send_data_task
                0x00002944       0x52 myTasks.o
                0x00002944                lora_send_data_task
 .text.create_tasks
                0x00002996       0x92 myTasks.o
                0x00002996                create_tasks
 .text.restart_cycle_timer_callback
                0x00002a28       0x60 myTimers.o
                0x00002a28                restart_cycle_timer_callback
 .text.co2_timer_callback
                0x00002a88       0x82 myTimers.o
                0x00002a88                co2_timer_callback
 .text.temp_hum_timer_callback
                0x00002b0a       0x82 myTimers.o
                0x00002b0a                temp_hum_timer_callback
 .text.lora_timer_callback
                0x00002b8c       0x82 myTimers.o
                0x00002b8c                lora_timer_callback
 .text.timers_init
                0x00002c0e       0x7a myTimers.o
                0x00002c0e                timers_init
 .text.temp_hum_sensor_init
                0x00002c88       0x10 temp_humSensor.o
                0x00002c88                temp_hum_sensor_init
 .text.temp_hum_measure
                0x00002c98       0x56 temp_humSensor.o
                0x00002c98                temp_hum_measure
 .text.temp_get_value
                0x00002cee        0x4 temp_humSensor.o
                0x00002cee                temp_get_value
 .text.hum_get_value
                0x00002cf2        0x4 temp_humSensor.o
                0x00002cf2                hum_get_value
 .text.hal_create
                0x00002cf6       0x64 ../Drivers\libIotLibrary.a(hal.o)
                0x00002cf6                hal_create
 .text._hihTwiCallback
                0x00002d5a       0x5a ../Drivers\libIotLibrary.a(hih8120.o)
 .text.hih8120Create
                0x00002db4       0x30 ../Drivers\libIotLibrary.a(hih8120.o)
                0x00002db4                hih8120Create
 .text.hih8120Wakeup
                0x00002de4       0x2a ../Drivers\libIotLibrary.a(hih8120.o)
                0x00002de4                hih8120Wakeup
 .text.hih8120Meassure
                0x00002e0e       0x22 ../Drivers\libIotLibrary.a(hih8120.o)
                0x00002e0e                hih8120Meassure
 .text.hih8120GetHumidity
                0x00002e30       0x2a ../Drivers\libIotLibrary.a(hih8120.o)
                0x00002e30                hih8120GetHumidity
 .text.hih8120GetHumidityPercent_x10
                0x00002e5a       0x16 ../Drivers\libIotLibrary.a(hih8120.o)
                0x00002e5a                hih8120GetHumidityPercent_x10
 .text.hih8120GetTemperature
                0x00002e70       0x36 ../Drivers\libIotLibrary.a(hih8120.o)
                0x00002e70                hih8120GetTemperature
 .text.hih8120GetTemperature_x10
                0x00002ea6       0x16 ../Drivers\libIotLibrary.a(hih8120.o)
                0x00002ea6                hih8120GetTemperature_x10
 .text._turn_off
                0x00002ebc       0x5c ../Drivers\libIotLibrary.a(led.o)
 .text._turn_on
                0x00002f18       0x5c ../Drivers\libIotLibrary.a(led.o)
 .text._hal_led_task
                0x00002f74       0x88 ../Drivers\libIotLibrary.a(led.o)
 .text.led_create
                0x00002ffc      0x10a ../Drivers\libIotLibrary.a(led.o)
                0x00002ffc                led_create
 .text._serial_call_back
                0x00003106       0x8c ../Drivers\libIotLibrary.a(lora_driver.o)
 .text._upload_message
                0x00003192       0xb0 ../Drivers\libIotLibrary.a(lora_driver.o)
 .text._reply2return_code
                0x00003242       0x76 ../Drivers\libIotLibrary.a(lora_driver.o)
 .text._upload_message_rc
                0x000032b8        0x6 ../Drivers\libIotLibrary.a(lora_driver.o)
 .text.lora_driver_flush_buffers
                0x000032be        0xe ../Drivers\libIotLibrary.a(lora_driver.o)
                0x000032be                lora_driver_flush_buffers
 .text.lora_driver_create
                0x000032cc       0x78 ../Drivers\libIotLibrary.a(lora_driver.o)
                0x000032cc                lora_driver_create
 .text.lora_driver_reset_rn2483
                0x00003344       0x28 ../Drivers\libIotLibrary.a(lora_driver.o)
                0x00003344                lora_driver_reset_rn2483
 .text.lora_driver_rn2483_factory_reset
                0x0000336c       0x24 ../Drivers\libIotLibrary.a(lora_driver.o)
                0x0000336c                lora_driver_rn2483_factory_reset
 .text.lora_driver_get_rn2483_hweui
                0x00003390       0x38 ../Drivers\libIotLibrary.a(lora_driver.o)
                0x00003390                lora_driver_get_rn2483_hweui
 .text.lora_driver_set_device_identifier
                0x000033c8       0x22 ../Drivers\libIotLibrary.a(lora_driver.o)
                0x000033c8                lora_driver_set_device_identifier
 .text.lora_driver_set_application_identifier
                0x000033ea       0x22 ../Drivers\libIotLibrary.a(lora_driver.o)
                0x000033ea                lora_driver_set_application_identifier
 .text.lora_driver_set_application_key
                0x0000340c       0x22 ../Drivers\libIotLibrary.a(lora_driver.o)
                0x0000340c                lora_driver_set_application_key
 .text.lora_driver_save_mac
                0x0000342e        0xc ../Drivers\libIotLibrary.a(lora_driver.o)
                0x0000342e                lora_driver_save_mac
 .text.lora_driver_join
                0x0000343a       0x46 ../Drivers\libIotLibrary.a(lora_driver.o)
                0x0000343a                lora_driver_join
 .text.lora_driver_sent_upload_message
                0x00003480      0x130 ../Drivers\libIotLibrary.a(lora_driver.o)
                0x00003480                lora_driver_sent_upload_message
 .text.lora_driver_set_adaptive_data_rate
                0x000035b0       0x16 ../Drivers\libIotLibrary.a(lora_driver.o)
                0x000035b0                lora_driver_set_adaptive_data_rate
 .text.lora_driver_configure_to_eu868
                0x000035c6      0x1bc ../Drivers\libIotLibrary.a(lora_driver.o)
                0x000035c6                lora_driver_configure_to_eu868
 .text.lora_driver_set_otaa_identity
                0x00003782       0x42 ../Drivers\libIotLibrary.a(lora_driver.o)
                0x00003782                lora_driver_set_otaa_identity
 .text.lora_driver_map_return_code_to_text
                0x000037c4       0x18 ../Drivers\libIotLibrary.a(lora_driver.o)
                0x000037c4                lora_driver_map_return_code_to_text
 .text.decode_port_no
                0x000037dc       0x58 ../Drivers\libIotLibrary.a(lora_driver_utils.o)
                0x000037dc                decode_port_no
 .text.decode_hexadecimal_string_bytes
                0x00003834       0x92 ../Drivers\libIotLibrary.a(lora_driver_utils.o)
                0x00003834                decode_hexadecimal_string_bytes
 .text.reg_read_register
                0x000038c6        0x6 ../Drivers\libIotLibrary.a(mega_register_access.o)
                0x000038c6                reg_read_register
 .text.reg_read_bit
                0x000038cc       0x16 ../Drivers\libIotLibrary.a(mega_register_access.o)
                0x000038cc                reg_read_bit
 .text.reg_read_bits
                0x000038e2        0x8 ../Drivers\libIotLibrary.a(mega_register_access.o)
                0x000038e2                reg_read_bits
 .text.reg_set_register
                0x000038ea        0x6 ../Drivers\libIotLibrary.a(mega_register_access.o)
                0x000038ea                reg_set_register
 .text.reg_clear_register
                0x000038f0        0x6 ../Drivers\libIotLibrary.a(mega_register_access.o)
                0x000038f0                reg_clear_register
 .text.reg_set_bit
                0x000038f6       0x18 ../Drivers\libIotLibrary.a(mega_register_access.o)
                0x000038f6                reg_set_bit
 .text.reg_set_bits
                0x0000390e        0xa ../Drivers\libIotLibrary.a(mega_register_access.o)
                0x0000390e                reg_set_bits
 .text.reg_toggle_bit
                0x00003918       0x18 ../Drivers\libIotLibrary.a(mega_register_access.o)
                0x00003918                reg_toggle_bit
 .text.reg_toggle_bits
                0x00003930        0xa ../Drivers\libIotLibrary.a(mega_register_access.o)
                0x00003930                reg_toggle_bits
 .text.reg_clear_bit
                0x0000393a       0x1a ../Drivers\libIotLibrary.a(mega_register_access.o)
                0x0000393a                reg_clear_bit
 .text.reg_clear_bits
                0x00003954        0xc ../Drivers\libIotLibrary.a(mega_register_access.o)
                0x00003954                reg_clear_bits
 .text._serial_call_back
                0x00003960       0xb6 ../Drivers\libIotLibrary.a(mh_z19.o)
 .text.mh_z19_create
                0x00003a16       0x5c ../Drivers\libIotLibrary.a(mh_z19.o)
                0x00003a16                mh_z19_create
 .text.mh_z19_take_meassuring
                0x00003a72       0x5e ../Drivers\libIotLibrary.a(mh_z19.o)
                0x00003a72                mh_z19_take_meassuring
 .text.serial_new_instance
                0x00003ad0      0x12c ../Drivers\libIotLibrary.a(serial.o)
                0x00003ad0                serial_new_instance
 .text.serial_send_byte
                0x00003bfc       0x4a ../Drivers\libIotLibrary.a(serial.o)
                0x00003bfc                serial_send_byte
 .text.serial_send_bytes
                0x00003c46       0xa0 ../Drivers\libIotLibrary.a(serial.o)
                0x00003c46                serial_send_bytes
 .text.serial_get_byte
                0x00003ce6       0x38 ../Drivers\libIotLibrary.a(serial.o)
                0x00003ce6                serial_get_byte
 .text.__vector_25
                0x00003d1e       0xa4 ../Drivers\libIotLibrary.a(serial.o)
                0x00003d1e                __vector_25
 .text.__vector_26
                0x00003dc2       0x88 ../Drivers\libIotLibrary.a(serial.o)
                0x00003dc2                __vector_26
 .text.__vector_36
                0x00003e4a       0xa4 ../Drivers\libIotLibrary.a(serial.o)
                0x00003e4a                __vector_36
 .text.__vector_37
                0x00003eee       0x88 ../Drivers\libIotLibrary.a(serial.o)
                0x00003eee                __vector_37
 .text.__vector_51
                0x00003f76       0xa4 ../Drivers\libIotLibrary.a(serial.o)
                0x00003f76                __vector_51
 .text.__vector_52
                0x0000401a       0x88 ../Drivers\libIotLibrary.a(serial.o)
                0x0000401a                __vector_52
 .text.__vector_54
                0x000040a2       0xa4 ../Drivers\libIotLibrary.a(serial.o)
                0x000040a2                __vector_54
 .text.__vector_55
                0x00004146       0x88 ../Drivers\libIotLibrary.a(serial.o)
                0x00004146                __vector_55
 .text.usart_getchar
                0x000041ce       0x2a ../Drivers\libIotLibrary.a(stdio_driver.o)
 .text.usart_putchar
                0x000041f8       0x12 ../Drivers\libIotLibrary.a(stdio_driver.o)
 .text.stdioCreate
                0x0000420a       0x52 ../Drivers\libIotLibrary.a(stdio_driver.o)
                0x0000420a                stdioCreate
 .text._initTwiInterface
                0x0000425c       0x22 ../Drivers\libIotLibrary.a(twi.o)
 .text.twiCreate
                0x0000427e       0x9a ../Drivers\libIotLibrary.a(twi.o)
                0x0000427e                twiCreate
 .text.twiIsBusy
                0x00004318        0x8 ../Drivers\libIotLibrary.a(twi.o)
                0x00004318                twiIsBusy
 .text.twiTransmit
                0x00004320       0x98 ../Drivers\libIotLibrary.a(twi.o)
                0x00004320                twiTransmit
 .text.twiReceive
                0x000043b8       0x66 ../Drivers\libIotLibrary.a(twi.o)
                0x000043b8                twiReceive
 .text.__vector_39
                0x0000441e      0x17a ../Drivers\libIotLibrary.a(twi.o)
                0x0000441e                __vector_39
 .text.fifo_init
                0x00004598       0x38 ../Drivers\libIotLibrary.a(fifo.o)
                0x00004598                fifo_init
 .text.avr-libc.fplib
                0x000045d0        0xa d:/program files (x86)/atmel/studio/7.0/toolchain/avr8/avr8-gnu-toolchain/bin/../lib/gcc/avr/5.4.0/../../../../avr/lib/avr6\libm.a(addsf3.o)
                0x000045d0                __subsf3
                0x000045d2                __addsf3
 .text.avr-libc.fplib
                0x000045da       0xc0 d:/program files (x86)/atmel/studio/7.0/toolchain/avr8/avr8-gnu-toolchain/bin/../lib/gcc/avr/5.4.0/../../../../avr/lib/avr6\libm.a(addsf3x.o)
                0x000045f4                __addsf3x
 .text.avr-libc.fplib
                0x0000469a        0x4 d:/program files (x86)/atmel/studio/7.0/toolchain/avr8/avr8-gnu-toolchain/bin/../lib/gcc/avr/5.4.0/../../../../avr/lib/avr6\libm.a(divsf3.o)
                0x0000469a                __divsf3
 .text.avr-libc.fplib
                0x0000469e       0xcc d:/program files (x86)/atmel/studio/7.0/toolchain/avr8/avr8-gnu-toolchain/bin/../lib/gcc/avr/5.4.0/../../../../avr/lib/avr6\libm.a(divsf3x.o)
                0x000046b4                __divsf3x
                0x000046b8                __divsf3_pse
 .text.avr-libc.fplib
                0x0000476a        0xa d:/program files (x86)/atmel/studio/7.0/toolchain/avr8/avr8-gnu-toolchain/bin/../lib/gcc/avr/5.4.0/../../../../avr/lib/avr6\libm.a(fixsfsi.o)
                0x0000476a                __fixsfsi
 .text.avr-libc.fplib
                0x00004774       0x58 d:/program files (x86)/atmel/studio/7.0/toolchain/avr8/avr8-gnu-toolchain/bin/../lib/gcc/avr/5.4.0/../../../../avr/lib/avr6\libm.a(fixunssfsi.o)
                0x00004774                __fixunssfsi
 .text.avr-libc.fplib
                0x000047cc       0x7a d:/program files (x86)/atmel/studio/7.0/toolchain/avr8/avr8-gnu-toolchain/bin/../lib/gcc/avr/5.4.0/../../../../avr/lib/avr6\libm.a(floatsisf.o)
                0x000047cc                __floatunsisf
                0x000047d0                __floatsisf
 .text.avr-libc.fplib
                0x00004846        0xc d:/program files (x86)/atmel/studio/7.0/toolchain/avr8/avr8-gnu-toolchain/bin/../lib/gcc/avr/5.4.0/../../../../avr/lib/avr6\libm.a(fp_inf.o)
                0x00004846                __fp_inf
 .text.avr-libc.fplib
                0x00004852        0x6 d:/program files (x86)/atmel/studio/7.0/toolchain/avr8/avr8-gnu-toolchain/bin/../lib/gcc/avr/5.4.0/../../../../avr/lib/avr6\libm.a(fp_nan.o)
                0x00004852                __fp_nan
 .text.avr-libc.fplib
                0x00004858        0xe d:/program files (x86)/atmel/studio/7.0/toolchain/avr8/avr8-gnu-toolchain/bin/../lib/gcc/avr/5.4.0/../../../../avr/lib/avr6\libm.a(fp_pscA.o)
                0x00004858                __fp_pscA
 .text.avr-libc.fplib
                0x00004866        0xe d:/program files (x86)/atmel/studio/7.0/toolchain/avr8/avr8-gnu-toolchain/bin/../lib/gcc/avr/5.4.0/../../../../avr/lib/avr6\libm.a(fp_pscB.o)
                0x00004866                __fp_pscB
 .text.avr-libc.fplib
                0x00004874       0x22 d:/program files (x86)/atmel/studio/7.0/toolchain/avr8/avr8-gnu-toolchain/bin/../lib/gcc/avr/5.4.0/../../../../avr/lib/avr6\libm.a(fp_round.o)
                0x00004874                __fp_round
 .text.avr-libc.fplib
                0x00004896       0x44 d:/program files (x86)/atmel/studio/7.0/toolchain/avr8/avr8-gnu-toolchain/bin/../lib/gcc/avr/5.4.0/../../../../avr/lib/avr6\libm.a(fp_split3.o)
                0x00004896                __fp_split3
                0x000048a6                __fp_splitA
 .text.avr-libc.fplib
                0x000048da        0xe d:/program files (x86)/atmel/studio/7.0/toolchain/avr8/avr8-gnu-toolchain/bin/../lib/gcc/avr/5.4.0/../../../../avr/lib/avr6\libm.a(fp_zero.o)
                0x000048da                __fp_zero
                0x000048dc                __fp_szero
 .text.avr-libc.fplib
                0x000048e8        0x4 d:/program files (x86)/atmel/studio/7.0/toolchain/avr8/avr8-gnu-toolchain/bin/../lib/gcc/avr/5.4.0/../../../../avr/lib/avr6\libm.a(mulsf3.o)
                0x000048e8                __mulsf3
 .text.avr-libc.fplib
                0x000048ec       0xc2 d:/program files (x86)/atmel/studio/7.0/toolchain/avr8/avr8-gnu-toolchain/bin/../lib/gcc/avr/5.4.0/../../../../avr/lib/avr6\libm.a(mulsf3x.o)
                0x00004900                __mulsf3x
                0x00004904                __mulsf3_pse
 .text.libgcc.div
                0x000049ae       0x44 d:/program files (x86)/atmel/studio/7.0/toolchain/avr8/avr8-gnu-toolchain/bin/../lib/gcc/avr/5.4.0/avr6\libgcc.a(_udivmodsi4.o)
                0x000049ae                __udivmodsi4
 .text.libgcc   0x000049f2       0x10 d:/program files (x86)/atmel/studio/7.0/toolchain/avr8/avr8-gnu-toolchain/bin/../lib/gcc/avr/5.4.0/avr6\libgcc.a(_tablejump2.o)
                0x000049f2                __tablejump2__
 .text.avr-libc
                0x00004a02       0x34 d:/program files (x86)/atmel/studio/7.0/toolchain/avr8/avr8-gnu-toolchain/bin/../lib/gcc/avr/5.4.0/../../../../avr/lib/avr6\libc.a(calloc.o)
                0x00004a02                calloc
 .text.avr-libc
                0x00004a36      0x242 d:/program files (x86)/atmel/studio/7.0/toolchain/avr8/avr8-gnu-toolchain/bin/../lib/gcc/avr/5.4.0/../../../../avr/lib/avr6\libc.a(malloc.o)
                0x00004a36                malloc
                0x00004b66                free
 .text.avr-libc
                0x00004c78        0x8 d:/program files (x86)/atmel/studio/7.0/toolchain/avr8/avr8-gnu-toolchain/bin/../lib/gcc/avr/5.4.0/../../../../avr/lib/avr6\libc.a(abort.o)
                0x00004c78                abort
 .text.avr-libc
                0x00004c80       0x12 d:/program files (x86)/atmel/studio/7.0/toolchain/avr8/avr8-gnu-toolchain/bin/../lib/gcc/avr/5.4.0/../../../../avr/lib/avr6\libc.a(memcpy.o)
                0x00004c80                memcpy
 .text.avr-libc
                0x00004c92        0xe d:/program files (x86)/atmel/studio/7.0/toolchain/avr8/avr8-gnu-toolchain/bin/../lib/gcc/avr/5.4.0/../../../../avr/lib/avr6\libc.a(memset.o)
                0x00004c92                memset
 .text.avr-libc
                0x00004ca0       0x16 d:/program files (x86)/atmel/studio/7.0/toolchain/avr8/avr8-gnu-toolchain/bin/../lib/gcc/avr/5.4.0/../../../../avr/lib/avr6\libc.a(strcat.o)
                0x00004ca0                strcat
 .text.avr-libc
                0x00004cb6        0xe d:/program files (x86)/atmel/studio/7.0/toolchain/avr8/avr8-gnu-toolchain/bin/../lib/gcc/avr/5.4.0/../../../../avr/lib/avr6\libc.a(strcpy.o)
                0x00004cb6                strcpy
 .text.avr-libc
                0x00004cc4       0x30 d:/program files (x86)/atmel/studio/7.0/toolchain/avr8/avr8-gnu-toolchain/bin/../lib/gcc/avr/5.4.0/../../../../avr/lib/avr6\libc.a(strncasecmp.o)
                0x00004cc4                strncasecmp
 .text.avr-libc
                0x00004cf4       0x26 d:/program files (x86)/atmel/studio/7.0/toolchain/avr8/avr8-gnu-toolchain/bin/../lib/gcc/avr/5.4.0/../../../../avr/lib/avr6\libc.a(printf.o)
                0x00004cf4                printf
 .text.avr-libc
                0x00004d1a       0x60 d:/program files (x86)/atmel/studio/7.0/toolchain/avr8/avr8-gnu-toolchain/bin/../lib/gcc/avr/5.4.0/../../../../avr/lib/avr6\libc.a(puts.o)
                0x00004d1a                puts
 .text.avr-libc
                0x00004d7a       0x5c d:/program files (x86)/atmel/studio/7.0/toolchain/avr8/avr8-gnu-toolchain/bin/../lib/gcc/avr/5.4.0/../../../../avr/lib/avr6\libc.a(sprintf.o)
                0x00004d7a                sprintf
 .text.avr-libc
                0x00004dd6      0x3fa d:/program files (x86)/atmel/studio/7.0/toolchain/avr8/avr8-gnu-toolchain/bin/../lib/gcc/avr/5.4.0/../../../../avr/lib/avr6\libc.a(vfprintf_std.o)
                0x00004dd6                vfprintf
 .text.avr-libc
                0x000051d0       0x16 d:/program files (x86)/atmel/studio/7.0/toolchain/avr8/avr8-gnu-toolchain/bin/../lib/gcc/avr/5.4.0/../../../../avr/lib/avr6\libc.a(strnlen_P.o)
                0x000051d0                strnlen_P
 .text.avr-libc
                0x000051e6       0x16 d:/program files (x86)/atmel/studio/7.0/toolchain/avr8/avr8-gnu-toolchain/bin/../lib/gcc/avr/5.4.0/../../../../avr/lib/avr6\libc.a(strnlen.o)
                0x000051e6                strnlen
 .text.avr-libc
                0x000051fc       0x78 d:/program files (x86)/atmel/studio/7.0/toolchain/avr8/avr8-gnu-toolchain/bin/../lib/gcc/avr/5.4.0/../../../../avr/lib/avr6\libc.a(fputc.o)
                0x000051fc                fputc
 .text.avr-libc
                0x00005274       0xbc d:/program files (x86)/atmel/studio/7.0/toolchain/avr8/avr8-gnu-toolchain/bin/../lib/gcc/avr/5.4.0/../../../../avr/lib/avr6\libc.a(ultoa_invert.o)
                0x00005274                __ultoa_invert
                0x00005330                . = ALIGN (0x2)
 *(.fini9)
 .fini9         0x00005330        0x0 d:/program files (x86)/atmel/studio/7.0/toolchain/avr8/avr8-gnu-toolchain/bin/../lib/gcc/avr/5.4.0/avr6\libgcc.a(_exit.o)
                0x00005330                _exit
                0x00005330                exit
 *(.fini9)
 *(.fini8)
 *(.fini8)
 *(.fini7)
 *(.fini7)
 *(.fini6)
 *(.fini6)
 *(.fini5)
 *(.fini5)
 *(.fini4)
 *(.fini4)
 *(.fini3)
 *(.fini3)
 *(.fini2)
 *(.fini2)
 *(.fini1)
 *(.fini1)
 *(.fini0)
 .fini0         0x00005330        0x4 d:/program files (x86)/atmel/studio/7.0/toolchain/avr8/avr8-gnu-toolchain/bin/../lib/gcc/avr/5.4.0/avr6\libgcc.a(_exit.o)
 *(.fini0)
                0x00005334                _etext = .

.data           0x00800200      0x68a load address 0x00005334
                0x00800200                PROVIDE (__data_start, .)
 *(.data)
 .data          0x00800200        0x6 d:/program files (x86)/atmel/studio/7.0/toolchain/avr8/avr8-gnu-toolchain/bin/../lib/gcc/avr/5.4.0/../../../../avr/lib/avr6\libc.a(malloc.o)
                0x00800200                __malloc_heap_end
                0x00800202                __malloc_heap_start
                0x00800204                __malloc_margin
 *(.data*)
 .data._temp    0x00800206        0x2 ../Drivers\libIotLibrary.a(hih8120.o)
 .data._hum     0x00800208        0x2 ../Drivers\libIotLibrary.a(hih8120.o)
 .data._com_port_2_udr
                0x0080020a        0x8 ../Drivers\libIotLibrary.a(serial.o)
                0x0080020a                _com_port_2_udr
 .data.mystdout.1881
                0x00800212        0xe ../Drivers\libIotLibrary.a(stdio_driver.o)
 .data._twiCurrentState
                0x00800220        0x1 ../Drivers\libIotLibrary.a(twi.o)
 *(.gnu.linkonce.d*)
 *(.rodata)
 .rodata        0x00800221       0x20 ../Drivers\libIotLibrary.a(lora_driver.o)
 .rodata        0x00800241       0x2d ../Drivers\libIotLibrary.a(mh_z19.o)
 *(.rodata*)
 .rodata.str1.1
                0x0080026e       0x11 co2Sensor.o
 .rodata.str1.1
                0x0080027f        0x5 FreeRTOS/src/tasks.o
 .rodata.str1.1
                0x00800284        0x8 FreeRTOS/src/timers.o
 .rodata.str1.1
                0x0080028c       0xdb myLora.o
 .rodata.str1.1
                0x00800367       0x58 myTasks.o
 .rodata.str1.1
                0x008003bf      0x1b2 myTimers.o
 .rodata.str1.1
                0x00800571       0x54 temp_humSensor.o
 .rodata.str1.1
                0x008005c5       0x1f ../Drivers\libIotLibrary.a(led.o)
 .rodata.str1.1
                0x008005e4      0x26f ../Drivers\libIotLibrary.a(lora_driver.o)
                                0x28f (size before relaxing)
 .rodata._join_mode
                0x00800853        0x4 ../Drivers\libIotLibrary.a(lora_driver.o)
 .rodata._return_code
                0x00800857       0x33 ../Drivers\libIotLibrary.a(lora_driver.o)
                0x00800857                _return_code
 *(.gnu.linkonce.r*)
                0x0080088a                . = ALIGN (0x2)
                0x0080088a                _edata = .
                0x0080088a                PROVIDE (__data_end, .)

.bss            0x0080088a      0x229
                0x0080088a                PROVIDE (__bss_start, .)
 *(.bss)
 *(.bss*)
 .bss.uxSchedulerSuspended
                0x0080088a        0x1 FreeRTOS/src/tasks.o
 .bss.xIdleTaskHandle
                0x0080088b        0x2 FreeRTOS/src/tasks.o
 .bss.xNextTaskUnblockTime
                0x0080088d        0x2 FreeRTOS/src/tasks.o
 .bss.uxTaskNumber
                0x0080088f        0x1 FreeRTOS/src/tasks.o
 .bss.xNumOfOverflows
                0x00800890        0x1 FreeRTOS/src/tasks.o
 .bss.xYieldPending
                0x00800891        0x1 FreeRTOS/src/tasks.o
 .bss.uxPendedTicks
                0x00800892        0x1 FreeRTOS/src/tasks.o
 .bss.xSchedulerRunning
                0x00800893        0x1 FreeRTOS/src/tasks.o
 .bss.uxTopReadyPriority
                0x00800894        0x1 FreeRTOS/src/tasks.o
 .bss.xTickCount
                0x00800895        0x2 FreeRTOS/src/tasks.o
 .bss.uxCurrentNumberOfTasks
                0x00800897        0x1 FreeRTOS/src/tasks.o
 .bss.xSuspendedTaskList
                0x00800898        0x9 FreeRTOS/src/tasks.o
 .bss.uxDeletedTasksWaitingCleanUp
                0x008008a1        0x1 FreeRTOS/src/tasks.o
 .bss.xTasksWaitingTermination
                0x008008a2        0x9 FreeRTOS/src/tasks.o
 .bss.xPendingReadyList
                0x008008ab        0x9 FreeRTOS/src/tasks.o
 .bss.pxOverflowDelayedTaskList
                0x008008b4        0x2 FreeRTOS/src/tasks.o
 .bss.pxDelayedTaskList
                0x008008b6        0x2 FreeRTOS/src/tasks.o
 .bss.xDelayedTaskList2
                0x008008b8        0x9 FreeRTOS/src/tasks.o
 .bss.xDelayedTaskList1
                0x008008c1        0x9 FreeRTOS/src/tasks.o
 .bss.pxReadyTasksLists
                0x008008ca       0x24 FreeRTOS/src/tasks.o
 .bss.pxCurrentTCB
                0x008008ee        0x2 FreeRTOS/src/tasks.o
                0x008008ee                pxCurrentTCB
 .bss.xLastTime.2432
                0x008008f0        0x2 FreeRTOS/src/timers.o
 .bss.xTimerTaskHandle
                0x008008f2        0x2 FreeRTOS/src/timers.o
 .bss.xTimerQueue
                0x008008f4        0x2 FreeRTOS/src/timers.o
 .bss.pxOverflowTimerList
                0x008008f6        0x2 FreeRTOS/src/timers.o
 .bss.pxCurrentTimerList
                0x008008f8        0x2 FreeRTOS/src/timers.o
 .bss.xActiveTimerList2
                0x008008fa        0x9 FreeRTOS/src/timers.o
 .bss.xActiveTimerList1
                0x00800903        0x9 FreeRTOS/src/timers.o
 .bss.dev_eui.2588
                0x0080090c       0x11 myLora.o
 .bss._measuringIsReady
                0x0080091d        0x1 ../Drivers\libIotLibrary.a(hih8120.o)
 .bss._hih8120Handler
                0x0080091e        0x2 ../Drivers\libIotLibrary.a(hih8120.o)
 .bss._led_status
                0x00800920       0x18 ../Drivers\libIotLibrary.a(led.o)
 .bss._tmp_buf.2919
                0x00800938       0x64 ../Drivers\libIotLibrary.a(lora_driver.o)
 .bss.rec_buf_inp.2926
                0x0080099c        0x1 ../Drivers\libIotLibrary.a(lora_driver.o)
 .bss._reply_buffer_handle
                0x0080099d        0x2 ../Drivers\libIotLibrary.a(lora_driver.o)
 .bss._rn2483_serial
                0x0080099f        0x2 ../Drivers\libIotLibrary.a(lora_driver.o)
 .bss._downlink_payload
                0x008009a1       0x16 ../Drivers\libIotLibrary.a(lora_driver.o)
 .bss._pay_load_hex_bytes
                0x008009b7       0x15 ../Drivers\libIotLibrary.a(lora_driver.o)
 .bss._rec_message_buf
                0x008009cc       0x2d ../Drivers\libIotLibrary.a(lora_driver.o)
 .bss._send_message
                0x008009f9       0x2d ../Drivers\libIotLibrary.a(lora_driver.o)
 .bss._reply_mess
                0x00800a26       0x2d ../Drivers\libIotLibrary.a(lora_driver.o)
 .bss.data.1940
                0x00800a53        0x2 ../Drivers\libIotLibrary.a(mh_z19.o)
 .bss.inDex.1939
                0x00800a55        0x1 ../Drivers\libIotLibrary.a(mh_z19.o)
 .bss.crc_sum.1941
                0x00800a56        0x1 ../Drivers\libIotLibrary.a(mh_z19.o)
 .bss._app_call_back
                0x00800a57        0x2 ../Drivers\libIotLibrary.a(mh_z19.o)
 .bss._mh_state
                0x00800a59        0x1 ../Drivers\libIotLibrary.a(mh_z19.o)
                0x00800a59                _mh_state
 .bss._ppm      0x00800a5a        0x2 ../Drivers\libIotLibrary.a(mh_z19.o)
 .bss._serial   0x00800a5c        0x2 ../Drivers\libIotLibrary.a(mh_z19.o)
 .bss._ser_handle
                0x00800a5e        0x8 ../Drivers\libIotLibrary.a(serial.o)
 .bss._com_serial_instance
                0x00800a66        0x2 ../Drivers\libIotLibrary.a(stdio_driver.o)
 .bss._index.1885
                0x00800a68        0x1 ../Drivers\libIotLibrary.a(twi.o)
 .bss._twiCurrentHandler
                0x00800a69        0x2 ../Drivers\libIotLibrary.a(twi.o)
 .bss._twiMessageLen
                0x00800a6b        0x1 ../Drivers\libIotLibrary.a(twi.o)
 .bss._twiMessageBuffer
                0x00800a6c        0xa ../Drivers\libIotLibrary.a(twi.o)
 .bss._twiIsInitiated
                0x00800a76        0x1 ../Drivers\libIotLibrary.a(twi.o)
 *(COMMON)
 COMMON         0x00800a77        0x2 co2Sensor.o
                0x00800a77                co2_ppm_pointer
 COMMON         0x00800a79       0x1a main.o
                0x00800a79                co2Timer
                0x00800a7b                loraTimer
                0x00800a7d                tempHumSemaphore
                0x00800a7f                tempHumTimer
                0x00800a81                loraSemaphore
                0x00800a83                co2Semaphore
                0x00800a85                loraSendDataTask
                0x00800a87                startCycleTaskHandler
                0x00800a89                queueSemaphore
                0x00800a8b                tempHumMeasureTask
                0x00800a8d                co2MeasureTask
                0x00800a8f                restartCycleTimer
                0x00800a91                cycleSemaphore
 COMMON         0x00800a93       0x16 ../Drivers\libIotLibrary.a(hal.o)
                0x00800a93                register_access
 COMMON         0x00800aa9        0x4 d:/program files (x86)/atmel/studio/7.0/toolchain/avr8/avr8-gnu-toolchain/bin/../lib/gcc/avr/5.4.0/../../../../avr/lib/avr6\libc.a(malloc.o)
                0x00800aa9                __brkval
                0x00800aab                __flp
 COMMON         0x00800aad        0x6 d:/program files (x86)/atmel/studio/7.0/toolchain/avr8/avr8-gnu-toolchain/bin/../lib/gcc/avr/5.4.0/../../../../avr/lib/avr6\libc.a(iob.o)
                0x00800aad                __iob
                0x00800ab3                PROVIDE (__bss_end, .)
                0x00005334                __data_load_start = LOADADDR (.data)
                0x000059be                __data_load_end = (__data_load_start + SIZEOF (.data))

.noinit         0x00800ab3        0x0
                [!provide]                PROVIDE (__noinit_start, .)
 *(.noinit*)
                [!provide]                PROVIDE (__noinit_end, .)
                0x00800ab3                _end = .
                0x00800ab3                PROVIDE (__heap_start, .)

.eeprom         0x00810000        0x0
 *(.eeprom*)
                0x00810000                __eeprom_end = .

.fuse
 *(.fuse)
 *(.lfuse)
 *(.hfuse)
 *(.efuse)

.lock
 *(.lock*)

.signature
 *(.signature*)

.user_signatures
 *(.user_signatures*)

.stab
 *(.stab)

.stabstr
 *(.stabstr)

.stab.excl
 *(.stab.excl)

.stab.exclstr
 *(.stab.exclstr)

.stab.index
 *(.stab.index)

.stab.indexstr
 *(.stab.indexstr)

.comment        0x00000000       0x5c
 *(.comment)
 .comment       0x00000000       0x30 co2Sensor.o
                                 0x31 (size before relaxing)
 .comment       0x00000030       0x31 FreeRTOS/FreeRTOSTraceDriver/FreeRTOSTraceDriver.o
 .comment       0x00000030       0x31 FreeRTOS/src/heap_3.o
 .comment       0x00000030       0x31 FreeRTOS/src/list.o
 .comment       0x00000030       0x31 FreeRTOS/src/port.o
 .comment       0x00000030       0x31 FreeRTOS/src/queue.o
 .comment       0x00000030       0x31 FreeRTOS/src/stream_buffer.o
 .comment       0x00000030       0x31 FreeRTOS/src/tasks.o
 .comment       0x00000030       0x31 FreeRTOS/src/timers.o
 .comment       0x00000030       0x31 FreeRTOS/src/variantHooks.o
 .comment       0x00000030       0x31 main.o
 .comment       0x00000030       0x31 myLora.o
 .comment       0x00000030       0x31 mySemaphores.o
 .comment       0x00000030       0x31 myTasks.o
 .comment       0x00000030       0x31 myTimers.o
 .comment       0x00000030       0x31 temp_humSensor.o
 .comment       0x00000030       0x31 ../Drivers\libIotLibrary.a(hal.o)
 .comment       0x00000030       0x31 ../Drivers\libIotLibrary.a(hih8120.o)
 .comment       0x00000030       0x31 ../Drivers\libIotLibrary.a(led.o)
 .comment       0x00000030       0x31 ../Drivers\libIotLibrary.a(lora_driver.o)
 .comment       0x00000030       0x31 ../Drivers\libIotLibrary.a(lora_driver_utils.o)
 .comment       0x00000030       0x31 ../Drivers\libIotLibrary.a(mega_register_access.o)
 .comment       0x00000030       0x31 ../Drivers\libIotLibrary.a(mh_z19.o)
 .comment       0x00000030       0x31 ../Drivers\libIotLibrary.a(serial.o)
 .comment       0x00000030       0x31 ../Drivers\libIotLibrary.a(stdio_driver.o)
 .comment       0x00000030       0x31 ../Drivers\libIotLibrary.a(twi.o)
 .comment       0x00000030       0x31 ../Drivers\libIotLibrary.a(fifo.o)
 .comment       0x00000030       0x31 d:/program files (x86)/atmel/studio/7.0/toolchain/avr8/avr8-gnu-toolchain/bin/../lib/gcc/avr/5.4.0/../../../../avr/lib/avr6\libc.a(calloc.o)
 .comment       0x00000030       0x31 d:/program files (x86)/atmel/studio/7.0/toolchain/avr8/avr8-gnu-toolchain/bin/../lib/gcc/avr/5.4.0/../../../../avr/lib/avr6\libc.a(malloc.o)
 .comment       0x00000030       0x31 d:/program files (x86)/atmel/studio/7.0/toolchain/avr8/avr8-gnu-toolchain/bin/../lib/gcc/avr/5.4.0/../../../../avr/lib/avr6\libc.a(iob.o)
 .comment       0x00000030       0x31 d:/program files (x86)/atmel/studio/7.0/toolchain/avr8/avr8-gnu-toolchain/bin/../lib/gcc/avr/5.4.0/../../../../avr/lib/avr6\libc.a(printf.o)
 .comment       0x00000030       0x31 d:/program files (x86)/atmel/studio/7.0/toolchain/avr8/avr8-gnu-toolchain/bin/../lib/gcc/avr/5.4.0/../../../../avr/lib/avr6\libc.a(puts.o)
 .comment       0x00000030       0x31 d:/program files (x86)/atmel/studio/7.0/toolchain/avr8/avr8-gnu-toolchain/bin/../lib/gcc/avr/5.4.0/../../../../avr/lib/avr6\libc.a(sprintf.o)
 .comment       0x00000030       0x2c d:/program files (x86)/atmel/studio/7.0/toolchain/avr8/avr8-gnu-toolchain/bin/../lib/gcc/avr/5.4.0/../../../../avr/lib/avr6\libc.a(vfprintf_std.o)
                                 0x2d (size before relaxing)
 .comment       0x0000005c       0x31 d:/program files (x86)/atmel/studio/7.0/toolchain/avr8/avr8-gnu-toolchain/bin/../lib/gcc/avr/5.4.0/../../../../avr/lib/avr6\libc.a(fputc.o)

.note.gnu.avr.deviceinfo
                0x00000000       0x40
 .note.gnu.avr.deviceinfo
                0x00000000       0x40 D:/Program Files (x86)/Atmel/Studio/7.0/Packs/atmel/ATmega_DFP/1.2.209/gcc/dev/atmega2560/avr6/crtatmega2560.o

.note.gnu.build-id
 *(.note.gnu.build-id)

.debug
 *(.debug)

.line
 *(.line)

.debug_srcinfo
 *(.debug_srcinfo)

.debug_sfnames
 *(.debug_sfnames)

.debug_aranges  0x00000000      0xae0
 *(.debug_aranges)
 .debug_aranges
                0x00000000       0x38 co2Sensor.o
 .debug_aranges
                0x00000038       0x30 FreeRTOS/FreeRTOSTraceDriver/FreeRTOSTraceDriver.o
 .debug_aranges
                0x00000068       0x28 FreeRTOS/src/heap_3.o
 .debug_aranges
                0x00000090       0x40 FreeRTOS/src/list.o
 .debug_aranges
                0x000000d0       0x48 FreeRTOS/src/port.o
 .debug_aranges
                0x00000118       0xf8 FreeRTOS/src/queue.o
 .debug_aranges
                0x00000210       0xc8 FreeRTOS/src/stream_buffer.o
 .debug_aranges
                0x000002d8      0x1d8 FreeRTOS/src/tasks.o
 .debug_aranges
                0x000004b0       0xa0 FreeRTOS/src/timers.o
 .debug_aranges
                0x00000550       0x30 FreeRTOS/src/variantHooks.o
 .debug_aranges
                0x00000580       0x20 main.o
 .debug_aranges
                0x000005a0       0x30 myLora.o
 .debug_aranges
                0x000005d0       0x20 mySemaphores.o
 .debug_aranges
                0x000005f0       0x40 myTasks.o
 .debug_aranges
                0x00000630       0x40 myTimers.o
 .debug_aranges
                0x00000670       0x38 temp_humSensor.o
 .debug_aranges
                0x000006a8       0x20 ../Drivers\libIotLibrary.a(hal.o)
 .debug_aranges
                0x000006c8       0x68 ../Drivers\libIotLibrary.a(hih8120.o)
 .debug_aranges
                0x00000730       0x68 ../Drivers\libIotLibrary.a(led.o)
 .debug_aranges
                0x00000798      0x128 ../Drivers\libIotLibrary.a(lora_driver.o)
 .debug_aranges
                0x000008c0       0x28 ../Drivers\libIotLibrary.a(lora_driver_utils.o)
 .debug_aranges
                0x000008e8       0x70 ../Drivers\libIotLibrary.a(mega_register_access.o)
 .debug_aranges
                0x00000958       0x50 ../Drivers\libIotLibrary.a(mh_z19.o)
 .debug_aranges
                0x000009a8       0x90 ../Drivers\libIotLibrary.a(serial.o)
 .debug_aranges
                0x00000a38       0x38 ../Drivers\libIotLibrary.a(stdio_driver.o)
 .debug_aranges
                0x00000a70       0x50 ../Drivers\libIotLibrary.a(twi.o)
 .debug_aranges
                0x00000ac0       0x20 ../Drivers\libIotLibrary.a(fifo.o)

.debug_pubnames
 *(.debug_pubnames)

.debug_info     0x00000000     0xdb55
 *(.debug_info .gnu.linkonce.wi.*)
 .debug_info    0x00000000      0xbbc D:/Program Files (x86)/Atmel/Studio/7.0/Packs/atmel/ATmega_DFP/1.2.209/gcc/dev/atmega2560/avr6/crtatmega2560.o
 .debug_info    0x00000bbc      0x1fc co2Sensor.o
 .debug_info    0x00000db8       0xd3 FreeRTOS/FreeRTOSTraceDriver/FreeRTOSTraceDriver.o
 .debug_info    0x00000e8b      0x19f FreeRTOS/src/heap_3.o
 .debug_info    0x0000102a      0x2df FreeRTOS/src/list.o
 .debug_info    0x00001309      0x284 FreeRTOS/src/port.o
 .debug_info    0x0000158d     0x18fc FreeRTOS/src/queue.o
 .debug_info    0x00002e89     0x14b9 FreeRTOS/src/stream_buffer.o
 .debug_info    0x00004342     0x27ae FreeRTOS/src/tasks.o
 .debug_info    0x00006af0     0x1077 FreeRTOS/src/timers.o
 .debug_info    0x00007b67      0x1ba FreeRTOS/src/variantHooks.o
 .debug_info    0x00007d21      0x30a main.o
 .debug_info    0x0000802b      0x5ea myLora.o
 .debug_info    0x00008615      0x1d9 mySemaphores.o
 .debug_info    0x000087ee      0x6c7 myTasks.o
 .debug_info    0x00008eb5      0x57b myTimers.o
 .debug_info    0x00009430      0x24e temp_humSensor.o
 .debug_info    0x0000967e      0x20d ../Drivers\libIotLibrary.a(hal.o)
 .debug_info    0x0000988b      0x3a9 ../Drivers\libIotLibrary.a(hih8120.o)
 .debug_info    0x00009c34      0x6f9 ../Drivers\libIotLibrary.a(led.o)
 .debug_info    0x0000a32d     0x165d ../Drivers\libIotLibrary.a(lora_driver.o)
 .debug_info    0x0000b98a      0x143 ../Drivers\libIotLibrary.a(lora_driver_utils.o)
 .debug_info    0x0000bacd      0x2e1 ../Drivers\libIotLibrary.a(mega_register_access.o)
 .debug_info    0x0000bdae      0x538 ../Drivers\libIotLibrary.a(mh_z19.o)
 .debug_info    0x0000c2e6      0xdb3 ../Drivers\libIotLibrary.a(serial.o)
 .debug_info    0x0000d099      0x39c ../Drivers\libIotLibrary.a(stdio_driver.o)
 .debug_info    0x0000d435      0x55d ../Drivers\libIotLibrary.a(twi.o)
 .debug_info    0x0000d992      0x1c3 ../Drivers\libIotLibrary.a(fifo.o)

.debug_abbrev   0x00000000     0x3741
 *(.debug_abbrev)
 .debug_abbrev  0x00000000      0xb1a D:/Program Files (x86)/Atmel/Studio/7.0/Packs/atmel/ATmega_DFP/1.2.209/gcc/dev/atmega2560/avr6/crtatmega2560.o
 .debug_abbrev  0x00000b1a      0x13b co2Sensor.o
 .debug_abbrev  0x00000c55       0x92 FreeRTOS/FreeRTOSTraceDriver/FreeRTOSTraceDriver.o
 .debug_abbrev  0x00000ce7      0x107 FreeRTOS/src/heap_3.o
 .debug_abbrev  0x00000dee       0xff FreeRTOS/src/list.o
 .debug_abbrev  0x00000eed      0x158 FreeRTOS/src/port.o
 .debug_abbrev  0x00001045      0x2d8 FreeRTOS/src/queue.o
 .debug_abbrev  0x0000131d      0x2b4 FreeRTOS/src/stream_buffer.o
 .debug_abbrev  0x000015d1      0x359 FreeRTOS/src/tasks.o
 .debug_abbrev  0x0000192a      0x30f FreeRTOS/src/timers.o
 .debug_abbrev  0x00001c39      0x101 FreeRTOS/src/variantHooks.o
 .debug_abbrev  0x00001d3a       0xc3 main.o
 .debug_abbrev  0x00001dfd      0x171 myLora.o
 .debug_abbrev  0x00001f6e       0xaa mySemaphores.o
 .debug_abbrev  0x00002018      0x128 myTasks.o
 .debug_abbrev  0x00002140       0xf0 myTimers.o
 .debug_abbrev  0x00002230      0x121 temp_humSensor.o
 .debug_abbrev  0x00002351       0xff ../Drivers\libIotLibrary.a(hal.o)
 .debug_abbrev  0x00002450      0x184 ../Drivers\libIotLibrary.a(hih8120.o)
 .debug_abbrev  0x000025d4      0x228 ../Drivers\libIotLibrary.a(led.o)
 .debug_abbrev  0x000027fc      0x382 ../Drivers\libIotLibrary.a(lora_driver.o)
 .debug_abbrev  0x00002b7e       0xc0 ../Drivers\libIotLibrary.a(lora_driver_utils.o)
 .debug_abbrev  0x00002c3e       0xd3 ../Drivers\libIotLibrary.a(mega_register_access.o)
 .debug_abbrev  0x00002d11      0x20f ../Drivers\libIotLibrary.a(mh_z19.o)
 .debug_abbrev  0x00002f20      0x364 ../Drivers\libIotLibrary.a(serial.o)
 .debug_abbrev  0x00003284      0x1be ../Drivers\libIotLibrary.a(stdio_driver.o)
 .debug_abbrev  0x00003442      0x217 ../Drivers\libIotLibrary.a(twi.o)
 .debug_abbrev  0x00003659       0xe8 ../Drivers\libIotLibrary.a(fifo.o)

.debug_line     0x00000000     0x67de
 *(.debug_line .debug_line.* .debug_line_end)
 .debug_line    0x00000000      0x1f9 D:/Program Files (x86)/Atmel/Studio/7.0/Packs/atmel/ATmega_DFP/1.2.209/gcc/dev/atmega2560/avr6/crtatmega2560.o
 .debug_line    0x000001f9      0x149 co2Sensor.o
 .debug_line    0x00000342       0xfd FreeRTOS/FreeRTOSTraceDriver/FreeRTOSTraceDriver.o
 .debug_line    0x0000043f      0x175 FreeRTOS/src/heap_3.o
 .debug_line    0x000005b4      0x1da FreeRTOS/src/list.o
 .debug_line    0x0000078e      0x312 FreeRTOS/src/port.o
 .debug_line    0x00000aa0      0xbfa FreeRTOS/src/queue.o
 .debug_line    0x0000169a      0x7a4 FreeRTOS/src/stream_buffer.o
 .debug_line    0x00001e3e     0x1656 FreeRTOS/src/tasks.o
 .debug_line    0x00003494      0x562 FreeRTOS/src/timers.o
 .debug_line    0x000039f6      0x18a FreeRTOS/src/variantHooks.o
 .debug_line    0x00003b80      0x1f0 main.o
 .debug_line    0x00003d70      0x25d myLora.o
 .debug_line    0x00003fcd      0x134 mySemaphores.o
 .debug_line    0x00004101      0x258 myTasks.o
 .debug_line    0x00004359      0x210 myTimers.o
 .debug_line    0x00004569      0x17d temp_humSensor.o
 .debug_line    0x000046e6       0xff ../Drivers\libIotLibrary.a(hal.o)
 .debug_line    0x000047e5      0x246 ../Drivers\libIotLibrary.a(hih8120.o)
 .debug_line    0x00004a2b      0x32c ../Drivers\libIotLibrary.a(led.o)
 .debug_line    0x00004d57      0x8df ../Drivers\libIotLibrary.a(lora_driver.o)
 .debug_line    0x00005636      0x194 ../Drivers\libIotLibrary.a(lora_driver_utils.o)
 .debug_line    0x000057ca      0x1af ../Drivers\libIotLibrary.a(mega_register_access.o)
 .debug_line    0x00005979      0x2d6 ../Drivers\libIotLibrary.a(mh_z19.o)
 .debug_line    0x00005c4f      0x636 ../Drivers\libIotLibrary.a(serial.o)
 .debug_line    0x00006285      0x13a ../Drivers\libIotLibrary.a(stdio_driver.o)
 .debug_line    0x000063bf      0x306 ../Drivers\libIotLibrary.a(twi.o)
 .debug_line    0x000066c5      0x119 ../Drivers\libIotLibrary.a(fifo.o)

.debug_frame    0x00000000     0x2240
 *(.debug_frame)
 .debug_frame   0x00000000       0x64 co2Sensor.o
 .debug_frame   0x00000064       0x44 FreeRTOS/FreeRTOSTraceDriver/FreeRTOSTraceDriver.o
 .debug_frame   0x000000a8       0x4c FreeRTOS/src/heap_3.o
 .debug_frame   0x000000f4       0x88 FreeRTOS/src/list.o
 .debug_frame   0x0000017c       0x74 FreeRTOS/src/port.o
 .debug_frame   0x000001f0      0x3cc FreeRTOS/src/queue.o
 .debug_frame   0x000005bc      0x3c8 FreeRTOS/src/stream_buffer.o
 .debug_frame   0x00000984      0x69c FreeRTOS/src/tasks.o
 .debug_frame   0x00001020      0x1cc FreeRTOS/src/timers.o
 .debug_frame   0x000011ec       0x44 FreeRTOS/src/variantHooks.o
 .debug_frame   0x00001230       0x24 main.o
 .debug_frame   0x00001254       0x84 myLora.o
 .debug_frame   0x000012d8       0x24 mySemaphores.o
 .debug_frame   0x000012fc       0x98 myTasks.o
 .debug_frame   0x00001394      0x104 myTimers.o
 .debug_frame   0x00001498       0x74 temp_humSensor.o
 .debug_frame   0x0000150c       0x24 ../Drivers\libIotLibrary.a(hal.o)
 .debug_frame   0x00001530       0xc0 ../Drivers\libIotLibrary.a(hih8120.o)
 .debug_frame   0x000015f0      0x11c ../Drivers\libIotLibrary.a(led.o)
 .debug_frame   0x0000170c      0x3d8 ../Drivers\libIotLibrary.a(lora_driver.o)
 .debug_frame   0x00001ae4       0x48 ../Drivers\libIotLibrary.a(lora_driver_utils.o)
 .debug_frame   0x00001b2c       0xc4 ../Drivers\libIotLibrary.a(mega_register_access.o)
 .debug_frame   0x00001bf0       0xf8 ../Drivers\libIotLibrary.a(mh_z19.o)
 .debug_frame   0x00001ce8      0x384 ../Drivers\libIotLibrary.a(serial.o)
 .debug_frame   0x0000206c       0x84 ../Drivers\libIotLibrary.a(stdio_driver.o)
 .debug_frame   0x000020f0      0x12c ../Drivers\libIotLibrary.a(twi.o)
 .debug_frame   0x0000221c       0x24 ../Drivers\libIotLibrary.a(fifo.o)

.debug_str      0x00000000     0x3ef7
 *(.debug_str)
 .debug_str     0x00000000      0x3e6 D:/Program Files (x86)/Atmel/Studio/7.0/Packs/atmel/ATmega_DFP/1.2.209/gcc/dev/atmega2560/avr6/crtatmega2560.o
 .debug_str     0x000003e6      0x28d co2Sensor.o
                                0x2d3 (size before relaxing)
 .debug_str     0x00000673       0x70 FreeRTOS/FreeRTOSTraceDriver/FreeRTOSTraceDriver.o
                                0x1f7 (size before relaxing)
 .debug_str     0x000006e3       0x94 FreeRTOS/src/heap_3.o
                                0x229 (size before relaxing)
 .debug_str     0x00000777      0x14b FreeRTOS/src/list.o
                                0x2f4 (size before relaxing)
 .debug_str     0x000008c2      0x12a FreeRTOS/src/port.o
                                0x2e1 (size before relaxing)
 .debug_str     0x000009ec      0x6e4 FreeRTOS/src/queue.o
                                0x9ea (size before relaxing)
 .debug_str     0x000010d0      0x54a FreeRTOS/src/stream_buffer.o
                                0x859 (size before relaxing)
 .debug_str     0x0000161a      0xb11 FreeRTOS/src/tasks.o
                               0x1195 (size before relaxing)
 .debug_str     0x0000212b      0x43f FreeRTOS/src/timers.o
                                0x882 (size before relaxing)
 .debug_str     0x0000256a       0x61 FreeRTOS/src/variantHooks.o
                                0x288 (size before relaxing)
 .debug_str     0x000025cb      0x13c main.o
                                0x37a (size before relaxing)
 .debug_str     0x00002707      0x2f8 myLora.o
                                0x536 (size before relaxing)
 .debug_str     0x000029ff       0x14 mySemaphores.o
                                0x248 (size before relaxing)
 .debug_str     0x00002a13       0x6c myTasks.o
                                0x3f4 (size before relaxing)
 .debug_str     0x00002a7f       0x6c myTimers.o
                                0x355 (size before relaxing)
 .debug_str     0x00002aeb      0x100 temp_humSensor.o
                                0x312 (size before relaxing)
 .debug_str     0x00002beb       0xc3 ../Drivers\libIotLibrary.a(hal.o)
                                0x278 (size before relaxing)
 .debug_str     0x00002cae      0x1d7 ../Drivers\libIotLibrary.a(hih8120.o)
                                0x44a (size before relaxing)
 .debug_str     0x00002e85      0x143 ../Drivers\libIotLibrary.a(led.o)
                                0x3d2 (size before relaxing)
 .debug_str     0x00002fc8      0x67d ../Drivers\libIotLibrary.a(lora_driver.o)
                                0xc93 (size before relaxing)
 .debug_str     0x00003645       0x46 ../Drivers\libIotLibrary.a(lora_driver_utils.o)
                                0x205 (size before relaxing)
 .debug_str     0x0000368b       0xdf ../Drivers\libIotLibrary.a(mega_register_access.o)
                                0x252 (size before relaxing)
 .debug_str     0x0000376a      0x10d ../Drivers\libIotLibrary.a(mh_z19.o)
                                0x47a (size before relaxing)
 .debug_str     0x00003877      0x2de ../Drivers\libIotLibrary.a(serial.o)
                                0x639 (size before relaxing)
 .debug_str     0x00003b55       0xa4 ../Drivers\libIotLibrary.a(stdio_driver.o)
                                0x378 (size before relaxing)
 .debug_str     0x00003bf9      0x2de ../Drivers\libIotLibrary.a(twi.o)
                                0x5a8 (size before relaxing)
 .debug_str     0x00003ed7       0x20 ../Drivers\libIotLibrary.a(fifo.o)
                                0x237 (size before relaxing)

.debug_loc      0x00000000     0xb71b
 *(.debug_loc)
 .debug_loc     0x00000000       0x81 co2Sensor.o
 .debug_loc     0x00000081       0x42 FreeRTOS/FreeRTOSTraceDriver/FreeRTOSTraceDriver.o
 .debug_loc     0x000000c3      0x102 FreeRTOS/src/heap_3.o
 .debug_loc     0x000001c5      0x145 FreeRTOS/src/list.o
 .debug_loc     0x0000030a      0x2af FreeRTOS/src/port.o
 .debug_loc     0x000005b9     0x1dc0 FreeRTOS/src/queue.o
 .debug_loc     0x00002379     0x1e4d FreeRTOS/src/stream_buffer.o
 .debug_loc     0x000041c6     0x2e78 FreeRTOS/src/tasks.o
 .debug_loc     0x0000703e      0xbed FreeRTOS/src/timers.o
 .debug_loc     0x00007c2b       0xb6 FreeRTOS/src/variantHooks.o
 .debug_loc     0x00007ce1      0x1cb myLora.o
 .debug_loc     0x00007eac      0x162 myTasks.o
 .debug_loc     0x0000800e      0x33d myTimers.o
 .debug_loc     0x0000834b       0xda temp_humSensor.o
 .debug_loc     0x00008425       0x2c ../Drivers\libIotLibrary.a(hal.o)
 .debug_loc     0x00008451       0x9f ../Drivers\libIotLibrary.a(hih8120.o)
 .debug_loc     0x000084f0      0x390 ../Drivers\libIotLibrary.a(led.o)
 .debug_loc     0x00008880      0xf7c ../Drivers\libIotLibrary.a(lora_driver.o)
 .debug_loc     0x000097fc      0x1d2 ../Drivers\libIotLibrary.a(lora_driver_utils.o)
 .debug_loc     0x000099ce       0xe9 ../Drivers\libIotLibrary.a(mega_register_access.o)
 .debug_loc     0x00009ab7      0x3cd ../Drivers\libIotLibrary.a(mh_z19.o)
 .debug_loc     0x00009e84     0x1080 ../Drivers\libIotLibrary.a(serial.o)
 .debug_loc     0x0000af04      0x144 ../Drivers\libIotLibrary.a(stdio_driver.o)
 .debug_loc     0x0000b048      0x575 ../Drivers\libIotLibrary.a(twi.o)
 .debug_loc     0x0000b5bd      0x15e ../Drivers\libIotLibrary.a(fifo.o)

.debug_macinfo
 *(.debug_macinfo)

.debug_weaknames
 *(.debug_weaknames)

.debug_funcnames
 *(.debug_funcnames)

.debug_typenames
 *(.debug_typenames)

.debug_varnames
 *(.debug_varnames)

.debug_pubtypes
 *(.debug_pubtypes)

.debug_ranges   0x00000000      0xac8
 *(.debug_ranges)
 .debug_ranges  0x00000000       0x28 co2Sensor.o
 .debug_ranges  0x00000028       0x20 FreeRTOS/FreeRTOSTraceDriver/FreeRTOSTraceDriver.o
 .debug_ranges  0x00000048       0x18 FreeRTOS/src/heap_3.o
 .debug_ranges  0x00000060       0x30 FreeRTOS/src/list.o
 .debug_ranges  0x00000090       0x38 FreeRTOS/src/port.o
 .debug_ranges  0x000000c8      0x178 FreeRTOS/src/queue.o
 .debug_ranges  0x00000240       0xb8 FreeRTOS/src/stream_buffer.o
 .debug_ranges  0x000002f8      0x240 FreeRTOS/src/tasks.o
 .debug_ranges  0x00000538       0xf0 FreeRTOS/src/timers.o
 .debug_ranges  0x00000628       0x20 FreeRTOS/src/variantHooks.o
 .debug_ranges  0x00000648       0x10 main.o
 .debug_ranges  0x00000658       0x20 myLora.o
 .debug_ranges  0x00000678       0x10 mySemaphores.o
 .debug_ranges  0x00000688       0x30 myTasks.o
 .debug_ranges  0x000006b8       0x30 myTimers.o
 .debug_ranges  0x000006e8       0x28 temp_humSensor.o
 .debug_ranges  0x00000710       0x10 ../Drivers\libIotLibrary.a(hal.o)
 .debug_ranges  0x00000720       0x58 ../Drivers\libIotLibrary.a(hih8120.o)
 .debug_ranges  0x00000778       0x58 ../Drivers\libIotLibrary.a(led.o)
 .debug_ranges  0x000007d0      0x118 ../Drivers\libIotLibrary.a(lora_driver.o)
 .debug_ranges  0x000008e8       0x30 ../Drivers\libIotLibrary.a(lora_driver_utils.o)
 .debug_ranges  0x00000918       0x60 ../Drivers\libIotLibrary.a(mega_register_access.o)
 .debug_ranges  0x00000978       0x40 ../Drivers\libIotLibrary.a(mh_z19.o)
 .debug_ranges  0x000009b8       0x98 ../Drivers\libIotLibrary.a(serial.o)
 .debug_ranges  0x00000a50       0x28 ../Drivers\libIotLibrary.a(stdio_driver.o)
 .debug_ranges  0x00000a78       0x40 ../Drivers\libIotLibrary.a(twi.o)
 .debug_ranges  0x00000ab8       0x10 ../Drivers\libIotLibrary.a(fifo.o)

.debug_macro
 *(.debug_macro)
OUTPUT(MyFirstProject.elf elf32-avr)
LOAD linker stubs
