Archive member included to satisfy reference by file (symbol)

../Drivers\libIotLibrary.a(mh_z19.o)
                              co2Sensor.o (mh_z19_create)
../Drivers\libIotLibrary.a(serial.o)
                              ../Drivers\libIotLibrary.a(mh_z19.o) (serial_new_instance)
../Drivers\libIotLibrary.a(stdio_driver.o)
                              main.o (stdioCreate)
../Drivers\libIotLibrary.a(fifo.o)
                              ../Drivers\libIotLibrary.a(serial.o) (fifo_init)
d:/program files (x86)/atmel/studio/7.0/toolchain/avr8/avr8-gnu-toolchain/bin/../lib/gcc/avr/5.4.0/../../../../avr/lib/avr6\libm.a(addsf3.o)
                              ../Drivers\libIotLibrary.a(serial.o) (__subsf3)
d:/program files (x86)/atmel/studio/7.0/toolchain/avr8/avr8-gnu-toolchain/bin/../lib/gcc/avr/5.4.0/../../../../avr/lib/avr6\libm.a(addsf3x.o)
                              d:/program files (x86)/atmel/studio/7.0/toolchain/avr8/avr8-gnu-toolchain/bin/../lib/gcc/avr/5.4.0/../../../../avr/lib/avr6\libm.a(addsf3.o) (__addsf3x)
d:/program files (x86)/atmel/studio/7.0/toolchain/avr8/avr8-gnu-toolchain/bin/../lib/gcc/avr/5.4.0/../../../../avr/lib/avr6\libm.a(divsf3.o)
                              ../Drivers\libIotLibrary.a(serial.o) (__divsf3)
d:/program files (x86)/atmel/studio/7.0/toolchain/avr8/avr8-gnu-toolchain/bin/../lib/gcc/avr/5.4.0/../../../../avr/lib/avr6\libm.a(divsf3x.o)
                              d:/program files (x86)/atmel/studio/7.0/toolchain/avr8/avr8-gnu-toolchain/bin/../lib/gcc/avr/5.4.0/../../../../avr/lib/avr6\libm.a(divsf3.o) (__divsf3x)
d:/program files (x86)/atmel/studio/7.0/toolchain/avr8/avr8-gnu-toolchain/bin/../lib/gcc/avr/5.4.0/../../../../avr/lib/avr6\libm.a(fixunssfsi.o)
                              ../Drivers\libIotLibrary.a(serial.o) (__fixunssfsi)
d:/program files (x86)/atmel/studio/7.0/toolchain/avr8/avr8-gnu-toolchain/bin/../lib/gcc/avr/5.4.0/../../../../avr/lib/avr6\libm.a(floatsisf.o)
                              ../Drivers\libIotLibrary.a(serial.o) (__floatunsisf)
d:/program files (x86)/atmel/studio/7.0/toolchain/avr8/avr8-gnu-toolchain/bin/../lib/gcc/avr/5.4.0/../../../../avr/lib/avr6\libm.a(fp_inf.o)
                              d:/program files (x86)/atmel/studio/7.0/toolchain/avr8/avr8-gnu-toolchain/bin/../lib/gcc/avr/5.4.0/../../../../avr/lib/avr6\libm.a(addsf3x.o) (__fp_inf)
d:/program files (x86)/atmel/studio/7.0/toolchain/avr8/avr8-gnu-toolchain/bin/../lib/gcc/avr/5.4.0/../../../../avr/lib/avr6\libm.a(fp_nan.o)
                              d:/program files (x86)/atmel/studio/7.0/toolchain/avr8/avr8-gnu-toolchain/bin/../lib/gcc/avr/5.4.0/../../../../avr/lib/avr6\libm.a(addsf3x.o) (__fp_nan)
d:/program files (x86)/atmel/studio/7.0/toolchain/avr8/avr8-gnu-toolchain/bin/../lib/gcc/avr/5.4.0/../../../../avr/lib/avr6\libm.a(fp_pscA.o)
                              d:/program files (x86)/atmel/studio/7.0/toolchain/avr8/avr8-gnu-toolchain/bin/../lib/gcc/avr/5.4.0/../../../../avr/lib/avr6\libm.a(addsf3x.o) (__fp_pscA)
d:/program files (x86)/atmel/studio/7.0/toolchain/avr8/avr8-gnu-toolchain/bin/../lib/gcc/avr/5.4.0/../../../../avr/lib/avr6\libm.a(fp_pscB.o)
                              d:/program files (x86)/atmel/studio/7.0/toolchain/avr8/avr8-gnu-toolchain/bin/../lib/gcc/avr/5.4.0/../../../../avr/lib/avr6\libm.a(addsf3x.o) (__fp_pscB)
d:/program files (x86)/atmel/studio/7.0/toolchain/avr8/avr8-gnu-toolchain/bin/../lib/gcc/avr/5.4.0/../../../../avr/lib/avr6\libm.a(fp_round.o)
                              d:/program files (x86)/atmel/studio/7.0/toolchain/avr8/avr8-gnu-toolchain/bin/../lib/gcc/avr/5.4.0/../../../../avr/lib/avr6\libm.a(addsf3.o) (__fp_round)
d:/program files (x86)/atmel/studio/7.0/toolchain/avr8/avr8-gnu-toolchain/bin/../lib/gcc/avr/5.4.0/../../../../avr/lib/avr6\libm.a(fp_split3.o)
                              d:/program files (x86)/atmel/studio/7.0/toolchain/avr8/avr8-gnu-toolchain/bin/../lib/gcc/avr/5.4.0/../../../../avr/lib/avr6\libm.a(addsf3x.o) (__fp_split3)
d:/program files (x86)/atmel/studio/7.0/toolchain/avr8/avr8-gnu-toolchain/bin/../lib/gcc/avr/5.4.0/../../../../avr/lib/avr6\libm.a(fp_zero.o)
                              d:/program files (x86)/atmel/studio/7.0/toolchain/avr8/avr8-gnu-toolchain/bin/../lib/gcc/avr/5.4.0/../../../../avr/lib/avr6\libm.a(addsf3x.o) (__fp_zero)
d:/program files (x86)/atmel/studio/7.0/toolchain/avr8/avr8-gnu-toolchain/bin/../lib/gcc/avr/5.4.0/../../../../avr/lib/avr6\libm.a(mulsf3.o)
                              ../Drivers\libIotLibrary.a(serial.o) (__mulsf3)
d:/program files (x86)/atmel/studio/7.0/toolchain/avr8/avr8-gnu-toolchain/bin/../lib/gcc/avr/5.4.0/../../../../avr/lib/avr6\libm.a(mulsf3x.o)
                              d:/program files (x86)/atmel/studio/7.0/toolchain/avr8/avr8-gnu-toolchain/bin/../lib/gcc/avr/5.4.0/../../../../avr/lib/avr6\libm.a(mulsf3.o) (__mulsf3x)
d:/program files (x86)/atmel/studio/7.0/toolchain/avr8/avr8-gnu-toolchain/bin/../lib/gcc/avr/5.4.0/avr6\libgcc.a(_exit.o)
                              D:/Program Files (x86)/Atmel/Studio/7.0/Packs/atmel/ATmega_DFP/1.2.209/gcc/dev/atmega2560/avr6/crtatmega2560.o (exit)
d:/program files (x86)/atmel/studio/7.0/toolchain/avr8/avr8-gnu-toolchain/bin/../lib/gcc/avr/5.4.0/avr6\libgcc.a(_tablejump2.o)
                              FreeRTOS/src/timers.o (__tablejump2__)
d:/program files (x86)/atmel/studio/7.0/toolchain/avr8/avr8-gnu-toolchain/bin/../lib/gcc/avr/5.4.0/avr6\libgcc.a(_copy_data.o)
                              co2Sensor.o (__do_copy_data)
d:/program files (x86)/atmel/studio/7.0/toolchain/avr8/avr8-gnu-toolchain/bin/../lib/gcc/avr/5.4.0/avr6\libgcc.a(_clear_bss.o)
                              co2Sensor.o (__do_clear_bss)
d:/program files (x86)/atmel/studio/7.0/toolchain/avr8/avr8-gnu-toolchain/bin/../lib/gcc/avr/5.4.0/../../../../avr/lib/avr6\libc.a(calloc.o)
                              ../Drivers\libIotLibrary.a(serial.o) (calloc)
d:/program files (x86)/atmel/studio/7.0/toolchain/avr8/avr8-gnu-toolchain/bin/../lib/gcc/avr/5.4.0/../../../../avr/lib/avr6\libc.a(malloc.o)
                              FreeRTOS/src/heap_3.o (malloc)
d:/program files (x86)/atmel/studio/7.0/toolchain/avr8/avr8-gnu-toolchain/bin/../lib/gcc/avr/5.4.0/../../../../avr/lib/avr6\libc.a(abort.o)
                              ../Drivers\libIotLibrary.a(fifo.o) (abort)
d:/program files (x86)/atmel/studio/7.0/toolchain/avr8/avr8-gnu-toolchain/bin/../lib/gcc/avr/5.4.0/../../../../avr/lib/avr6\libc.a(memcpy.o)
                              FreeRTOS/src/queue.o (memcpy)
d:/program files (x86)/atmel/studio/7.0/toolchain/avr8/avr8-gnu-toolchain/bin/../lib/gcc/avr/5.4.0/../../../../avr/lib/avr6\libc.a(memset.o)
                              FreeRTOS/src/tasks.o (memset)
d:/program files (x86)/atmel/studio/7.0/toolchain/avr8/avr8-gnu-toolchain/bin/../lib/gcc/avr/5.4.0/../../../../avr/lib/avr6\libc.a(iob.o)
                              ../Drivers\libIotLibrary.a(stdio_driver.o) (__iob)
d:/program files (x86)/atmel/studio/7.0/toolchain/avr8/avr8-gnu-toolchain/bin/../lib/gcc/avr/5.4.0/../../../../avr/lib/avr6\libc.a(printf.o)
                              myTasks.o (printf)
d:/program files (x86)/atmel/studio/7.0/toolchain/avr8/avr8-gnu-toolchain/bin/../lib/gcc/avr/5.4.0/../../../../avr/lib/avr6\libc.a(puts.o)
                              co2Sensor.o (puts)
d:/program files (x86)/atmel/studio/7.0/toolchain/avr8/avr8-gnu-toolchain/bin/../lib/gcc/avr/5.4.0/../../../../avr/lib/avr6\libc.a(vfprintf_std.o)
                              d:/program files (x86)/atmel/studio/7.0/toolchain/avr8/avr8-gnu-toolchain/bin/../lib/gcc/avr/5.4.0/../../../../avr/lib/avr6\libc.a(printf.o) (vfprintf)
d:/program files (x86)/atmel/studio/7.0/toolchain/avr8/avr8-gnu-toolchain/bin/../lib/gcc/avr/5.4.0/../../../../avr/lib/avr6\libc.a(strnlen_P.o)
                              d:/program files (x86)/atmel/studio/7.0/toolchain/avr8/avr8-gnu-toolchain/bin/../lib/gcc/avr/5.4.0/../../../../avr/lib/avr6\libc.a(vfprintf_std.o) (strnlen_P)
d:/program files (x86)/atmel/studio/7.0/toolchain/avr8/avr8-gnu-toolchain/bin/../lib/gcc/avr/5.4.0/../../../../avr/lib/avr6\libc.a(strnlen.o)
                              d:/program files (x86)/atmel/studio/7.0/toolchain/avr8/avr8-gnu-toolchain/bin/../lib/gcc/avr/5.4.0/../../../../avr/lib/avr6\libc.a(vfprintf_std.o) (strnlen)
d:/program files (x86)/atmel/studio/7.0/toolchain/avr8/avr8-gnu-toolchain/bin/../lib/gcc/avr/5.4.0/../../../../avr/lib/avr6\libc.a(fputc.o)
                              d:/program files (x86)/atmel/studio/7.0/toolchain/avr8/avr8-gnu-toolchain/bin/../lib/gcc/avr/5.4.0/../../../../avr/lib/avr6\libc.a(vfprintf_std.o) (fputc)
d:/program files (x86)/atmel/studio/7.0/toolchain/avr8/avr8-gnu-toolchain/bin/../lib/gcc/avr/5.4.0/../../../../avr/lib/avr6\libc.a(ultoa_invert.o)
                              d:/program files (x86)/atmel/studio/7.0/toolchain/avr8/avr8-gnu-toolchain/bin/../lib/gcc/avr/5.4.0/../../../../avr/lib/avr6\libc.a(vfprintf_std.o) (__ultoa_invert)

Allocating common symbols
Common symbol       size              file

xCO2MeasureTask     0x2               myTasks.o
__brkval            0x2               d:/program files (x86)/atmel/studio/7.0/toolchain/avr8/avr8-gnu-toolchain/bin/../lib/gcc/avr/5.4.0/../../../../avr/lib/avr6\libc.a(malloc.o)
__flp               0x2               d:/program files (x86)/atmel/studio/7.0/toolchain/avr8/avr8-gnu-toolchain/bin/../lib/gcc/avr/5.4.0/../../../../avr/lib/avr6\libc.a(malloc.o)
__iob               0x6               d:/program files (x86)/atmel/studio/7.0/toolchain/avr8/avr8-gnu-toolchain/bin/../lib/gcc/avr/5.4.0/../../../../avr/lib/avr6\libc.a(iob.o)
co2_ppm_pointer     0x2               co2Sensor.o

Discarded input sections

 .data          0x00000000        0x0 D:/Program Files (x86)/Atmel/Studio/7.0/Packs/atmel/ATmega_DFP/1.2.209/gcc/dev/atmega2560/avr6/crtatmega2560.o
 .bss           0x00000000        0x0 D:/Program Files (x86)/Atmel/Studio/7.0/Packs/atmel/ATmega_DFP/1.2.209/gcc/dev/atmega2560/avr6/crtatmega2560.o
 .text          0x00000000        0x0 co2Sensor.o
 .data          0x00000000        0x0 co2Sensor.o
 .bss           0x00000000        0x0 co2Sensor.o
 .text          0x00000000        0x0 FreeRTOS/FreeRTOSTraceDriver/FreeRTOSTraceDriver.o
 .data          0x00000000        0x0 FreeRTOS/FreeRTOSTraceDriver/FreeRTOSTraceDriver.o
 .bss           0x00000000        0x0 FreeRTOS/FreeRTOSTraceDriver/FreeRTOSTraceDriver.o
 .text          0x00000000        0x0 FreeRTOS/src/croutine.o
 .data          0x00000000        0x0 FreeRTOS/src/croutine.o
 .bss           0x00000000        0x0 FreeRTOS/src/croutine.o
 .debug_info    0x00000000       0x64 FreeRTOS/src/croutine.o
 .debug_abbrev  0x00000000       0x26 FreeRTOS/src/croutine.o
 .debug_aranges
                0x00000000       0x18 FreeRTOS/src/croutine.o
 .debug_line    0x00000000       0x1a FreeRTOS/src/croutine.o
 .debug_str     0x00000000      0x1b0 FreeRTOS/src/croutine.o
 .comment       0x00000000       0x31 FreeRTOS/src/croutine.o
 .text          0x00000000        0x0 FreeRTOS/src/event_groups.o
 .data          0x00000000        0x0 FreeRTOS/src/event_groups.o
 .bss           0x00000000        0x0 FreeRTOS/src/event_groups.o
 .text.xEventGroupCreate
                0x00000000       0x26 FreeRTOS/src/event_groups.o
 .text.xEventGroupWaitBits
                0x00000000      0x110 FreeRTOS/src/event_groups.o
 .text.xEventGroupClearBits
                0x00000000       0x1e FreeRTOS/src/event_groups.o
 .text.xEventGroupGetBitsFromISR
                0x00000000        0x8 FreeRTOS/src/event_groups.o
 .text.xEventGroupSetBits
                0x00000000       0xdc FreeRTOS/src/event_groups.o
 .text.xEventGroupSync
                0x00000000       0xd2 FreeRTOS/src/event_groups.o
 .text.vEventGroupDelete
                0x00000000       0x32 FreeRTOS/src/event_groups.o
 .text.vEventGroupSetBitsCallback
                0x00000000        0x8 FreeRTOS/src/event_groups.o
 .text.vEventGroupClearBitsCallback
                0x00000000        0x8 FreeRTOS/src/event_groups.o
 .text.uxEventGroupGetNumber
                0x00000000        0xe FreeRTOS/src/event_groups.o
 .text.vEventGroupSetNumber
                0x00000000        0x6 FreeRTOS/src/event_groups.o
 .debug_info    0x00000000      0x9a8 FreeRTOS/src/event_groups.o
 .debug_abbrev  0x00000000      0x21b FreeRTOS/src/event_groups.o
 .debug_loc     0x00000000      0xc22 FreeRTOS/src/event_groups.o
 .debug_aranges
                0x00000000       0x70 FreeRTOS/src/event_groups.o
 .debug_ranges  0x00000000       0x78 FreeRTOS/src/event_groups.o
 .debug_line    0x00000000      0x3e1 FreeRTOS/src/event_groups.o
 .debug_str     0x00000000      0x60a FreeRTOS/src/event_groups.o
 .comment       0x00000000       0x31 FreeRTOS/src/event_groups.o
 .debug_frame   0x00000000      0x178 FreeRTOS/src/event_groups.o
 .text          0x00000000        0x0 FreeRTOS/src/heap_3.o
 .data          0x00000000        0x0 FreeRTOS/src/heap_3.o
 .bss           0x00000000        0x0 FreeRTOS/src/heap_3.o
 .text          0x00000000        0x0 FreeRTOS/src/list.o
 .data          0x00000000        0x0 FreeRTOS/src/list.o
 .bss           0x00000000        0x0 FreeRTOS/src/list.o
 .text          0x00000000        0x0 FreeRTOS/src/port.o
 .data          0x00000000        0x0 FreeRTOS/src/port.o
 .bss           0x00000000        0x0 FreeRTOS/src/port.o
 .text.vPortEndScheduler
                0x00000000       0x18 FreeRTOS/src/port.o
 .text          0x00000000        0x0 FreeRTOS/src/queue.o
 .data          0x00000000        0x0 FreeRTOS/src/queue.o
 .bss           0x00000000        0x0 FreeRTOS/src/queue.o
 .text.xQueueCreateCountingSemaphore
                0x00000000       0x18 FreeRTOS/src/queue.o
 .text.xQueueCreateMutex
                0x00000000       0x34 FreeRTOS/src/queue.o
 .text.xQueueGiveMutexRecursive
                0x00000000       0x46 FreeRTOS/src/queue.o
 .text.xQueueGiveFromISR
                0x00000000       0x52 FreeRTOS/src/queue.o
 .text.xQueueSemaphoreTake
                0x00000000      0x19a FreeRTOS/src/queue.o
 .text.xQueueTakeMutexRecursive
                0x00000000       0x48 FreeRTOS/src/queue.o
 .text.xQueuePeek
                0x00000000      0x132 FreeRTOS/src/queue.o
 .text.xQueueReceiveFromISR
                0x00000000       0x6e FreeRTOS/src/queue.o
 .text.xQueuePeekFromISR
                0x00000000       0x2e FreeRTOS/src/queue.o
 .text.uxQueueMessagesWaiting
                0x00000000       0x10 FreeRTOS/src/queue.o
 .text.uxQueueSpacesAvailable
                0x00000000       0x14 FreeRTOS/src/queue.o
 .text.uxQueueMessagesWaitingFromISR
                0x00000000        0x6 FreeRTOS/src/queue.o
 .text.vQueueDelete
                0x00000000        0x6 FreeRTOS/src/queue.o
 .text.uxQueueGetQueueNumber
                0x00000000        0x6 FreeRTOS/src/queue.o
 .text.vQueueSetQueueNumber
                0x00000000        0x6 FreeRTOS/src/queue.o
 .text.ucQueueGetQueueType
                0x00000000        0x6 FreeRTOS/src/queue.o
 .text.xQueueIsQueueEmptyFromISR
                0x00000000        0xc FreeRTOS/src/queue.o
 .text.xQueueIsQueueFullFromISR
                0x00000000        0xe FreeRTOS/src/queue.o
 .text          0x00000000        0x0 FreeRTOS/src/stream_buffer.o
 .data          0x00000000        0x0 FreeRTOS/src/stream_buffer.o
 .bss           0x00000000        0x0 FreeRTOS/src/stream_buffer.o
 .text.prvBytesInBuffer
                0x00000000       0x26 FreeRTOS/src/stream_buffer.o
 .text.prvWriteBytesToBuffer
                0x00000000       0x92 FreeRTOS/src/stream_buffer.o
 .text.prvWriteMessageToBuffer
                0x00000000       0x84 FreeRTOS/src/stream_buffer.o
 .text.prvReadBytesFromBuffer
                0x00000000       0x9c FreeRTOS/src/stream_buffer.o
 .text.xStreamBufferGenericCreate
                0x00000000       0x5a FreeRTOS/src/stream_buffer.o
 .text.vStreamBufferDelete
                0x00000000       0x1a FreeRTOS/src/stream_buffer.o
 .text.xStreamBufferReset
                0x00000000       0x5a FreeRTOS/src/stream_buffer.o
 .text.xStreamBufferSetTriggerLevel
                0x00000000       0x22 FreeRTOS/src/stream_buffer.o
 .text.xStreamBufferSpacesAvailable
                0x00000000       0x24 FreeRTOS/src/stream_buffer.o
 .text.xStreamBufferBytesAvailable
                0x00000000        0x6 FreeRTOS/src/stream_buffer.o
 .text.xStreamBufferSend
                0x00000000      0x148 FreeRTOS/src/stream_buffer.o
 .text.xStreamBufferSendFromISR
                0x00000000       0x8c FreeRTOS/src/stream_buffer.o
 .text.xStreamBufferReceive
                0x00000000      0x14a FreeRTOS/src/stream_buffer.o
 .text.xStreamBufferNextMessageLengthBytes
                0x00000000       0x68 FreeRTOS/src/stream_buffer.o
 .text.xStreamBufferReceiveFromISR
                0x00000000       0xe8 FreeRTOS/src/stream_buffer.o
 .text.xStreamBufferIsEmpty
                0x00000000       0x16 FreeRTOS/src/stream_buffer.o
 .text.xStreamBufferIsFull
                0x00000000       0x2c FreeRTOS/src/stream_buffer.o
 .text.xStreamBufferSendCompletedFromISR
                0x00000000       0x46 FreeRTOS/src/stream_buffer.o
 .text.xStreamBufferReceiveCompletedFromISR
                0x00000000       0x46 FreeRTOS/src/stream_buffer.o
 .text.uxStreamBufferGetStreamBufferNumber
                0x00000000        0x6 FreeRTOS/src/stream_buffer.o
 .text.vStreamBufferSetStreamBufferNumber
                0x00000000        0x6 FreeRTOS/src/stream_buffer.o
 .text.ucStreamBufferGetStreamBufferType
                0x00000000        0x8 FreeRTOS/src/stream_buffer.o
 .debug_info    0x00000000     0x14b9 FreeRTOS/src/stream_buffer.o
 .debug_abbrev  0x00000000      0x2b4 FreeRTOS/src/stream_buffer.o
 .debug_loc     0x00000000     0x1e4d FreeRTOS/src/stream_buffer.o
 .debug_aranges
                0x00000000       0xc8 FreeRTOS/src/stream_buffer.o
 .debug_ranges  0x00000000       0xb8 FreeRTOS/src/stream_buffer.o
 .debug_line    0x00000000      0x7a4 FreeRTOS/src/stream_buffer.o
 .debug_str     0x00000000      0x859 FreeRTOS/src/stream_buffer.o
 .comment       0x00000000       0x31 FreeRTOS/src/stream_buffer.o
 .debug_frame   0x00000000      0x3c8 FreeRTOS/src/stream_buffer.o
 .text          0x00000000        0x0 FreeRTOS/src/tasks.o
 .data          0x00000000        0x0 FreeRTOS/src/tasks.o
 .bss           0x00000000        0x0 FreeRTOS/src/tasks.o
 .text.vTaskDelete
                0x00000000       0xaa FreeRTOS/src/tasks.o
 .text.eTaskGetState
                0x00000000       0x82 FreeRTOS/src/tasks.o
 .text.uxTaskPriorityGet
                0x00000000       0x1e FreeRTOS/src/tasks.o
 .text.uxTaskPriorityGetFromISR
                0x00000000       0x14 FreeRTOS/src/tasks.o
 .text.vTaskPrioritySet
                0x00000000       0xf8 FreeRTOS/src/tasks.o
 .text.vTaskResume
                0x00000000       0x9e FreeRTOS/src/tasks.o
 .text.xTaskResumeFromISR
                0x00000000       0xae FreeRTOS/src/tasks.o
 .text.vTaskEndScheduler
                0x00000000        0xe FreeRTOS/src/tasks.o
 .text.xTaskGetTickCountFromISR
                0x00000000        0xa FreeRTOS/src/tasks.o
 .text.uxTaskGetNumberOfTasks
                0x00000000        0x6 FreeRTOS/src/tasks.o
 .text.pcTaskGetName
                0x00000000       0x10 FreeRTOS/src/tasks.o
 .text.vTaskDelayUntil
                0x00000000       0x7c FreeRTOS/src/tasks.o
 .text.vTaskSetApplicationTaskTag
                0x00000000       0x1e FreeRTOS/src/tasks.o
 .text.xTaskGetApplicationTaskTag
                0x00000000       0x1e FreeRTOS/src/tasks.o
 .text.xTaskGetApplicationTaskTagFromISR
                0x00000000       0x14 FreeRTOS/src/tasks.o
 .text.xTaskCallApplicationTaskHook
                0x00000000       0x24 FreeRTOS/src/tasks.o
 .text.vTaskSuspend
                0x00000000       0xa4 FreeRTOS/src/tasks.o
 .text.vTaskPlaceOnUnorderedEventList
                0x00000000       0x32 FreeRTOS/src/tasks.o
 .text.vTaskRemoveFromUnorderedEventList
                0x00000000       0x70 FreeRTOS/src/tasks.o
 .text.vTaskSetTimeOutState
                0x00000000       0x20 FreeRTOS/src/tasks.o
 .text.uxTaskGetTaskNumber
                0x00000000        0xe FreeRTOS/src/tasks.o
 .text.vTaskSetTaskNumber
                0x00000000        0xa FreeRTOS/src/tasks.o
 .text.vTaskGetInfo
                0x00000000       0xd6 FreeRTOS/src/tasks.o
 .text.prvListTasksWithinSingleList
                0x00000000       0xb2 FreeRTOS/src/tasks.o
 .text.uxTaskGetSystemState
                0x00000000       0xe8 FreeRTOS/src/tasks.o
 .text.uxTaskGetStackHighWaterMark
                0x00000000       0x3a FreeRTOS/src/tasks.o
 .text.xTaskGetCurrentTaskHandle
                0x00000000        0xa FreeRTOS/src/tasks.o
 .text.xTaskPriorityInherit
                0x00000000       0xe4 FreeRTOS/src/tasks.o
 .text.vTaskPriorityDisinheritAfterTimeout
                0x00000000       0xa0 FreeRTOS/src/tasks.o
 .text.uxTaskResetEventItemValue
                0x00000000       0x2e FreeRTOS/src/tasks.o
 .text.pvTaskIncrementMutexHeldCount
                0x00000000       0x24 FreeRTOS/src/tasks.o
 .text.ulTaskNotifyTake
                0x00000000       0xae FreeRTOS/src/tasks.o
 .text.xTaskNotifyWait
                0x00000000      0x108 FreeRTOS/src/tasks.o
 .text.xTaskGenericNotify
                0x00000000       0xfc FreeRTOS/src/tasks.o
 .text.xTaskGenericNotifyFromISR
                0x00000000      0x120 FreeRTOS/src/tasks.o
 .text.vTaskNotifyGiveFromISR
                0x00000000       0xb4 FreeRTOS/src/tasks.o
 .text.xTaskNotifyStateClear
                0x00000000       0x28 FreeRTOS/src/tasks.o
 .text          0x00000000        0x0 FreeRTOS/src/timers.o
 .data          0x00000000        0x0 FreeRTOS/src/timers.o
 .bss           0x00000000        0x0 FreeRTOS/src/timers.o
 .text.xTimerCreate
                0x00000000       0x6e FreeRTOS/src/timers.o
 .text.xTimerGetTimerDaemonTaskHandle
                0x00000000        0xa FreeRTOS/src/timers.o
 .text.xTimerGetPeriod
                0x00000000        0x8 FreeRTOS/src/timers.o
 .text.vTimerSetReloadMode
                0x00000000       0x22 FreeRTOS/src/timers.o
 .text.xTimerGetExpiryTime
                0x00000000        0x8 FreeRTOS/src/timers.o
 .text.pcTimerGetName
                0x00000000        0x8 FreeRTOS/src/timers.o
 .text.xTimerIsTimerActive
                0x00000000       0x12 FreeRTOS/src/timers.o
 .text.pvTimerGetTimerID
                0x00000000       0x12 FreeRTOS/src/timers.o
 .text.vTimerSetTimerID
                0x00000000       0x12 FreeRTOS/src/timers.o
 .text.uxTimerGetTimerNumber
                0x00000000        0x6 FreeRTOS/src/timers.o
 .text.vTimerSetTimerNumber
                0x00000000        0x6 FreeRTOS/src/timers.o
 .text          0x00000000        0x0 FreeRTOS/src/variantHooks.o
 .data          0x00000000        0x0 FreeRTOS/src/variantHooks.o
 .bss           0x00000000        0x0 FreeRTOS/src/variantHooks.o
 .text          0x00000000        0x0 main.o
 .data          0x00000000        0x0 main.o
 .bss           0x00000000        0x0 main.o
 .text          0x00000000        0x0 mySemaphores.o
 .data          0x00000000        0x0 mySemaphores.o
 .bss           0x00000000        0x0 mySemaphores.o
 .debug_line    0x00000000        0x0 mySemaphores.o
 .debug_str     0x00000000      0x134 mySemaphores.o
 .comment       0x00000000       0x31 mySemaphores.o
 .text          0x00000000        0x0 myTasks.o
 .data          0x00000000        0x0 myTasks.o
 .bss           0x00000000        0x0 myTasks.o
 .text          0x00000000        0x0 myTimers.o
 .data          0x00000000        0x0 myTimers.o
 .bss           0x00000000        0x0 myTimers.o
 .debug_line    0x00000000        0x0 myTimers.o
 .debug_str     0x00000000      0x130 myTimers.o
 .comment       0x00000000       0x31 myTimers.o
 .text          0x00000000        0x0 ../Drivers\libIotLibrary.a(mh_z19.o)
 .data          0x00000000        0x0 ../Drivers\libIotLibrary.a(mh_z19.o)
 .bss           0x00000000        0x0 ../Drivers\libIotLibrary.a(mh_z19.o)
 .text.mh_z19_get_co2_ppm
                0x00000000       0x22 ../Drivers\libIotLibrary.a(mh_z19.o)
 .text.mh_z19_set_auto_calibration
                0x00000000       0x84 ../Drivers\libIotLibrary.a(mh_z19.o)
 .text.mh_z19_calibrate_zero_point
                0x00000000       0x60 ../Drivers\libIotLibrary.a(mh_z19.o)
 .text.mh_z19_calibrate_span_point
                0x00000000       0x96 ../Drivers\libIotLibrary.a(mh_z19.o)
 .text          0x00000000        0x0 ../Drivers\libIotLibrary.a(serial.o)
 .data          0x00000000        0x0 ../Drivers\libIotLibrary.a(serial.o)
 .bss           0x00000000        0x0 ../Drivers\libIotLibrary.a(serial.o)
 .text.serial_flush_rx_fifo
                0x00000000       0x10 ../Drivers\libIotLibrary.a(serial.o)
 .text.serial_flush_tx_fifo
                0x00000000       0x10 ../Drivers\libIotLibrary.a(serial.o)
 .text.serial_rx_fifo_empty
                0x00000000       0x16 ../Drivers\libIotLibrary.a(serial.o)
 .text          0x00000000        0x0 ../Drivers\libIotLibrary.a(stdio_driver.o)
 .data          0x00000000        0x0 ../Drivers\libIotLibrary.a(stdio_driver.o)
 .bss           0x00000000        0x0 ../Drivers\libIotLibrary.a(stdio_driver.o)
 .text.stdioInputWaiting
                0x00000000       0x12 ../Drivers\libIotLibrary.a(stdio_driver.o)
 .text          0x00000000        0x0 ../Drivers\libIotLibrary.a(fifo.o)
 .data          0x00000000        0x0 ../Drivers\libIotLibrary.a(fifo.o)
 .bss           0x00000000        0x0 ../Drivers\libIotLibrary.a(fifo.o)
 .text          0x00000000        0x0 d:/program files (x86)/atmel/studio/7.0/toolchain/avr8/avr8-gnu-toolchain/bin/../lib/gcc/avr/5.4.0/../../../../avr/lib/avr6\libm.a(addsf3.o)
 .data          0x00000000        0x0 d:/program files (x86)/atmel/studio/7.0/toolchain/avr8/avr8-gnu-toolchain/bin/../lib/gcc/avr/5.4.0/../../../../avr/lib/avr6\libm.a(addsf3.o)
 .bss           0x00000000        0x0 d:/program files (x86)/atmel/studio/7.0/toolchain/avr8/avr8-gnu-toolchain/bin/../lib/gcc/avr/5.4.0/../../../../avr/lib/avr6\libm.a(addsf3.o)
 .text          0x00000000        0x0 d:/program files (x86)/atmel/studio/7.0/toolchain/avr8/avr8-gnu-toolchain/bin/../lib/gcc/avr/5.4.0/../../../../avr/lib/avr6\libm.a(addsf3x.o)
 .data          0x00000000        0x0 d:/program files (x86)/atmel/studio/7.0/toolchain/avr8/avr8-gnu-toolchain/bin/../lib/gcc/avr/5.4.0/../../../../avr/lib/avr6\libm.a(addsf3x.o)
 .bss           0x00000000        0x0 d:/program files (x86)/atmel/studio/7.0/toolchain/avr8/avr8-gnu-toolchain/bin/../lib/gcc/avr/5.4.0/../../../../avr/lib/avr6\libm.a(addsf3x.o)
 .text          0x00000000        0x0 d:/program files (x86)/atmel/studio/7.0/toolchain/avr8/avr8-gnu-toolchain/bin/../lib/gcc/avr/5.4.0/../../../../avr/lib/avr6\libm.a(divsf3.o)
 .data          0x00000000        0x0 d:/program files (x86)/atmel/studio/7.0/toolchain/avr8/avr8-gnu-toolchain/bin/../lib/gcc/avr/5.4.0/../../../../avr/lib/avr6\libm.a(divsf3.o)
 .bss           0x00000000        0x0 d:/program files (x86)/atmel/studio/7.0/toolchain/avr8/avr8-gnu-toolchain/bin/../lib/gcc/avr/5.4.0/../../../../avr/lib/avr6\libm.a(divsf3.o)
 .text          0x00000000        0x0 d:/program files (x86)/atmel/studio/7.0/toolchain/avr8/avr8-gnu-toolchain/bin/../lib/gcc/avr/5.4.0/../../../../avr/lib/avr6\libm.a(divsf3x.o)
 .data          0x00000000        0x0 d:/program files (x86)/atmel/studio/7.0/toolchain/avr8/avr8-gnu-toolchain/bin/../lib/gcc/avr/5.4.0/../../../../avr/lib/avr6\libm.a(divsf3x.o)
 .bss           0x00000000        0x0 d:/program files (x86)/atmel/studio/7.0/toolchain/avr8/avr8-gnu-toolchain/bin/../lib/gcc/avr/5.4.0/../../../../avr/lib/avr6\libm.a(divsf3x.o)
 .text          0x00000000        0x0 d:/program files (x86)/atmel/studio/7.0/toolchain/avr8/avr8-gnu-toolchain/bin/../lib/gcc/avr/5.4.0/../../../../avr/lib/avr6\libm.a(fixunssfsi.o)
 .data          0x00000000        0x0 d:/program files (x86)/atmel/studio/7.0/toolchain/avr8/avr8-gnu-toolchain/bin/../lib/gcc/avr/5.4.0/../../../../avr/lib/avr6\libm.a(fixunssfsi.o)
 .bss           0x00000000        0x0 d:/program files (x86)/atmel/studio/7.0/toolchain/avr8/avr8-gnu-toolchain/bin/../lib/gcc/avr/5.4.0/../../../../avr/lib/avr6\libm.a(fixunssfsi.o)
 .text          0x00000000        0x0 d:/program files (x86)/atmel/studio/7.0/toolchain/avr8/avr8-gnu-toolchain/bin/../lib/gcc/avr/5.4.0/../../../../avr/lib/avr6\libm.a(floatsisf.o)
 .data          0x00000000        0x0 d:/program files (x86)/atmel/studio/7.0/toolchain/avr8/avr8-gnu-toolchain/bin/../lib/gcc/avr/5.4.0/../../../../avr/lib/avr6\libm.a(floatsisf.o)
 .bss           0x00000000        0x0 d:/program files (x86)/atmel/studio/7.0/toolchain/avr8/avr8-gnu-toolchain/bin/../lib/gcc/avr/5.4.0/../../../../avr/lib/avr6\libm.a(floatsisf.o)
 .text          0x00000000        0x0 d:/program files (x86)/atmel/studio/7.0/toolchain/avr8/avr8-gnu-toolchain/bin/../lib/gcc/avr/5.4.0/../../../../avr/lib/avr6\libm.a(fp_inf.o)
 .data          0x00000000        0x0 d:/program files (x86)/atmel/studio/7.0/toolchain/avr8/avr8-gnu-toolchain/bin/../lib/gcc/avr/5.4.0/../../../../avr/lib/avr6\libm.a(fp_inf.o)
 .bss           0x00000000        0x0 d:/program files (x86)/atmel/studio/7.0/toolchain/avr8/avr8-gnu-toolchain/bin/../lib/gcc/avr/5.4.0/../../../../avr/lib/avr6\libm.a(fp_inf.o)
 .text          0x00000000        0x0 d:/program files (x86)/atmel/studio/7.0/toolchain/avr8/avr8-gnu-toolchain/bin/../lib/gcc/avr/5.4.0/../../../../avr/lib/avr6\libm.a(fp_nan.o)
 .data          0x00000000        0x0 d:/program files (x86)/atmel/studio/7.0/toolchain/avr8/avr8-gnu-toolchain/bin/../lib/gcc/avr/5.4.0/../../../../avr/lib/avr6\libm.a(fp_nan.o)
 .bss           0x00000000        0x0 d:/program files (x86)/atmel/studio/7.0/toolchain/avr8/avr8-gnu-toolchain/bin/../lib/gcc/avr/5.4.0/../../../../avr/lib/avr6\libm.a(fp_nan.o)
 .text          0x00000000        0x0 d:/program files (x86)/atmel/studio/7.0/toolchain/avr8/avr8-gnu-toolchain/bin/../lib/gcc/avr/5.4.0/../../../../avr/lib/avr6\libm.a(fp_pscA.o)
 .data          0x00000000        0x0 d:/program files (x86)/atmel/studio/7.0/toolchain/avr8/avr8-gnu-toolchain/bin/../lib/gcc/avr/5.4.0/../../../../avr/lib/avr6\libm.a(fp_pscA.o)
 .bss           0x00000000        0x0 d:/program files (x86)/atmel/studio/7.0/toolchain/avr8/avr8-gnu-toolchain/bin/../lib/gcc/avr/5.4.0/../../../../avr/lib/avr6\libm.a(fp_pscA.o)
 .text          0x00000000        0x0 d:/program files (x86)/atmel/studio/7.0/toolchain/avr8/avr8-gnu-toolchain/bin/../lib/gcc/avr/5.4.0/../../../../avr/lib/avr6\libm.a(fp_pscB.o)
 .data          0x00000000        0x0 d:/program files (x86)/atmel/studio/7.0/toolchain/avr8/avr8-gnu-toolchain/bin/../lib/gcc/avr/5.4.0/../../../../avr/lib/avr6\libm.a(fp_pscB.o)
 .bss           0x00000000        0x0 d:/program files (x86)/atmel/studio/7.0/toolchain/avr8/avr8-gnu-toolchain/bin/../lib/gcc/avr/5.4.0/../../../../avr/lib/avr6\libm.a(fp_pscB.o)
 .text          0x00000000        0x0 d:/program files (x86)/atmel/studio/7.0/toolchain/avr8/avr8-gnu-toolchain/bin/../lib/gcc/avr/5.4.0/../../../../avr/lib/avr6\libm.a(fp_round.o)
 .data          0x00000000        0x0 d:/program files (x86)/atmel/studio/7.0/toolchain/avr8/avr8-gnu-toolchain/bin/../lib/gcc/avr/5.4.0/../../../../avr/lib/avr6\libm.a(fp_round.o)
 .bss           0x00000000        0x0 d:/program files (x86)/atmel/studio/7.0/toolchain/avr8/avr8-gnu-toolchain/bin/../lib/gcc/avr/5.4.0/../../../../avr/lib/avr6\libm.a(fp_round.o)
 .text          0x00000000        0x0 d:/program files (x86)/atmel/studio/7.0/toolchain/avr8/avr8-gnu-toolchain/bin/../lib/gcc/avr/5.4.0/../../../../avr/lib/avr6\libm.a(fp_split3.o)
 .data          0x00000000        0x0 d:/program files (x86)/atmel/studio/7.0/toolchain/avr8/avr8-gnu-toolchain/bin/../lib/gcc/avr/5.4.0/../../../../avr/lib/avr6\libm.a(fp_split3.o)
 .bss           0x00000000        0x0 d:/program files (x86)/atmel/studio/7.0/toolchain/avr8/avr8-gnu-toolchain/bin/../lib/gcc/avr/5.4.0/../../../../avr/lib/avr6\libm.a(fp_split3.o)
 .text          0x00000000        0x0 d:/program files (x86)/atmel/studio/7.0/toolchain/avr8/avr8-gnu-toolchain/bin/../lib/gcc/avr/5.4.0/../../../../avr/lib/avr6\libm.a(fp_zero.o)
 .data          0x00000000        0x0 d:/program files (x86)/atmel/studio/7.0/toolchain/avr8/avr8-gnu-toolchain/bin/../lib/gcc/avr/5.4.0/../../../../avr/lib/avr6\libm.a(fp_zero.o)
 .bss           0x00000000        0x0 d:/program files (x86)/atmel/studio/7.0/toolchain/avr8/avr8-gnu-toolchain/bin/../lib/gcc/avr/5.4.0/../../../../avr/lib/avr6\libm.a(fp_zero.o)
 .text          0x00000000        0x0 d:/program files (x86)/atmel/studio/7.0/toolchain/avr8/avr8-gnu-toolchain/bin/../lib/gcc/avr/5.4.0/../../../../avr/lib/avr6\libm.a(mulsf3.o)
 .data          0x00000000        0x0 d:/program files (x86)/atmel/studio/7.0/toolchain/avr8/avr8-gnu-toolchain/bin/../lib/gcc/avr/5.4.0/../../../../avr/lib/avr6\libm.a(mulsf3.o)
 .bss           0x00000000        0x0 d:/program files (x86)/atmel/studio/7.0/toolchain/avr8/avr8-gnu-toolchain/bin/../lib/gcc/avr/5.4.0/../../../../avr/lib/avr6\libm.a(mulsf3.o)
 .text          0x00000000        0x0 d:/program files (x86)/atmel/studio/7.0/toolchain/avr8/avr8-gnu-toolchain/bin/../lib/gcc/avr/5.4.0/../../../../avr/lib/avr6\libm.a(mulsf3x.o)
 .data          0x00000000        0x0 d:/program files (x86)/atmel/studio/7.0/toolchain/avr8/avr8-gnu-toolchain/bin/../lib/gcc/avr/5.4.0/../../../../avr/lib/avr6\libm.a(mulsf3x.o)
 .bss           0x00000000        0x0 d:/program files (x86)/atmel/studio/7.0/toolchain/avr8/avr8-gnu-toolchain/bin/../lib/gcc/avr/5.4.0/../../../../avr/lib/avr6\libm.a(mulsf3x.o)
 .text          0x00000000        0x0 d:/program files (x86)/atmel/studio/7.0/toolchain/avr8/avr8-gnu-toolchain/bin/../lib/gcc/avr/5.4.0/avr6\libgcc.a(_exit.o)
 .data          0x00000000        0x0 d:/program files (x86)/atmel/studio/7.0/toolchain/avr8/avr8-gnu-toolchain/bin/../lib/gcc/avr/5.4.0/avr6\libgcc.a(_exit.o)
 .bss           0x00000000        0x0 d:/program files (x86)/atmel/studio/7.0/toolchain/avr8/avr8-gnu-toolchain/bin/../lib/gcc/avr/5.4.0/avr6\libgcc.a(_exit.o)
 .text.libgcc.mul
                0x00000000        0x0 d:/program files (x86)/atmel/studio/7.0/toolchain/avr8/avr8-gnu-toolchain/bin/../lib/gcc/avr/5.4.0/avr6\libgcc.a(_exit.o)
 .text.libgcc.div
                0x00000000        0x0 d:/program files (x86)/atmel/studio/7.0/toolchain/avr8/avr8-gnu-toolchain/bin/../lib/gcc/avr/5.4.0/avr6\libgcc.a(_exit.o)
 .text.libgcc   0x00000000        0x0 d:/program files (x86)/atmel/studio/7.0/toolchain/avr8/avr8-gnu-toolchain/bin/../lib/gcc/avr/5.4.0/avr6\libgcc.a(_exit.o)
 .text.libgcc.prologue
                0x00000000        0x0 d:/program files (x86)/atmel/studio/7.0/toolchain/avr8/avr8-gnu-toolchain/bin/../lib/gcc/avr/5.4.0/avr6\libgcc.a(_exit.o)
 .text.libgcc.builtins
                0x00000000        0x0 d:/program files (x86)/atmel/studio/7.0/toolchain/avr8/avr8-gnu-toolchain/bin/../lib/gcc/avr/5.4.0/avr6\libgcc.a(_exit.o)
 .text.libgcc.fmul
                0x00000000        0x0 d:/program files (x86)/atmel/studio/7.0/toolchain/avr8/avr8-gnu-toolchain/bin/../lib/gcc/avr/5.4.0/avr6\libgcc.a(_exit.o)
 .text.libgcc.fixed
                0x00000000        0x0 d:/program files (x86)/atmel/studio/7.0/toolchain/avr8/avr8-gnu-toolchain/bin/../lib/gcc/avr/5.4.0/avr6\libgcc.a(_exit.o)
 .text          0x00000000        0x0 d:/program files (x86)/atmel/studio/7.0/toolchain/avr8/avr8-gnu-toolchain/bin/../lib/gcc/avr/5.4.0/avr6\libgcc.a(_tablejump2.o)
 .data          0x00000000        0x0 d:/program files (x86)/atmel/studio/7.0/toolchain/avr8/avr8-gnu-toolchain/bin/../lib/gcc/avr/5.4.0/avr6\libgcc.a(_tablejump2.o)
 .bss           0x00000000        0x0 d:/program files (x86)/atmel/studio/7.0/toolchain/avr8/avr8-gnu-toolchain/bin/../lib/gcc/avr/5.4.0/avr6\libgcc.a(_tablejump2.o)
 .text.libgcc.mul
                0x00000000        0x0 d:/program files (x86)/atmel/studio/7.0/toolchain/avr8/avr8-gnu-toolchain/bin/../lib/gcc/avr/5.4.0/avr6\libgcc.a(_tablejump2.o)
 .text.libgcc.div
                0x00000000        0x0 d:/program files (x86)/atmel/studio/7.0/toolchain/avr8/avr8-gnu-toolchain/bin/../lib/gcc/avr/5.4.0/avr6\libgcc.a(_tablejump2.o)
 .text.libgcc.prologue
                0x00000000        0x0 d:/program files (x86)/atmel/studio/7.0/toolchain/avr8/avr8-gnu-toolchain/bin/../lib/gcc/avr/5.4.0/avr6\libgcc.a(_tablejump2.o)
 .text.libgcc.builtins
                0x00000000        0x0 d:/program files (x86)/atmel/studio/7.0/toolchain/avr8/avr8-gnu-toolchain/bin/../lib/gcc/avr/5.4.0/avr6\libgcc.a(_tablejump2.o)
 .text.libgcc.fmul
                0x00000000        0x0 d:/program files (x86)/atmel/studio/7.0/toolchain/avr8/avr8-gnu-toolchain/bin/../lib/gcc/avr/5.4.0/avr6\libgcc.a(_tablejump2.o)
 .text.libgcc.fixed
                0x00000000        0x0 d:/program files (x86)/atmel/studio/7.0/toolchain/avr8/avr8-gnu-toolchain/bin/../lib/gcc/avr/5.4.0/avr6\libgcc.a(_tablejump2.o)
 .text          0x00000000        0x0 d:/program files (x86)/atmel/studio/7.0/toolchain/avr8/avr8-gnu-toolchain/bin/../lib/gcc/avr/5.4.0/avr6\libgcc.a(_copy_data.o)
 .data          0x00000000        0x0 d:/program files (x86)/atmel/studio/7.0/toolchain/avr8/avr8-gnu-toolchain/bin/../lib/gcc/avr/5.4.0/avr6\libgcc.a(_copy_data.o)
 .bss           0x00000000        0x0 d:/program files (x86)/atmel/studio/7.0/toolchain/avr8/avr8-gnu-toolchain/bin/../lib/gcc/avr/5.4.0/avr6\libgcc.a(_copy_data.o)
 .text.libgcc.mul
                0x00000000        0x0 d:/program files (x86)/atmel/studio/7.0/toolchain/avr8/avr8-gnu-toolchain/bin/../lib/gcc/avr/5.4.0/avr6\libgcc.a(_copy_data.o)
 .text.libgcc.div
                0x00000000        0x0 d:/program files (x86)/atmel/studio/7.0/toolchain/avr8/avr8-gnu-toolchain/bin/../lib/gcc/avr/5.4.0/avr6\libgcc.a(_copy_data.o)
 .text.libgcc   0x00000000        0x0 d:/program files (x86)/atmel/studio/7.0/toolchain/avr8/avr8-gnu-toolchain/bin/../lib/gcc/avr/5.4.0/avr6\libgcc.a(_copy_data.o)
 .text.libgcc.prologue
                0x00000000        0x0 d:/program files (x86)/atmel/studio/7.0/toolchain/avr8/avr8-gnu-toolchain/bin/../lib/gcc/avr/5.4.0/avr6\libgcc.a(_copy_data.o)
 .text.libgcc.builtins
                0x00000000        0x0 d:/program files (x86)/atmel/studio/7.0/toolchain/avr8/avr8-gnu-toolchain/bin/../lib/gcc/avr/5.4.0/avr6\libgcc.a(_copy_data.o)
 .text.libgcc.fmul
                0x00000000        0x0 d:/program files (x86)/atmel/studio/7.0/toolchain/avr8/avr8-gnu-toolchain/bin/../lib/gcc/avr/5.4.0/avr6\libgcc.a(_copy_data.o)
 .text.libgcc.fixed
                0x00000000        0x0 d:/program files (x86)/atmel/studio/7.0/toolchain/avr8/avr8-gnu-toolchain/bin/../lib/gcc/avr/5.4.0/avr6\libgcc.a(_copy_data.o)
 .text          0x00000000        0x0 d:/program files (x86)/atmel/studio/7.0/toolchain/avr8/avr8-gnu-toolchain/bin/../lib/gcc/avr/5.4.0/avr6\libgcc.a(_clear_bss.o)
 .data          0x00000000        0x0 d:/program files (x86)/atmel/studio/7.0/toolchain/avr8/avr8-gnu-toolchain/bin/../lib/gcc/avr/5.4.0/avr6\libgcc.a(_clear_bss.o)
 .bss           0x00000000        0x0 d:/program files (x86)/atmel/studio/7.0/toolchain/avr8/avr8-gnu-toolchain/bin/../lib/gcc/avr/5.4.0/avr6\libgcc.a(_clear_bss.o)
 .text.libgcc.mul
                0x00000000        0x0 d:/program files (x86)/atmel/studio/7.0/toolchain/avr8/avr8-gnu-toolchain/bin/../lib/gcc/avr/5.4.0/avr6\libgcc.a(_clear_bss.o)
 .text.libgcc.div
                0x00000000        0x0 d:/program files (x86)/atmel/studio/7.0/toolchain/avr8/avr8-gnu-toolchain/bin/../lib/gcc/avr/5.4.0/avr6\libgcc.a(_clear_bss.o)
 .text.libgcc   0x00000000        0x0 d:/program files (x86)/atmel/studio/7.0/toolchain/avr8/avr8-gnu-toolchain/bin/../lib/gcc/avr/5.4.0/avr6\libgcc.a(_clear_bss.o)
 .text.libgcc.prologue
                0x00000000        0x0 d:/program files (x86)/atmel/studio/7.0/toolchain/avr8/avr8-gnu-toolchain/bin/../lib/gcc/avr/5.4.0/avr6\libgcc.a(_clear_bss.o)
 .text.libgcc.builtins
                0x00000000        0x0 d:/program files (x86)/atmel/studio/7.0/toolchain/avr8/avr8-gnu-toolchain/bin/../lib/gcc/avr/5.4.0/avr6\libgcc.a(_clear_bss.o)
 .text.libgcc.fmul
                0x00000000        0x0 d:/program files (x86)/atmel/studio/7.0/toolchain/avr8/avr8-gnu-toolchain/bin/../lib/gcc/avr/5.4.0/avr6\libgcc.a(_clear_bss.o)
 .text.libgcc.fixed
                0x00000000        0x0 d:/program files (x86)/atmel/studio/7.0/toolchain/avr8/avr8-gnu-toolchain/bin/../lib/gcc/avr/5.4.0/avr6\libgcc.a(_clear_bss.o)
 .text          0x00000000        0x0 d:/program files (x86)/atmel/studio/7.0/toolchain/avr8/avr8-gnu-toolchain/bin/../lib/gcc/avr/5.4.0/../../../../avr/lib/avr6\libc.a(calloc.o)
 .data          0x00000000        0x0 d:/program files (x86)/atmel/studio/7.0/toolchain/avr8/avr8-gnu-toolchain/bin/../lib/gcc/avr/5.4.0/../../../../avr/lib/avr6\libc.a(calloc.o)
 .bss           0x00000000        0x0 d:/program files (x86)/atmel/studio/7.0/toolchain/avr8/avr8-gnu-toolchain/bin/../lib/gcc/avr/5.4.0/../../../../avr/lib/avr6\libc.a(calloc.o)
 .text          0x00000000        0x0 d:/program files (x86)/atmel/studio/7.0/toolchain/avr8/avr8-gnu-toolchain/bin/../lib/gcc/avr/5.4.0/../../../../avr/lib/avr6\libc.a(malloc.o)
 .bss           0x00000000        0x0 d:/program files (x86)/atmel/studio/7.0/toolchain/avr8/avr8-gnu-toolchain/bin/../lib/gcc/avr/5.4.0/../../../../avr/lib/avr6\libc.a(malloc.o)
 .text          0x00000000        0x0 d:/program files (x86)/atmel/studio/7.0/toolchain/avr8/avr8-gnu-toolchain/bin/../lib/gcc/avr/5.4.0/../../../../avr/lib/avr6\libc.a(abort.o)
 .data          0x00000000        0x0 d:/program files (x86)/atmel/studio/7.0/toolchain/avr8/avr8-gnu-toolchain/bin/../lib/gcc/avr/5.4.0/../../../../avr/lib/avr6\libc.a(abort.o)
 .bss           0x00000000        0x0 d:/program files (x86)/atmel/studio/7.0/toolchain/avr8/avr8-gnu-toolchain/bin/../lib/gcc/avr/5.4.0/../../../../avr/lib/avr6\libc.a(abort.o)
 .text          0x00000000        0x0 d:/program files (x86)/atmel/studio/7.0/toolchain/avr8/avr8-gnu-toolchain/bin/../lib/gcc/avr/5.4.0/../../../../avr/lib/avr6\libc.a(memcpy.o)
 .data          0x00000000        0x0 d:/program files (x86)/atmel/studio/7.0/toolchain/avr8/avr8-gnu-toolchain/bin/../lib/gcc/avr/5.4.0/../../../../avr/lib/avr6\libc.a(memcpy.o)
 .bss           0x00000000        0x0 d:/program files (x86)/atmel/studio/7.0/toolchain/avr8/avr8-gnu-toolchain/bin/../lib/gcc/avr/5.4.0/../../../../avr/lib/avr6\libc.a(memcpy.o)
 .text          0x00000000        0x0 d:/program files (x86)/atmel/studio/7.0/toolchain/avr8/avr8-gnu-toolchain/bin/../lib/gcc/avr/5.4.0/../../../../avr/lib/avr6\libc.a(memset.o)
 .data          0x00000000        0x0 d:/program files (x86)/atmel/studio/7.0/toolchain/avr8/avr8-gnu-toolchain/bin/../lib/gcc/avr/5.4.0/../../../../avr/lib/avr6\libc.a(memset.o)
 .bss           0x00000000        0x0 d:/program files (x86)/atmel/studio/7.0/toolchain/avr8/avr8-gnu-toolchain/bin/../lib/gcc/avr/5.4.0/../../../../avr/lib/avr6\libc.a(memset.o)
 .text          0x00000000        0x0 d:/program files (x86)/atmel/studio/7.0/toolchain/avr8/avr8-gnu-toolchain/bin/../lib/gcc/avr/5.4.0/../../../../avr/lib/avr6\libc.a(iob.o)
 .data          0x00000000        0x0 d:/program files (x86)/atmel/studio/7.0/toolchain/avr8/avr8-gnu-toolchain/bin/../lib/gcc/avr/5.4.0/../../../../avr/lib/avr6\libc.a(iob.o)
 .bss           0x00000000        0x0 d:/program files (x86)/atmel/studio/7.0/toolchain/avr8/avr8-gnu-toolchain/bin/../lib/gcc/avr/5.4.0/../../../../avr/lib/avr6\libc.a(iob.o)
 .text          0x00000000        0x0 d:/program files (x86)/atmel/studio/7.0/toolchain/avr8/avr8-gnu-toolchain/bin/../lib/gcc/avr/5.4.0/../../../../avr/lib/avr6\libc.a(printf.o)
 .data          0x00000000        0x0 d:/program files (x86)/atmel/studio/7.0/toolchain/avr8/avr8-gnu-toolchain/bin/../lib/gcc/avr/5.4.0/../../../../avr/lib/avr6\libc.a(printf.o)
 .bss           0x00000000        0x0 d:/program files (x86)/atmel/studio/7.0/toolchain/avr8/avr8-gnu-toolchain/bin/../lib/gcc/avr/5.4.0/../../../../avr/lib/avr6\libc.a(printf.o)
 .text          0x00000000        0x0 d:/program files (x86)/atmel/studio/7.0/toolchain/avr8/avr8-gnu-toolchain/bin/../lib/gcc/avr/5.4.0/../../../../avr/lib/avr6\libc.a(puts.o)
 .data          0x00000000        0x0 d:/program files (x86)/atmel/studio/7.0/toolchain/avr8/avr8-gnu-toolchain/bin/../lib/gcc/avr/5.4.0/../../../../avr/lib/avr6\libc.a(puts.o)
 .bss           0x00000000        0x0 d:/program files (x86)/atmel/studio/7.0/toolchain/avr8/avr8-gnu-toolchain/bin/../lib/gcc/avr/5.4.0/../../../../avr/lib/avr6\libc.a(puts.o)
 .text          0x00000000        0x0 d:/program files (x86)/atmel/studio/7.0/toolchain/avr8/avr8-gnu-toolchain/bin/../lib/gcc/avr/5.4.0/../../../../avr/lib/avr6\libc.a(vfprintf_std.o)
 .data          0x00000000        0x0 d:/program files (x86)/atmel/studio/7.0/toolchain/avr8/avr8-gnu-toolchain/bin/../lib/gcc/avr/5.4.0/../../../../avr/lib/avr6\libc.a(vfprintf_std.o)
 .bss           0x00000000        0x0 d:/program files (x86)/atmel/studio/7.0/toolchain/avr8/avr8-gnu-toolchain/bin/../lib/gcc/avr/5.4.0/../../../../avr/lib/avr6\libc.a(vfprintf_std.o)
 .text          0x00000000        0x0 d:/program files (x86)/atmel/studio/7.0/toolchain/avr8/avr8-gnu-toolchain/bin/../lib/gcc/avr/5.4.0/../../../../avr/lib/avr6\libc.a(strnlen_P.o)
 .data          0x00000000        0x0 d:/program files (x86)/atmel/studio/7.0/toolchain/avr8/avr8-gnu-toolchain/bin/../lib/gcc/avr/5.4.0/../../../../avr/lib/avr6\libc.a(strnlen_P.o)
 .bss           0x00000000        0x0 d:/program files (x86)/atmel/studio/7.0/toolchain/avr8/avr8-gnu-toolchain/bin/../lib/gcc/avr/5.4.0/../../../../avr/lib/avr6\libc.a(strnlen_P.o)
 .text          0x00000000        0x0 d:/program files (x86)/atmel/studio/7.0/toolchain/avr8/avr8-gnu-toolchain/bin/../lib/gcc/avr/5.4.0/../../../../avr/lib/avr6\libc.a(strnlen.o)
 .data          0x00000000        0x0 d:/program files (x86)/atmel/studio/7.0/toolchain/avr8/avr8-gnu-toolchain/bin/../lib/gcc/avr/5.4.0/../../../../avr/lib/avr6\libc.a(strnlen.o)
 .bss           0x00000000        0x0 d:/program files (x86)/atmel/studio/7.0/toolchain/avr8/avr8-gnu-toolchain/bin/../lib/gcc/avr/5.4.0/../../../../avr/lib/avr6\libc.a(strnlen.o)
 .text          0x00000000        0x0 d:/program files (x86)/atmel/studio/7.0/toolchain/avr8/avr8-gnu-toolchain/bin/../lib/gcc/avr/5.4.0/../../../../avr/lib/avr6\libc.a(fputc.o)
 .data          0x00000000        0x0 d:/program files (x86)/atmel/studio/7.0/toolchain/avr8/avr8-gnu-toolchain/bin/../lib/gcc/avr/5.4.0/../../../../avr/lib/avr6\libc.a(fputc.o)
 .bss           0x00000000        0x0 d:/program files (x86)/atmel/studio/7.0/toolchain/avr8/avr8-gnu-toolchain/bin/../lib/gcc/avr/5.4.0/../../../../avr/lib/avr6\libc.a(fputc.o)
 .text          0x00000000        0x0 d:/program files (x86)/atmel/studio/7.0/toolchain/avr8/avr8-gnu-toolchain/bin/../lib/gcc/avr/5.4.0/../../../../avr/lib/avr6\libc.a(ultoa_invert.o)
 .data          0x00000000        0x0 d:/program files (x86)/atmel/studio/7.0/toolchain/avr8/avr8-gnu-toolchain/bin/../lib/gcc/avr/5.4.0/../../../../avr/lib/avr6\libc.a(ultoa_invert.o)
 .bss           0x00000000        0x0 d:/program files (x86)/atmel/studio/7.0/toolchain/avr8/avr8-gnu-toolchain/bin/../lib/gcc/avr/5.4.0/../../../../avr/lib/avr6\libc.a(ultoa_invert.o)

Memory Configuration

Name             Origin             Length             Attributes
text             0x00000000         0x00100000         xr
data             0x00800200         0x0000fe00         rw !x
eeprom           0x00810000         0x00010000         rw !x
fuse             0x00820000         0x00000003         rw !x
lock             0x00830000         0x00000400         rw !x
signature        0x00840000         0x00000400         rw !x
user_signatures  0x00850000         0x00000400         rw !x
*default*        0x00000000         0xffffffff

Linker script and memory map

Address of section .data set to 0x800200
LOAD D:/Program Files (x86)/Atmel/Studio/7.0/Packs/atmel/ATmega_DFP/1.2.209/gcc/dev/atmega2560/avr6/crtatmega2560.o
LOAD co2Sensor.o
LOAD FreeRTOS/FreeRTOSTraceDriver/FreeRTOSTraceDriver.o
LOAD FreeRTOS/src/croutine.o
LOAD FreeRTOS/src/event_groups.o
LOAD FreeRTOS/src/heap_3.o
LOAD FreeRTOS/src/list.o
LOAD FreeRTOS/src/port.o
LOAD FreeRTOS/src/queue.o
LOAD FreeRTOS/src/stream_buffer.o
LOAD FreeRTOS/src/tasks.o
LOAD FreeRTOS/src/timers.o
LOAD FreeRTOS/src/variantHooks.o
LOAD main.o
LOAD mySemaphores.o
LOAD myTasks.o
LOAD myTimers.o
START GROUP
LOAD d:/program files (x86)/atmel/studio/7.0/toolchain/avr8/avr8-gnu-toolchain/bin/../lib/gcc/avr/5.4.0/../../../../avr/lib/avr6\libm.a
LOAD ../Drivers\libIotLibrary.a
END GROUP
START GROUP
LOAD d:/program files (x86)/atmel/studio/7.0/toolchain/avr8/avr8-gnu-toolchain/bin/../lib/gcc/avr/5.4.0/avr6\libgcc.a
LOAD d:/program files (x86)/atmel/studio/7.0/toolchain/avr8/avr8-gnu-toolchain/bin/../lib/gcc/avr/5.4.0/../../../../avr/lib/avr6\libm.a
LOAD d:/program files (x86)/atmel/studio/7.0/toolchain/avr8/avr8-gnu-toolchain/bin/../lib/gcc/avr/5.4.0/../../../../avr/lib/avr6\libc.a
LOAD D:/Program Files (x86)/Atmel/Studio/7.0/Packs/atmel/ATmega_DFP/1.2.209/gcc/dev/atmega2560/avr6\libatmega2560.a
END GROUP
                0x00100000                __TEXT_REGION_LENGTH__ = DEFINED (__TEXT_REGION_LENGTH__)?__TEXT_REGION_LENGTH__:0x100000
                0x0000fe00                __DATA_REGION_LENGTH__ = DEFINED (__DATA_REGION_LENGTH__)?__DATA_REGION_LENGTH__:0xfe00
                0x00010000                __EEPROM_REGION_LENGTH__ = DEFINED (__EEPROM_REGION_LENGTH__)?__EEPROM_REGION_LENGTH__:0x10000
                [0x00000003]                __FUSE_REGION_LENGTH__ = DEFINED (__FUSE_REGION_LENGTH__)?__FUSE_REGION_LENGTH__:0x400
                0x00000400                __LOCK_REGION_LENGTH__ = DEFINED (__LOCK_REGION_LENGTH__)?__LOCK_REGION_LENGTH__:0x400
                0x00000400                __SIGNATURE_REGION_LENGTH__ = DEFINED (__SIGNATURE_REGION_LENGTH__)?__SIGNATURE_REGION_LENGTH__:0x400
                0x00000400                __USER_SIGNATURE_REGION_LENGTH__ = DEFINED (__USER_SIGNATURE_REGION_LENGTH__)?__USER_SIGNATURE_REGION_LENGTH__:0x400

.hash
 *(.hash)

.dynsym
 *(.dynsym)

.dynstr
 *(.dynstr)

.gnu.version
 *(.gnu.version)

.gnu.version_d
 *(.gnu.version_d)

.gnu.version_r
 *(.gnu.version_r)

.rel.init
 *(.rel.init)

.rela.init
 *(.rela.init)

.rel.text
 *(.rel.text)
 *(.rel.text.*)
 *(.rel.gnu.linkonce.t*)

.rela.text
 *(.rela.text)
 *(.rela.text.*)
 *(.rela.gnu.linkonce.t*)

.rel.fini
 *(.rel.fini)

.rela.fini
 *(.rela.fini)

.rel.rodata
 *(.rel.rodata)
 *(.rel.rodata.*)
 *(.rel.gnu.linkonce.r*)

.rela.rodata
 *(.rela.rodata)
 *(.rela.rodata.*)
 *(.rela.gnu.linkonce.r*)

.rel.data
 *(.rel.data)
 *(.rel.data.*)
 *(.rel.gnu.linkonce.d*)

.rela.data
 *(.rela.data)
 *(.rela.data.*)
 *(.rela.gnu.linkonce.d*)

.rel.ctors
 *(.rel.ctors)

.rela.ctors
 *(.rela.ctors)

.rel.dtors
 *(.rel.dtors)

.rela.dtors
 *(.rela.dtors)

.rel.got
 *(.rel.got)

.rela.got
 *(.rela.got)

.rel.bss
 *(.rel.bss)

.rela.bss
 *(.rela.bss)

.rel.plt
 *(.rel.plt)

.rela.plt
 *(.rela.plt)

.text           0x00000000     0x2f5e
 *(.vectors)
 .vectors       0x00000000       0xe4 D:/Program Files (x86)/Atmel/Studio/7.0/Packs/atmel/ATmega_DFP/1.2.209/gcc/dev/atmega2560/avr6/crtatmega2560.o
                0x00000000                __vector_default
                0x00000000                __vectors
 *(.vectors)
 *(.progmem.gcc*)
 .progmem.gcc_sw_table
                0x000000e4       0x14 FreeRTOS/src/timers.o
                0x000000f8                . = ALIGN (0x2)
                0x000000f8                __trampolines_start = .
 *(.trampolines)
 .trampolines   0x000000f8        0x0 linker stubs
 *(.trampolines*)
                0x000000f8                __trampolines_end = .
 *libprintf_flt.a:*(.progmem.data)
 *libc.a:*(.progmem.data)
 *(.progmem*)
                0x000000f8                . = ALIGN (0x2)
 *(.jumptables)
 *(.jumptables*)
 *(.lowtext)
 .lowtext       0x000000f8       0x6c FreeRTOS/src/tasks.o
 .lowtext       0x00000164      0x202 FreeRTOS/src/timers.o
 *(.lowtext*)
                0x00000366                __ctors_start = .
 *(.ctors)
                0x00000366                __ctors_end = .
                0x00000366                __dtors_start = .
 *(.dtors)
                0x00000366                __dtors_end = .
 SORT(*)(.ctors)
 SORT(*)(.dtors)
 *(.init0)
 .init0         0x00000366        0x0 D:/Program Files (x86)/Atmel/Studio/7.0/Packs/atmel/ATmega_DFP/1.2.209/gcc/dev/atmega2560/avr6/crtatmega2560.o
                0x00000366                __init
 *(.init0)
 *(.init1)
 *(.init1)
 *(.init2)
 .init2         0x00000366       0x10 D:/Program Files (x86)/Atmel/Studio/7.0/Packs/atmel/ATmega_DFP/1.2.209/gcc/dev/atmega2560/avr6/crtatmega2560.o
 *(.init2)
 *(.init3)
 *(.init3)
 *(.init4)
 .init4         0x00000376       0x1a d:/program files (x86)/atmel/studio/7.0/toolchain/avr8/avr8-gnu-toolchain/bin/../lib/gcc/avr/5.4.0/avr6\libgcc.a(_copy_data.o)
                0x00000376                __do_copy_data
 .init4         0x00000390       0x10 d:/program files (x86)/atmel/studio/7.0/toolchain/avr8/avr8-gnu-toolchain/bin/../lib/gcc/avr/5.4.0/avr6\libgcc.a(_clear_bss.o)
                0x00000390                __do_clear_bss
 *(.init4)
 *(.init5)
 *(.init5)
 *(.init6)
 *(.init6)
 *(.init7)
 *(.init7)
 *(.init8)
 *(.init8)
 *(.init9)
 .init9         0x000003a0        0x8 D:/Program Files (x86)/Atmel/Studio/7.0/Packs/atmel/ATmega_DFP/1.2.209/gcc/dev/atmega2560/avr6/crtatmega2560.o
 *(.init9)
 *(.text)
 .text          0x000003a8        0x2 D:/Program Files (x86)/Atmel/Studio/7.0/Packs/atmel/ATmega_DFP/1.2.209/gcc/dev/atmega2560/avr6/crtatmega2560.o
                0x000003a8                __vector_38
                0x000003a8                __vector_22
                0x000003a8                __vector_28
                0x000003a8                __vector_1
                0x000003a8                __vector_32
                0x000003a8                __vector_34
                0x000003a8                __vector_24
                0x000003a8                __vector_46
                0x000003a8                __bad_interrupt
                0x000003a8                __vector_6
                0x000003a8                __vector_31
                0x000003a8                __vector_35
                0x000003a8                __vector_39
                0x000003a8                __vector_3
                0x000003a8                __vector_23
                0x000003a8                __vector_30
                0x000003a8                __vector_45
                0x000003a8                __vector_11
                0x000003a8                __vector_13
                0x000003a8                __vector_17
                0x000003a8                __vector_19
                0x000003a8                __vector_56
                0x000003a8                __vector_7
                0x000003a8                __vector_49
                0x000003a8                __vector_41
                0x000003a8                __vector_43
                0x000003a8                __vector_27
                0x000003a8                __vector_5
                0x000003a8                __vector_33
                0x000003a8                __vector_47
                0x000003a8                __vector_4
                0x000003a8                __vector_44
                0x000003a8                __vector_9
                0x000003a8                __vector_2
                0x000003a8                __vector_21
                0x000003a8                __vector_15
                0x000003a8                __vector_29
                0x000003a8                __vector_40
                0x000003a8                __vector_8
                0x000003a8                __vector_48
                0x000003a8                __vector_14
                0x000003a8                __vector_53
                0x000003a8                __vector_10
                0x000003a8                __vector_50
                0x000003a8                __vector_16
                0x000003a8                __vector_18
                0x000003a8                __vector_20
                0x000003a8                __vector_42
                0x000003aa                . = ALIGN (0x2)
 *(.text.*)
 .text.co2_callback
                0x000003aa       0x22 co2Sensor.o
                0x000003aa                co2_callback
 .text.co2_sensor_init
                0x000003cc        0xc co2Sensor.o
                0x000003cc                co2_sensor_init
 .text.co2_measure
                0x000003d8       0x12 co2Sensor.o
                0x000003d8                co2_measure
 .text.co2_get_value
                0x000003ea        0xa co2Sensor.o
                0x000003ea                co2_get_value
 .text.trace_init
                0x000003f4        0xc FreeRTOS/FreeRTOSTraceDriver/FreeRTOSTraceDriver.o
                0x000003f4                trace_init
 .text.task_switch_in
                0x00000400       0x14 FreeRTOS/FreeRTOSTraceDriver/FreeRTOSTraceDriver.o
                0x00000400                task_switch_in
 .text.task_switch_out
                0x00000414        0xc FreeRTOS/FreeRTOSTraceDriver/FreeRTOSTraceDriver.o
                0x00000414                task_switch_out
 .text.pvPortMalloc
                0x00000420       0x22 FreeRTOS/src/heap_3.o
                0x00000420                pvPortMalloc
 .text.vPortFree
                0x00000442       0x1a FreeRTOS/src/heap_3.o
                0x00000442                vPortFree
 .text.vListInitialise
                0x0000045c       0x1c FreeRTOS/src/list.o
                0x0000045c                vListInitialise
 .text.vListInitialiseItem
                0x00000478        0x8 FreeRTOS/src/list.o
                0x00000478                vListInitialiseItem
 .text.vListInsertEnd
                0x00000480       0x42 FreeRTOS/src/list.o
                0x00000480                vListInsertEnd
 .text.vListInsert
                0x000004c2       0x62 FreeRTOS/src/list.o
                0x000004c2                vListInsert
 .text.uxListRemove
                0x00000524       0x4e FreeRTOS/src/list.o
                0x00000524                uxListRemove
 .text.pxPortInitialiseStack
                0x00000572       0xe4 FreeRTOS/src/port.o
                0x00000572                pxPortInitialiseStack
 .text.xPortStartScheduler
                0x00000656       0x78 FreeRTOS/src/port.o
                0x00000656                xPortStartScheduler
 .text.vPortYield
                0x000006ce       0xc0 FreeRTOS/src/port.o
                0x000006ce                vPortYield
 .text.vPortYieldFromTick
                0x0000078e       0xc6 FreeRTOS/src/port.o
                0x0000078e                vPortYieldFromTick
 .text.__vector_12
                0x00000854        0x4 FreeRTOS/src/port.o
                0x00000854                __vector_12
 .text.prvIsQueueEmpty
                0x00000858       0x16 FreeRTOS/src/queue.o
 .text.prvCopyDataToQueue
                0x0000086e       0xbc FreeRTOS/src/queue.o
 .text.prvCopyDataFromQueue
                0x0000092a       0x34 FreeRTOS/src/queue.o
 .text.prvUnlockQueue
                0x0000095e       0x92 FreeRTOS/src/queue.o
 .text.xQueueGenericReset
                0x000009f0       0x84 FreeRTOS/src/queue.o
                0x000009f0                xQueueGenericReset
 .text.xQueueGenericCreate
                0x00000a74       0x5c FreeRTOS/src/queue.o
                0x00000a74                xQueueGenericCreate
 .text.xQueueGenericSend
                0x00000ad0      0x124 FreeRTOS/src/queue.o
                0x00000ad0                xQueueGenericSend
 .text.xQueueGenericSendFromISR
                0x00000bf4       0x70 FreeRTOS/src/queue.o
                0x00000bf4                xQueueGenericSendFromISR
 .text.xQueueReceive
                0x00000c64      0x112 FreeRTOS/src/queue.o
                0x00000c64                xQueueReceive
 .text.vQueueWaitForMessageRestricted
                0x00000d76       0x36 FreeRTOS/src/queue.o
                0x00000d76                vQueueWaitForMessageRestricted
 .text.prvResetNextTaskUnblockTime
                0x00000dac       0x3e FreeRTOS/src/tasks.o
 .text.prvAddCurrentTaskToDelayedList
                0x00000dea       0xa8 FreeRTOS/src/tasks.o
 .text.xTaskCreate
                0x00000e92      0x21c FreeRTOS/src/tasks.o
                0x00000e92                xTaskCreate
 .text.vTaskStartScheduler
                0x000010ae       0x62 FreeRTOS/src/tasks.o
                0x000010ae                vTaskStartScheduler
 .text.vTaskSuspendAll
                0x00001110        0xc FreeRTOS/src/tasks.o
                0x00001110                vTaskSuspendAll
 .text.xTaskGetTickCount
                0x0000111c       0x14 FreeRTOS/src/tasks.o
                0x0000111c                xTaskGetTickCount
 .text.xTaskIncrementTick
                0x00001130      0x16e FreeRTOS/src/tasks.o
                0x00001130                xTaskIncrementTick
 .text.xTaskResumeAll
                0x0000129e       0xf2 FreeRTOS/src/tasks.o
                0x0000129e                xTaskResumeAll
 .text.vTaskDelay
                0x00001390       0x20 FreeRTOS/src/tasks.o
                0x00001390                vTaskDelay
 .text.vTaskSwitchContext
                0x000013b0      0x11a FreeRTOS/src/tasks.o
                0x000013b0                vTaskSwitchContext
 .text.vTaskPlaceOnEventList
                0x000014ca       0x22 FreeRTOS/src/tasks.o
                0x000014ca                vTaskPlaceOnEventList
 .text.vTaskPlaceOnEventListRestricted
                0x000014ec       0x30 FreeRTOS/src/tasks.o
                0x000014ec                vTaskPlaceOnEventListRestricted
 .text.xTaskRemoveFromEventList
                0x0000151c       0x90 FreeRTOS/src/tasks.o
                0x0000151c                xTaskRemoveFromEventList
 .text.vTaskInternalSetTimeOutState
                0x000015ac       0x16 FreeRTOS/src/tasks.o
                0x000015ac                vTaskInternalSetTimeOutState
 .text.xTaskCheckForTimeOut
                0x000015c2       0x6a FreeRTOS/src/tasks.o
                0x000015c2                xTaskCheckForTimeOut
 .text.vTaskMissedYield
                0x0000162c        0x8 FreeRTOS/src/tasks.o
                0x0000162c                vTaskMissedYield
 .text.xTaskGetSchedulerState
                0x00001634       0x1c FreeRTOS/src/tasks.o
                0x00001634                xTaskGetSchedulerState
 .text.xTaskPriorityDisinherit
                0x00001650       0x80 FreeRTOS/src/tasks.o
                0x00001650                xTaskPriorityDisinherit
 .text.prvInsertTimerInActiveList
                0x000016d0       0x5e FreeRTOS/src/timers.o
 .text.prvCheckForValidListAndQueue
                0x0000172e       0x50 FreeRTOS/src/timers.o
 .text.xTimerCreateTimerTask
                0x0000177e       0x40 FreeRTOS/src/timers.o
                0x0000177e                xTimerCreateTimerTask
 .text.xTimerGenericCommand
                0x000017be       0x88 FreeRTOS/src/timers.o
                0x000017be                xTimerGenericCommand
 .text.prvSampleTimeNow
                0x00001846       0xdc FreeRTOS/src/timers.o
 .text.vApplicationIdleHook
                0x00001922        0x2 FreeRTOS/src/variantHooks.o
                0x00001922                vApplicationIdleHook
 .text.vApplicationMallocFailedHook
                0x00001924       0x1a FreeRTOS/src/variantHooks.o
                0x00001924                vApplicationMallocFailedHook
 .text.vApplicationStackOverflowHook
                0x0000193e       0x1a FreeRTOS/src/variantHooks.o
                0x0000193e                vApplicationStackOverflowHook
 .text.main     0x00001958       0x18 main.o
                0x00001958                main
 .text.co2_measure_task
                0x00001970       0x26 myTasks.o
                0x00001970                co2_measure_task
 .text.create_tasks
                0x00001996       0x2e myTasks.o
                0x00001996                create_tasks
 .text._serial_call_back
                0x000019c4       0xb6 ../Drivers\libIotLibrary.a(mh_z19.o)
 .text.mh_z19_create
                0x00001a7a       0x5c ../Drivers\libIotLibrary.a(mh_z19.o)
                0x00001a7a                mh_z19_create
 .text.mh_z19_take_meassuring
                0x00001ad6       0x5e ../Drivers\libIotLibrary.a(mh_z19.o)
                0x00001ad6                mh_z19_take_meassuring
 .text.serial_new_instance
                0x00001b34      0x12c ../Drivers\libIotLibrary.a(serial.o)
                0x00001b34                serial_new_instance
 .text.serial_send_byte
                0x00001c60       0x4a ../Drivers\libIotLibrary.a(serial.o)
                0x00001c60                serial_send_byte
 .text.serial_send_bytes
                0x00001caa       0xa0 ../Drivers\libIotLibrary.a(serial.o)
                0x00001caa                serial_send_bytes
 .text.serial_get_byte
                0x00001d4a       0x38 ../Drivers\libIotLibrary.a(serial.o)
                0x00001d4a                serial_get_byte
 .text.__vector_25
                0x00001d82       0xa4 ../Drivers\libIotLibrary.a(serial.o)
                0x00001d82                __vector_25
 .text.__vector_26
                0x00001e26       0x88 ../Drivers\libIotLibrary.a(serial.o)
                0x00001e26                __vector_26
 .text.__vector_36
                0x00001eae       0xa4 ../Drivers\libIotLibrary.a(serial.o)
                0x00001eae                __vector_36
 .text.__vector_37
                0x00001f52       0x88 ../Drivers\libIotLibrary.a(serial.o)
                0x00001f52                __vector_37
 .text.__vector_51
                0x00001fda       0xa4 ../Drivers\libIotLibrary.a(serial.o)
                0x00001fda                __vector_51
 .text.__vector_52
                0x0000207e       0x88 ../Drivers\libIotLibrary.a(serial.o)
                0x0000207e                __vector_52
 .text.__vector_54
                0x00002106       0xa4 ../Drivers\libIotLibrary.a(serial.o)
                0x00002106                __vector_54
 .text.__vector_55
                0x000021aa       0x88 ../Drivers\libIotLibrary.a(serial.o)
                0x000021aa                __vector_55
 .text.usart_getchar
                0x00002232       0x2a ../Drivers\libIotLibrary.a(stdio_driver.o)
 .text.usart_putchar
                0x0000225c       0x12 ../Drivers\libIotLibrary.a(stdio_driver.o)
 .text.stdioCreate
                0x0000226e       0x52 ../Drivers\libIotLibrary.a(stdio_driver.o)
                0x0000226e                stdioCreate
 .text.fifo_init
                0x000022c0       0x38 ../Drivers\libIotLibrary.a(fifo.o)
                0x000022c0                fifo_init
 .text.avr-libc.fplib
                0x000022f8        0xa d:/program files (x86)/atmel/studio/7.0/toolchain/avr8/avr8-gnu-toolchain/bin/../lib/gcc/avr/5.4.0/../../../../avr/lib/avr6\libm.a(addsf3.o)
                0x000022f8                __subsf3
                0x000022fa                __addsf3
 .text.avr-libc.fplib
                0x00002302       0xc0 d:/program files (x86)/atmel/studio/7.0/toolchain/avr8/avr8-gnu-toolchain/bin/../lib/gcc/avr/5.4.0/../../../../avr/lib/avr6\libm.a(addsf3x.o)
                0x0000231c                __addsf3x
 .text.avr-libc.fplib
                0x000023c2        0x4 d:/program files (x86)/atmel/studio/7.0/toolchain/avr8/avr8-gnu-toolchain/bin/../lib/gcc/avr/5.4.0/../../../../avr/lib/avr6\libm.a(divsf3.o)
                0x000023c2                __divsf3
 .text.avr-libc.fplib
                0x000023c6       0xcc d:/program files (x86)/atmel/studio/7.0/toolchain/avr8/avr8-gnu-toolchain/bin/../lib/gcc/avr/5.4.0/../../../../avr/lib/avr6\libm.a(divsf3x.o)
                0x000023dc                __divsf3x
                0x000023e0                __divsf3_pse
 .text.avr-libc.fplib
                0x00002492       0x58 d:/program files (x86)/atmel/studio/7.0/toolchain/avr8/avr8-gnu-toolchain/bin/../lib/gcc/avr/5.4.0/../../../../avr/lib/avr6\libm.a(fixunssfsi.o)
                0x00002492                __fixunssfsi
 .text.avr-libc.fplib
                0x000024ea       0x7a d:/program files (x86)/atmel/studio/7.0/toolchain/avr8/avr8-gnu-toolchain/bin/../lib/gcc/avr/5.4.0/../../../../avr/lib/avr6\libm.a(floatsisf.o)
                0x000024ea                __floatunsisf
                0x000024ee                __floatsisf
 .text.avr-libc.fplib
                0x00002564        0xc d:/program files (x86)/atmel/studio/7.0/toolchain/avr8/avr8-gnu-toolchain/bin/../lib/gcc/avr/5.4.0/../../../../avr/lib/avr6\libm.a(fp_inf.o)
                0x00002564                __fp_inf
 .text.avr-libc.fplib
                0x00002570        0x6 d:/program files (x86)/atmel/studio/7.0/toolchain/avr8/avr8-gnu-toolchain/bin/../lib/gcc/avr/5.4.0/../../../../avr/lib/avr6\libm.a(fp_nan.o)
                0x00002570                __fp_nan
 .text.avr-libc.fplib
                0x00002576        0xe d:/program files (x86)/atmel/studio/7.0/toolchain/avr8/avr8-gnu-toolchain/bin/../lib/gcc/avr/5.4.0/../../../../avr/lib/avr6\libm.a(fp_pscA.o)
                0x00002576                __fp_pscA
 .text.avr-libc.fplib
                0x00002584        0xe d:/program files (x86)/atmel/studio/7.0/toolchain/avr8/avr8-gnu-toolchain/bin/../lib/gcc/avr/5.4.0/../../../../avr/lib/avr6\libm.a(fp_pscB.o)
                0x00002584                __fp_pscB
 .text.avr-libc.fplib
                0x00002592       0x22 d:/program files (x86)/atmel/studio/7.0/toolchain/avr8/avr8-gnu-toolchain/bin/../lib/gcc/avr/5.4.0/../../../../avr/lib/avr6\libm.a(fp_round.o)
                0x00002592                __fp_round
 .text.avr-libc.fplib
                0x000025b4       0x44 d:/program files (x86)/atmel/studio/7.0/toolchain/avr8/avr8-gnu-toolchain/bin/../lib/gcc/avr/5.4.0/../../../../avr/lib/avr6\libm.a(fp_split3.o)
                0x000025b4                __fp_split3
                0x000025c4                __fp_splitA
 .text.avr-libc.fplib
                0x000025f8        0xe d:/program files (x86)/atmel/studio/7.0/toolchain/avr8/avr8-gnu-toolchain/bin/../lib/gcc/avr/5.4.0/../../../../avr/lib/avr6\libm.a(fp_zero.o)
                0x000025f8                __fp_zero
                0x000025fa                __fp_szero
 .text.avr-libc.fplib
                0x00002606        0x4 d:/program files (x86)/atmel/studio/7.0/toolchain/avr8/avr8-gnu-toolchain/bin/../lib/gcc/avr/5.4.0/../../../../avr/lib/avr6\libm.a(mulsf3.o)
                0x00002606                __mulsf3
 .text.avr-libc.fplib
                0x0000260a       0xc2 d:/program files (x86)/atmel/studio/7.0/toolchain/avr8/avr8-gnu-toolchain/bin/../lib/gcc/avr/5.4.0/../../../../avr/lib/avr6\libm.a(mulsf3x.o)
                0x0000261e                __mulsf3x
                0x00002622                __mulsf3_pse
 .text.libgcc   0x000026cc       0x10 d:/program files (x86)/atmel/studio/7.0/toolchain/avr8/avr8-gnu-toolchain/bin/../lib/gcc/avr/5.4.0/avr6\libgcc.a(_tablejump2.o)
                0x000026cc                __tablejump2__
 .text.avr-libc
                0x000026dc       0x34 d:/program files (x86)/atmel/studio/7.0/toolchain/avr8/avr8-gnu-toolchain/bin/../lib/gcc/avr/5.4.0/../../../../avr/lib/avr6\libc.a(calloc.o)
                0x000026dc                calloc
 .text.avr-libc
                0x00002710      0x242 d:/program files (x86)/atmel/studio/7.0/toolchain/avr8/avr8-gnu-toolchain/bin/../lib/gcc/avr/5.4.0/../../../../avr/lib/avr6\libc.a(malloc.o)
                0x00002710                malloc
                0x00002840                free
 .text.avr-libc
                0x00002952        0x8 d:/program files (x86)/atmel/studio/7.0/toolchain/avr8/avr8-gnu-toolchain/bin/../lib/gcc/avr/5.4.0/../../../../avr/lib/avr6\libc.a(abort.o)
                0x00002952                abort
 .text.avr-libc
                0x0000295a       0x12 d:/program files (x86)/atmel/studio/7.0/toolchain/avr8/avr8-gnu-toolchain/bin/../lib/gcc/avr/5.4.0/../../../../avr/lib/avr6\libc.a(memcpy.o)
                0x0000295a                memcpy
 .text.avr-libc
                0x0000296c        0xe d:/program files (x86)/atmel/studio/7.0/toolchain/avr8/avr8-gnu-toolchain/bin/../lib/gcc/avr/5.4.0/../../../../avr/lib/avr6\libc.a(memset.o)
                0x0000296c                memset
 .text.avr-libc
                0x0000297a       0x26 d:/program files (x86)/atmel/studio/7.0/toolchain/avr8/avr8-gnu-toolchain/bin/../lib/gcc/avr/5.4.0/../../../../avr/lib/avr6\libc.a(printf.o)
                0x0000297a                printf
 .text.avr-libc
                0x000029a0       0x60 d:/program files (x86)/atmel/studio/7.0/toolchain/avr8/avr8-gnu-toolchain/bin/../lib/gcc/avr/5.4.0/../../../../avr/lib/avr6\libc.a(puts.o)
                0x000029a0                puts
 .text.avr-libc
                0x00002a00      0x3fa d:/program files (x86)/atmel/studio/7.0/toolchain/avr8/avr8-gnu-toolchain/bin/../lib/gcc/avr/5.4.0/../../../../avr/lib/avr6\libc.a(vfprintf_std.o)
                0x00002a00                vfprintf
 .text.avr-libc
                0x00002dfa       0x16 d:/program files (x86)/atmel/studio/7.0/toolchain/avr8/avr8-gnu-toolchain/bin/../lib/gcc/avr/5.4.0/../../../../avr/lib/avr6\libc.a(strnlen_P.o)
                0x00002dfa                strnlen_P
 .text.avr-libc
                0x00002e10       0x16 d:/program files (x86)/atmel/studio/7.0/toolchain/avr8/avr8-gnu-toolchain/bin/../lib/gcc/avr/5.4.0/../../../../avr/lib/avr6\libc.a(strnlen.o)
                0x00002e10                strnlen
 .text.avr-libc
                0x00002e26       0x78 d:/program files (x86)/atmel/studio/7.0/toolchain/avr8/avr8-gnu-toolchain/bin/../lib/gcc/avr/5.4.0/../../../../avr/lib/avr6\libc.a(fputc.o)
                0x00002e26                fputc
 .text.avr-libc
                0x00002e9e       0xbc d:/program files (x86)/atmel/studio/7.0/toolchain/avr8/avr8-gnu-toolchain/bin/../lib/gcc/avr/5.4.0/../../../../avr/lib/avr6\libc.a(ultoa_invert.o)
                0x00002e9e                __ultoa_invert
                0x00002f5a                . = ALIGN (0x2)
 *(.fini9)
 .fini9         0x00002f5a        0x0 d:/program files (x86)/atmel/studio/7.0/toolchain/avr8/avr8-gnu-toolchain/bin/../lib/gcc/avr/5.4.0/avr6\libgcc.a(_exit.o)
                0x00002f5a                _exit
                0x00002f5a                exit
 *(.fini9)
 *(.fini8)
 *(.fini8)
 *(.fini7)
 *(.fini7)
 *(.fini6)
 *(.fini6)
 *(.fini5)
 *(.fini5)
 *(.fini4)
 *(.fini4)
 *(.fini3)
 *(.fini3)
 *(.fini2)
 *(.fini2)
 *(.fini1)
 *(.fini1)
 *(.fini0)
 .fini0         0x00002f5a        0x4 d:/program files (x86)/atmel/studio/7.0/toolchain/avr8/avr8-gnu-toolchain/bin/../lib/gcc/avr/5.4.0/avr6\libgcc.a(_exit.o)
 *(.fini0)
                0x00002f5e                _etext = .

.data           0x00800200       0x82 load address 0x00002f5e
                0x00800200                PROVIDE (__data_start, .)
 *(.data)
 .data          0x00800200        0x6 d:/program files (x86)/atmel/studio/7.0/toolchain/avr8/avr8-gnu-toolchain/bin/../lib/gcc/avr/5.4.0/../../../../avr/lib/avr6\libc.a(malloc.o)
                0x00800200                __malloc_heap_end
                0x00800202                __malloc_heap_start
                0x00800204                __malloc_margin
 *(.data*)
 .data._com_port_2_udr
                0x00800206        0x8 ../Drivers\libIotLibrary.a(serial.o)
                0x00800206                _com_port_2_udr
 .data.mystdout.1881
                0x0080020e        0xe ../Drivers\libIotLibrary.a(stdio_driver.o)
 *(.gnu.linkonce.d*)
 *(.rodata)
 .rodata        0x0080021c       0x2d ../Drivers\libIotLibrary.a(mh_z19.o)
 *(.rodata*)
 .rodata.str1.1
                0x00800249       0x11 co2Sensor.o
 .rodata.str1.1
                0x0080025a        0x5 FreeRTOS/src/tasks.o
 .rodata.str1.1
                0x0080025f        0x8 FreeRTOS/src/timers.o
 .rodata.str1.1
                0x00800267       0x1a myTasks.o
 *(.gnu.linkonce.r*)
                0x00800282                . = ALIGN (0x2)
 *fill*         0x00800281        0x1 
                0x00800282                _edata = .
                0x00800282                PROVIDE (__data_end, .)

.bss            0x00800282       0xa5
                0x00800282                PROVIDE (__bss_start, .)
 *(.bss)
 *(.bss*)
 .bss.uxSchedulerSuspended
                0x00800282        0x1 FreeRTOS/src/tasks.o
 .bss.xIdleTaskHandle
                0x00800283        0x2 FreeRTOS/src/tasks.o
 .bss.xNextTaskUnblockTime
                0x00800285        0x2 FreeRTOS/src/tasks.o
 .bss.uxTaskNumber
                0x00800287        0x1 FreeRTOS/src/tasks.o
 .bss.xNumOfOverflows
                0x00800288        0x1 FreeRTOS/src/tasks.o
 .bss.xYieldPending
                0x00800289        0x1 FreeRTOS/src/tasks.o
 .bss.uxPendedTicks
                0x0080028a        0x1 FreeRTOS/src/tasks.o
 .bss.xSchedulerRunning
                0x0080028b        0x1 FreeRTOS/src/tasks.o
 .bss.uxTopReadyPriority
                0x0080028c        0x1 FreeRTOS/src/tasks.o
 .bss.xTickCount
                0x0080028d        0x2 FreeRTOS/src/tasks.o
 .bss.uxCurrentNumberOfTasks
                0x0080028f        0x1 FreeRTOS/src/tasks.o
 .bss.xSuspendedTaskList
                0x00800290        0x9 FreeRTOS/src/tasks.o
 .bss.uxDeletedTasksWaitingCleanUp
                0x00800299        0x1 FreeRTOS/src/tasks.o
 .bss.xTasksWaitingTermination
                0x0080029a        0x9 FreeRTOS/src/tasks.o
 .bss.xPendingReadyList
                0x008002a3        0x9 FreeRTOS/src/tasks.o
 .bss.pxOverflowDelayedTaskList
                0x008002ac        0x2 FreeRTOS/src/tasks.o
 .bss.pxDelayedTaskList
                0x008002ae        0x2 FreeRTOS/src/tasks.o
 .bss.xDelayedTaskList2
                0x008002b0        0x9 FreeRTOS/src/tasks.o
 .bss.xDelayedTaskList1
                0x008002b9        0x9 FreeRTOS/src/tasks.o
 .bss.pxReadyTasksLists
                0x008002c2       0x24 FreeRTOS/src/tasks.o
 .bss.pxCurrentTCB
                0x008002e6        0x2 FreeRTOS/src/tasks.o
                0x008002e6                pxCurrentTCB
 .bss.xLastTime.2432
                0x008002e8        0x2 FreeRTOS/src/timers.o
 .bss.xTimerTaskHandle
                0x008002ea        0x2 FreeRTOS/src/timers.o
 .bss.xTimerQueue
                0x008002ec        0x2 FreeRTOS/src/timers.o
 .bss.pxOverflowTimerList
                0x008002ee        0x2 FreeRTOS/src/timers.o
 .bss.pxCurrentTimerList
                0x008002f0        0x2 FreeRTOS/src/timers.o
 .bss.xActiveTimerList2
                0x008002f2        0x9 FreeRTOS/src/timers.o
 .bss.xActiveTimerList1
                0x008002fb        0x9 FreeRTOS/src/timers.o
 .bss.data.1940
                0x00800304        0x2 ../Drivers\libIotLibrary.a(mh_z19.o)
 .bss.inDex.1939
                0x00800306        0x1 ../Drivers\libIotLibrary.a(mh_z19.o)
 .bss.crc_sum.1941
                0x00800307        0x1 ../Drivers\libIotLibrary.a(mh_z19.o)
 .bss._app_call_back
                0x00800308        0x2 ../Drivers\libIotLibrary.a(mh_z19.o)
 .bss._mh_state
                0x0080030a        0x1 ../Drivers\libIotLibrary.a(mh_z19.o)
                0x0080030a                _mh_state
 .bss._ppm      0x0080030b        0x2 ../Drivers\libIotLibrary.a(mh_z19.o)
 .bss._serial   0x0080030d        0x2 ../Drivers\libIotLibrary.a(mh_z19.o)
 .bss._ser_handle
                0x0080030f        0x8 ../Drivers\libIotLibrary.a(serial.o)
 .bss._com_serial_instance
                0x00800317        0x2 ../Drivers\libIotLibrary.a(stdio_driver.o)
 *(COMMON)
 COMMON         0x00800319        0x2 co2Sensor.o
                0x00800319                co2_ppm_pointer
 COMMON         0x0080031b        0x2 myTasks.o
                0x0080031b                xCO2MeasureTask
 COMMON         0x0080031d        0x4 d:/program files (x86)/atmel/studio/7.0/toolchain/avr8/avr8-gnu-toolchain/bin/../lib/gcc/avr/5.4.0/../../../../avr/lib/avr6\libc.a(malloc.o)
                0x0080031d                __brkval
                0x0080031f                __flp
 COMMON         0x00800321        0x6 d:/program files (x86)/atmel/studio/7.0/toolchain/avr8/avr8-gnu-toolchain/bin/../lib/gcc/avr/5.4.0/../../../../avr/lib/avr6\libc.a(iob.o)
                0x00800321                __iob
                0x00800327                PROVIDE (__bss_end, .)
                0x00002f5e                __data_load_start = LOADADDR (.data)
                0x00002fe0                __data_load_end = (__data_load_start + SIZEOF (.data))

.noinit         0x00800327        0x0
                [!provide]                PROVIDE (__noinit_start, .)
 *(.noinit*)
                [!provide]                PROVIDE (__noinit_end, .)
                0x00800327                _end = .
                0x00800327                PROVIDE (__heap_start, .)

.eeprom         0x00810000        0x0
 *(.eeprom*)
                0x00810000                __eeprom_end = .

.fuse
 *(.fuse)
 *(.lfuse)
 *(.hfuse)
 *(.efuse)

.lock
 *(.lock*)

.signature
 *(.signature*)

.user_signatures
 *(.user_signatures*)

.stab
 *(.stab)

.stabstr
 *(.stabstr)

.stab.excl
 *(.stab.excl)

.stab.exclstr
 *(.stab.exclstr)

.stab.index
 *(.stab.index)

.stab.indexstr
 *(.stab.indexstr)

.comment        0x00000000       0x5c
 *(.comment)
 .comment       0x00000000       0x30 co2Sensor.o
                                 0x31 (size before relaxing)
 .comment       0x00000030       0x31 FreeRTOS/FreeRTOSTraceDriver/FreeRTOSTraceDriver.o
 .comment       0x00000030       0x31 FreeRTOS/src/heap_3.o
 .comment       0x00000030       0x31 FreeRTOS/src/list.o
 .comment       0x00000030       0x31 FreeRTOS/src/port.o
 .comment       0x00000030       0x31 FreeRTOS/src/queue.o
 .comment       0x00000030       0x31 FreeRTOS/src/tasks.o
 .comment       0x00000030       0x31 FreeRTOS/src/timers.o
 .comment       0x00000030       0x31 FreeRTOS/src/variantHooks.o
 .comment       0x00000030       0x31 main.o
 .comment       0x00000030       0x31 myTasks.o
 .comment       0x00000030       0x31 ../Drivers\libIotLibrary.a(mh_z19.o)
 .comment       0x00000030       0x31 ../Drivers\libIotLibrary.a(serial.o)
 .comment       0x00000030       0x31 ../Drivers\libIotLibrary.a(stdio_driver.o)
 .comment       0x00000030       0x31 ../Drivers\libIotLibrary.a(fifo.o)
 .comment       0x00000030       0x31 d:/program files (x86)/atmel/studio/7.0/toolchain/avr8/avr8-gnu-toolchain/bin/../lib/gcc/avr/5.4.0/../../../../avr/lib/avr6\libc.a(calloc.o)
 .comment       0x00000030       0x31 d:/program files (x86)/atmel/studio/7.0/toolchain/avr8/avr8-gnu-toolchain/bin/../lib/gcc/avr/5.4.0/../../../../avr/lib/avr6\libc.a(malloc.o)
 .comment       0x00000030       0x31 d:/program files (x86)/atmel/studio/7.0/toolchain/avr8/avr8-gnu-toolchain/bin/../lib/gcc/avr/5.4.0/../../../../avr/lib/avr6\libc.a(iob.o)
 .comment       0x00000030       0x31 d:/program files (x86)/atmel/studio/7.0/toolchain/avr8/avr8-gnu-toolchain/bin/../lib/gcc/avr/5.4.0/../../../../avr/lib/avr6\libc.a(printf.o)
 .comment       0x00000030       0x31 d:/program files (x86)/atmel/studio/7.0/toolchain/avr8/avr8-gnu-toolchain/bin/../lib/gcc/avr/5.4.0/../../../../avr/lib/avr6\libc.a(puts.o)
 .comment       0x00000030       0x2c d:/program files (x86)/atmel/studio/7.0/toolchain/avr8/avr8-gnu-toolchain/bin/../lib/gcc/avr/5.4.0/../../../../avr/lib/avr6\libc.a(vfprintf_std.o)
                                 0x2d (size before relaxing)
 .comment       0x0000005c       0x31 d:/program files (x86)/atmel/studio/7.0/toolchain/avr8/avr8-gnu-toolchain/bin/../lib/gcc/avr/5.4.0/../../../../avr/lib/avr6\libc.a(fputc.o)

.note.gnu.avr.deviceinfo
                0x00000000       0x40
 .note.gnu.avr.deviceinfo
                0x00000000       0x40 D:/Program Files (x86)/Atmel/Studio/7.0/Packs/atmel/ATmega_DFP/1.2.209/gcc/dev/atmega2560/avr6/crtatmega2560.o

.note.gnu.build-id
 *(.note.gnu.build-id)

.debug
 *(.debug)

.line
 *(.line)

.debug_srcinfo
 *(.debug_srcinfo)

.debug_sfnames
 *(.debug_sfnames)

.debug_aranges  0x00000000      0x638
 *(.debug_aranges)
 .debug_aranges
                0x00000000       0x38 co2Sensor.o
 .debug_aranges
                0x00000038       0x30 FreeRTOS/FreeRTOSTraceDriver/FreeRTOSTraceDriver.o
 .debug_aranges
                0x00000068       0x28 FreeRTOS/src/heap_3.o
 .debug_aranges
                0x00000090       0x40 FreeRTOS/src/list.o
 .debug_aranges
                0x000000d0       0x48 FreeRTOS/src/port.o
 .debug_aranges
                0x00000118       0xf8 FreeRTOS/src/queue.o
 .debug_aranges
                0x00000210      0x1d8 FreeRTOS/src/tasks.o
 .debug_aranges
                0x000003e8       0xa0 FreeRTOS/src/timers.o
 .debug_aranges
                0x00000488       0x30 FreeRTOS/src/variantHooks.o
 .debug_aranges
                0x000004b8       0x20 main.o
 .debug_aranges
                0x000004d8       0x28 myTasks.o
 .debug_aranges
                0x00000500       0x50 ../Drivers\libIotLibrary.a(mh_z19.o)
 .debug_aranges
                0x00000550       0x90 ../Drivers\libIotLibrary.a(serial.o)
 .debug_aranges
                0x000005e0       0x38 ../Drivers\libIotLibrary.a(stdio_driver.o)
 .debug_aranges
                0x00000618       0x20 ../Drivers\libIotLibrary.a(fifo.o)

.debug_pubnames
 *(.debug_pubnames)

.debug_info     0x00000000     0x83a5
 *(.debug_info .gnu.linkonce.wi.*)
 .debug_info    0x00000000      0xbbc D:/Program Files (x86)/Atmel/Studio/7.0/Packs/atmel/ATmega_DFP/1.2.209/gcc/dev/atmega2560/avr6/crtatmega2560.o
 .debug_info    0x00000bbc      0x1d6 co2Sensor.o
 .debug_info    0x00000d92       0xd3 FreeRTOS/FreeRTOSTraceDriver/FreeRTOSTraceDriver.o
 .debug_info    0x00000e65      0x19f FreeRTOS/src/heap_3.o
 .debug_info    0x00001004      0x2df FreeRTOS/src/list.o
 .debug_info    0x000012e3      0x284 FreeRTOS/src/port.o
 .debug_info    0x00001567     0x18fc FreeRTOS/src/queue.o
 .debug_info    0x00002e63     0x27ae FreeRTOS/src/tasks.o
 .debug_info    0x00005611     0x1077 FreeRTOS/src/timers.o
 .debug_info    0x00006688      0x1ba FreeRTOS/src/variantHooks.o
 .debug_info    0x00006842      0x127 main.o
 .debug_info    0x00006969      0x1f2 myTasks.o
 .debug_info    0x00006b5b      0x538 ../Drivers\libIotLibrary.a(mh_z19.o)
 .debug_info    0x00007093      0xdb3 ../Drivers\libIotLibrary.a(serial.o)
 .debug_info    0x00007e46      0x39c ../Drivers\libIotLibrary.a(stdio_driver.o)
 .debug_info    0x000081e2      0x1c3 ../Drivers\libIotLibrary.a(fifo.o)

.debug_abbrev   0x00000000     0x2448
 *(.debug_abbrev)
 .debug_abbrev  0x00000000      0xb1a D:/Program Files (x86)/Atmel/Studio/7.0/Packs/atmel/ATmega_DFP/1.2.209/gcc/dev/atmega2560/avr6/crtatmega2560.o
 .debug_abbrev  0x00000b1a      0x11c co2Sensor.o
 .debug_abbrev  0x00000c36       0x92 FreeRTOS/FreeRTOSTraceDriver/FreeRTOSTraceDriver.o
 .debug_abbrev  0x00000cc8      0x107 FreeRTOS/src/heap_3.o
 .debug_abbrev  0x00000dcf       0xff FreeRTOS/src/list.o
 .debug_abbrev  0x00000ece      0x158 FreeRTOS/src/port.o
 .debug_abbrev  0x00001026      0x2d8 FreeRTOS/src/queue.o
 .debug_abbrev  0x000012fe      0x359 FreeRTOS/src/tasks.o
 .debug_abbrev  0x00001657      0x30f FreeRTOS/src/timers.o
 .debug_abbrev  0x00001966      0x101 FreeRTOS/src/variantHooks.o
 .debug_abbrev  0x00001a67       0xb8 main.o
 .debug_abbrev  0x00001b1f      0x110 myTasks.o
 .debug_abbrev  0x00001c2f      0x20f ../Drivers\libIotLibrary.a(mh_z19.o)
 .debug_abbrev  0x00001e3e      0x364 ../Drivers\libIotLibrary.a(serial.o)
 .debug_abbrev  0x000021a2      0x1be ../Drivers\libIotLibrary.a(stdio_driver.o)
 .debug_abbrev  0x00002360       0xe8 ../Drivers\libIotLibrary.a(fifo.o)

.debug_line     0x00000000     0x417f
 *(.debug_line .debug_line.* .debug_line_end)
 .debug_line    0x00000000      0x1f9 D:/Program Files (x86)/Atmel/Studio/7.0/Packs/atmel/ATmega_DFP/1.2.209/gcc/dev/atmega2560/avr6/crtatmega2560.o
 .debug_line    0x000001f9      0x123 co2Sensor.o
 .debug_line    0x0000031c       0xfd FreeRTOS/FreeRTOSTraceDriver/FreeRTOSTraceDriver.o
 .debug_line    0x00000419      0x175 FreeRTOS/src/heap_3.o
 .debug_line    0x0000058e      0x1da FreeRTOS/src/list.o
 .debug_line    0x00000768      0x312 FreeRTOS/src/port.o
 .debug_line    0x00000a7a      0xbfa FreeRTOS/src/queue.o
 .debug_line    0x00001674     0x1656 FreeRTOS/src/tasks.o
 .debug_line    0x00002cca      0x562 FreeRTOS/src/timers.o
 .debug_line    0x0000322c      0x18a FreeRTOS/src/variantHooks.o
 .debug_line    0x000033b6      0x14d main.o
 .debug_line    0x00003503      0x11d myTasks.o
 .debug_line    0x00003620      0x2d6 ../Drivers\libIotLibrary.a(mh_z19.o)
 .debug_line    0x000038f6      0x636 ../Drivers\libIotLibrary.a(serial.o)
 .debug_line    0x00003f2c      0x13a ../Drivers\libIotLibrary.a(stdio_driver.o)
 .debug_line    0x00004066      0x119 ../Drivers\libIotLibrary.a(fifo.o)

.debug_frame    0x00000000     0x1404
 *(.debug_frame)
 .debug_frame   0x00000000       0x64 co2Sensor.o
 .debug_frame   0x00000064       0x44 FreeRTOS/FreeRTOSTraceDriver/FreeRTOSTraceDriver.o
 .debug_frame   0x000000a8       0x4c FreeRTOS/src/heap_3.o
 .debug_frame   0x000000f4       0x88 FreeRTOS/src/list.o
 .debug_frame   0x0000017c       0x74 FreeRTOS/src/port.o
 .debug_frame   0x000001f0      0x3cc FreeRTOS/src/queue.o
 .debug_frame   0x000005bc      0x69c FreeRTOS/src/tasks.o
 .debug_frame   0x00000c58      0x1cc FreeRTOS/src/timers.o
 .debug_frame   0x00000e24       0x44 FreeRTOS/src/variantHooks.o
 .debug_frame   0x00000e68       0x24 main.o
 .debug_frame   0x00000e8c       0x54 myTasks.o
 .debug_frame   0x00000ee0       0xf8 ../Drivers\libIotLibrary.a(mh_z19.o)
 .debug_frame   0x00000fd8      0x384 ../Drivers\libIotLibrary.a(serial.o)
 .debug_frame   0x0000135c       0x84 ../Drivers\libIotLibrary.a(stdio_driver.o)
 .debug_frame   0x000013e0       0x24 ../Drivers\libIotLibrary.a(fifo.o)

.debug_str      0x00000000     0x2818
 *(.debug_str)
 .debug_str     0x00000000      0x3e6 D:/Program Files (x86)/Atmel/Studio/7.0/Packs/atmel/ATmega_DFP/1.2.209/gcc/dev/atmega2560/avr6/crtatmega2560.o
 .debug_str     0x000003e6      0x282 co2Sensor.o
                                0x2c8 (size before relaxing)
 .debug_str     0x00000668       0x70 FreeRTOS/FreeRTOSTraceDriver/FreeRTOSTraceDriver.o
                                0x1f7 (size before relaxing)
 .debug_str     0x000006d8       0x94 FreeRTOS/src/heap_3.o
                                0x229 (size before relaxing)
 .debug_str     0x0000076c      0x14b FreeRTOS/src/list.o
                                0x2f4 (size before relaxing)
 .debug_str     0x000008b7      0x12a FreeRTOS/src/port.o
                                0x2e1 (size before relaxing)
 .debug_str     0x000009e1      0x6e4 FreeRTOS/src/queue.o
                                0x9ea (size before relaxing)
 .debug_str     0x000010c5      0xbd1 FreeRTOS/src/tasks.o
                               0x1195 (size before relaxing)
 .debug_str     0x00001c96      0x43f FreeRTOS/src/timers.o
                                0x882 (size before relaxing)
 .debug_str     0x000020d5       0x61 FreeRTOS/src/variantHooks.o
                                0x288 (size before relaxing)
 .debug_str     0x00002136       0x2a main.o
                                0x1f6 (size before relaxing)
 .debug_str     0x00002160       0x37 myTasks.o
                                0x254 (size before relaxing)
 .debug_str     0x00002197      0x275 ../Drivers\libIotLibrary.a(mh_z19.o)
                                0x47a (size before relaxing)
 .debug_str     0x0000240c      0x348 ../Drivers\libIotLibrary.a(serial.o)
                                0x639 (size before relaxing)
 .debug_str     0x00002754       0xa4 ../Drivers\libIotLibrary.a(stdio_driver.o)
                                0x378 (size before relaxing)
 .debug_str     0x000027f8       0x20 ../Drivers\libIotLibrary.a(fifo.o)
                                0x237 (size before relaxing)

.debug_loc      0x00000000     0x763b
 *(.debug_loc)
 .debug_loc     0x00000000       0x81 co2Sensor.o
 .debug_loc     0x00000081       0x42 FreeRTOS/FreeRTOSTraceDriver/FreeRTOSTraceDriver.o
 .debug_loc     0x000000c3      0x102 FreeRTOS/src/heap_3.o
 .debug_loc     0x000001c5      0x145 FreeRTOS/src/list.o
 .debug_loc     0x0000030a      0x2af FreeRTOS/src/port.o
 .debug_loc     0x000005b9     0x1dc0 FreeRTOS/src/queue.o
 .debug_loc     0x00002379     0x2e78 FreeRTOS/src/tasks.o
 .debug_loc     0x000051f1      0xbed FreeRTOS/src/timers.o
 .debug_loc     0x00005dde       0xb6 FreeRTOS/src/variantHooks.o
 .debug_loc     0x00005e94       0xb8 myTasks.o
 .debug_loc     0x00005f4c      0x3cd ../Drivers\libIotLibrary.a(mh_z19.o)
 .debug_loc     0x00006319     0x1080 ../Drivers\libIotLibrary.a(serial.o)
 .debug_loc     0x00007399      0x144 ../Drivers\libIotLibrary.a(stdio_driver.o)
 .debug_loc     0x000074dd      0x15e ../Drivers\libIotLibrary.a(fifo.o)

.debug_macinfo
 *(.debug_macinfo)

.debug_weaknames
 *(.debug_weaknames)

.debug_funcnames
 *(.debug_funcnames)

.debug_typenames
 *(.debug_typenames)

.debug_varnames
 *(.debug_varnames)

.debug_pubtypes
 *(.debug_pubtypes)

.debug_ranges   0x00000000      0x6c8
 *(.debug_ranges)
 .debug_ranges  0x00000000       0x28 co2Sensor.o
 .debug_ranges  0x00000028       0x20 FreeRTOS/FreeRTOSTraceDriver/FreeRTOSTraceDriver.o
 .debug_ranges  0x00000048       0x18 FreeRTOS/src/heap_3.o
 .debug_ranges  0x00000060       0x30 FreeRTOS/src/list.o
 .debug_ranges  0x00000090       0x38 FreeRTOS/src/port.o
 .debug_ranges  0x000000c8      0x178 FreeRTOS/src/queue.o
 .debug_ranges  0x00000240      0x240 FreeRTOS/src/tasks.o
 .debug_ranges  0x00000480       0xf0 FreeRTOS/src/timers.o
 .debug_ranges  0x00000570       0x20 FreeRTOS/src/variantHooks.o
 .debug_ranges  0x00000590       0x10 main.o
 .debug_ranges  0x000005a0       0x18 myTasks.o
 .debug_ranges  0x000005b8       0x40 ../Drivers\libIotLibrary.a(mh_z19.o)
 .debug_ranges  0x000005f8       0x98 ../Drivers\libIotLibrary.a(serial.o)
 .debug_ranges  0x00000690       0x28 ../Drivers\libIotLibrary.a(stdio_driver.o)
 .debug_ranges  0x000006b8       0x10 ../Drivers\libIotLibrary.a(fifo.o)

.debug_macro
 *(.debug_macro)
OUTPUT(MyFirstProject.elf elf32-avr)
LOAD linker stubs
