Archive member included to satisfy reference by file (symbol)

c:/program files (x86)/atmel/studio/7.0/toolchain/avr8/avr8-gnu-toolchain/bin/../lib/gcc/avr/5.4.0/avr6\libgcc.a(_exit.o)
                              C:/Program Files (x86)/Atmel/Studio/7.0/Packs/atmel/ATmega_DFP/1.2.209/gcc/dev/atmega2560/avr6/crtatmega2560.o (exit)
c:/program files (x86)/atmel/studio/7.0/toolchain/avr8/avr8-gnu-toolchain/bin/../lib/gcc/avr/5.4.0/avr6\libgcc.a(_tablejump2.o)
                              FreeRTOS/src/timers.o (__tablejump2__)
c:/program files (x86)/atmel/studio/7.0/toolchain/avr8/avr8-gnu-toolchain/bin/../lib/gcc/avr/5.4.0/avr6\libgcc.a(_copy_data.o)
                              FreeRTOS/src/tasks.o (__do_copy_data)
c:/program files (x86)/atmel/studio/7.0/toolchain/avr8/avr8-gnu-toolchain/bin/../lib/gcc/avr/5.4.0/avr6\libgcc.a(_clear_bss.o)
                              FreeRTOS/src/tasks.o (__do_clear_bss)
c:/program files (x86)/atmel/studio/7.0/toolchain/avr8/avr8-gnu-toolchain/bin/../lib/gcc/avr/5.4.0/../../../../avr/lib/avr6\libc.a(malloc.o)
                              FreeRTOS/src/heap_3.o (malloc)
c:/program files (x86)/atmel/studio/7.0/toolchain/avr8/avr8-gnu-toolchain/bin/../lib/gcc/avr/5.4.0/../../../../avr/lib/avr6\libc.a(memcpy.o)
                              FreeRTOS/src/queue.o (memcpy)
c:/program files (x86)/atmel/studio/7.0/toolchain/avr8/avr8-gnu-toolchain/bin/../lib/gcc/avr/5.4.0/../../../../avr/lib/avr6\libc.a(memset.o)
                              FreeRTOS/src/tasks.o (memset)

Allocating common symbols
Common symbol       size              file

__brkval            0x2               c:/program files (x86)/atmel/studio/7.0/toolchain/avr8/avr8-gnu-toolchain/bin/../lib/gcc/avr/5.4.0/../../../../avr/lib/avr6\libc.a(malloc.o)
__flp               0x2               c:/program files (x86)/atmel/studio/7.0/toolchain/avr8/avr8-gnu-toolchain/bin/../lib/gcc/avr/5.4.0/../../../../avr/lib/avr6\libc.a(malloc.o)

Discarded input sections

 .data          0x00000000        0x0 C:/Program Files (x86)/Atmel/Studio/7.0/Packs/atmel/ATmega_DFP/1.2.209/gcc/dev/atmega2560/avr6/crtatmega2560.o
 .bss           0x00000000        0x0 C:/Program Files (x86)/Atmel/Studio/7.0/Packs/atmel/ATmega_DFP/1.2.209/gcc/dev/atmega2560/avr6/crtatmega2560.o
 .text          0x00000000        0x0 FreeRTOS/FreeRTOSTraceDriver/FreeRTOSTraceDriver.o
 .data          0x00000000        0x0 FreeRTOS/FreeRTOSTraceDriver/FreeRTOSTraceDriver.o
 .bss           0x00000000        0x0 FreeRTOS/FreeRTOSTraceDriver/FreeRTOSTraceDriver.o
 .text          0x00000000        0x0 FreeRTOS/src/croutine.o
 .data          0x00000000        0x0 FreeRTOS/src/croutine.o
 .bss           0x00000000        0x0 FreeRTOS/src/croutine.o
 .debug_info    0x00000000       0x64 FreeRTOS/src/croutine.o
 .debug_abbrev  0x00000000       0x26 FreeRTOS/src/croutine.o
 .debug_aranges
                0x00000000       0x18 FreeRTOS/src/croutine.o
 .debug_line    0x00000000       0x1a FreeRTOS/src/croutine.o
 .debug_str     0x00000000      0x176 FreeRTOS/src/croutine.o
 .comment       0x00000000       0x31 FreeRTOS/src/croutine.o
 .text          0x00000000        0x0 FreeRTOS/src/event_groups.o
 .data          0x00000000        0x0 FreeRTOS/src/event_groups.o
 .bss           0x00000000        0x0 FreeRTOS/src/event_groups.o
 .text.xEventGroupCreate
                0x00000000       0x26 FreeRTOS/src/event_groups.o
 .text.xEventGroupWaitBits
                0x00000000      0x110 FreeRTOS/src/event_groups.o
 .text.xEventGroupClearBits
                0x00000000       0x1e FreeRTOS/src/event_groups.o
 .text.xEventGroupGetBitsFromISR
                0x00000000        0x8 FreeRTOS/src/event_groups.o
 .text.xEventGroupSetBits
                0x00000000       0xdc FreeRTOS/src/event_groups.o
 .text.xEventGroupSync
                0x00000000       0xd2 FreeRTOS/src/event_groups.o
 .text.vEventGroupDelete
                0x00000000       0x32 FreeRTOS/src/event_groups.o
 .text.vEventGroupSetBitsCallback
                0x00000000        0x8 FreeRTOS/src/event_groups.o
 .text.vEventGroupClearBitsCallback
                0x00000000        0x8 FreeRTOS/src/event_groups.o
 .text.uxEventGroupGetNumber
                0x00000000        0xe FreeRTOS/src/event_groups.o
 .text.vEventGroupSetNumber
                0x00000000        0x6 FreeRTOS/src/event_groups.o
 .debug_info    0x00000000      0x9a8 FreeRTOS/src/event_groups.o
 .debug_abbrev  0x00000000      0x21b FreeRTOS/src/event_groups.o
 .debug_loc     0x00000000      0xc22 FreeRTOS/src/event_groups.o
 .debug_aranges
                0x00000000       0x70 FreeRTOS/src/event_groups.o
 .debug_ranges  0x00000000       0x78 FreeRTOS/src/event_groups.o
 .debug_line    0x00000000      0x3e1 FreeRTOS/src/event_groups.o
 .debug_str     0x00000000      0x5d0 FreeRTOS/src/event_groups.o
 .comment       0x00000000       0x31 FreeRTOS/src/event_groups.o
 .debug_frame   0x00000000      0x178 FreeRTOS/src/event_groups.o
 .text          0x00000000        0x0 FreeRTOS/src/heap_3.o
 .data          0x00000000        0x0 FreeRTOS/src/heap_3.o
 .bss           0x00000000        0x0 FreeRTOS/src/heap_3.o
 .text          0x00000000        0x0 FreeRTOS/src/list.o
 .data          0x00000000        0x0 FreeRTOS/src/list.o
 .bss           0x00000000        0x0 FreeRTOS/src/list.o
 .text          0x00000000        0x0 FreeRTOS/src/port.o
 .data          0x00000000        0x0 FreeRTOS/src/port.o
 .bss           0x00000000        0x0 FreeRTOS/src/port.o
 .text.vPortEndScheduler
                0x00000000       0x18 FreeRTOS/src/port.o
 .text          0x00000000        0x0 FreeRTOS/src/queue.o
 .data          0x00000000        0x0 FreeRTOS/src/queue.o
 .bss           0x00000000        0x0 FreeRTOS/src/queue.o
 .text.xQueueCreateCountingSemaphore
                0x00000000       0x18 FreeRTOS/src/queue.o
 .text.xQueueCreateMutex
                0x00000000       0x34 FreeRTOS/src/queue.o
 .text.xQueueGiveMutexRecursive
                0x00000000       0x46 FreeRTOS/src/queue.o
 .text.xQueueGiveFromISR
                0x00000000       0x52 FreeRTOS/src/queue.o
 .text.xQueueSemaphoreTake
                0x00000000      0x19a FreeRTOS/src/queue.o
 .text.xQueueTakeMutexRecursive
                0x00000000       0x48 FreeRTOS/src/queue.o
 .text.xQueuePeek
                0x00000000      0x132 FreeRTOS/src/queue.o
 .text.xQueueReceiveFromISR
                0x00000000       0x6e FreeRTOS/src/queue.o
 .text.xQueuePeekFromISR
                0x00000000       0x2e FreeRTOS/src/queue.o
 .text.uxQueueMessagesWaiting
                0x00000000       0x10 FreeRTOS/src/queue.o
 .text.uxQueueSpacesAvailable
                0x00000000       0x14 FreeRTOS/src/queue.o
 .text.uxQueueMessagesWaitingFromISR
                0x00000000        0x6 FreeRTOS/src/queue.o
 .text.vQueueDelete
                0x00000000        0x6 FreeRTOS/src/queue.o
 .text.uxQueueGetQueueNumber
                0x00000000        0x6 FreeRTOS/src/queue.o
 .text.vQueueSetQueueNumber
                0x00000000        0x6 FreeRTOS/src/queue.o
 .text.ucQueueGetQueueType
                0x00000000        0x6 FreeRTOS/src/queue.o
 .text.xQueueIsQueueEmptyFromISR
                0x00000000        0xc FreeRTOS/src/queue.o
 .text.xQueueIsQueueFullFromISR
                0x00000000        0xe FreeRTOS/src/queue.o
 .text          0x00000000        0x0 FreeRTOS/src/stream_buffer.o
 .data          0x00000000        0x0 FreeRTOS/src/stream_buffer.o
 .bss           0x00000000        0x0 FreeRTOS/src/stream_buffer.o
 .text.prvBytesInBuffer
                0x00000000       0x26 FreeRTOS/src/stream_buffer.o
 .text.prvWriteBytesToBuffer
                0x00000000       0x92 FreeRTOS/src/stream_buffer.o
 .text.prvWriteMessageToBuffer
                0x00000000       0x84 FreeRTOS/src/stream_buffer.o
 .text.prvReadBytesFromBuffer
                0x00000000       0x9c FreeRTOS/src/stream_buffer.o
 .text.xStreamBufferGenericCreate
                0x00000000       0x5a FreeRTOS/src/stream_buffer.o
 .text.vStreamBufferDelete
                0x00000000       0x1a FreeRTOS/src/stream_buffer.o
 .text.xStreamBufferReset
                0x00000000       0x5a FreeRTOS/src/stream_buffer.o
 .text.xStreamBufferSetTriggerLevel
                0x00000000       0x22 FreeRTOS/src/stream_buffer.o
 .text.xStreamBufferSpacesAvailable
                0x00000000       0x24 FreeRTOS/src/stream_buffer.o
 .text.xStreamBufferBytesAvailable
                0x00000000        0x6 FreeRTOS/src/stream_buffer.o
 .text.xStreamBufferSend
                0x00000000      0x148 FreeRTOS/src/stream_buffer.o
 .text.xStreamBufferSendFromISR
                0x00000000       0x8c FreeRTOS/src/stream_buffer.o
 .text.xStreamBufferReceive
                0x00000000      0x14a FreeRTOS/src/stream_buffer.o
 .text.xStreamBufferNextMessageLengthBytes
                0x00000000       0x68 FreeRTOS/src/stream_buffer.o
 .text.xStreamBufferReceiveFromISR
                0x00000000       0xe8 FreeRTOS/src/stream_buffer.o
 .text.xStreamBufferIsEmpty
                0x00000000       0x16 FreeRTOS/src/stream_buffer.o
 .text.xStreamBufferIsFull
                0x00000000       0x2c FreeRTOS/src/stream_buffer.o
 .text.xStreamBufferSendCompletedFromISR
                0x00000000       0x46 FreeRTOS/src/stream_buffer.o
 .text.xStreamBufferReceiveCompletedFromISR
                0x00000000       0x46 FreeRTOS/src/stream_buffer.o
 .text.uxStreamBufferGetStreamBufferNumber
                0x00000000        0x6 FreeRTOS/src/stream_buffer.o
 .text.vStreamBufferSetStreamBufferNumber
                0x00000000        0x6 FreeRTOS/src/stream_buffer.o
 .text.ucStreamBufferGetStreamBufferType
                0x00000000        0x8 FreeRTOS/src/stream_buffer.o
 .debug_info    0x00000000     0x14b9 FreeRTOS/src/stream_buffer.o
 .debug_abbrev  0x00000000      0x2b4 FreeRTOS/src/stream_buffer.o
 .debug_loc     0x00000000     0x1e4d FreeRTOS/src/stream_buffer.o
 .debug_aranges
                0x00000000       0xc8 FreeRTOS/src/stream_buffer.o
 .debug_ranges  0x00000000       0xb8 FreeRTOS/src/stream_buffer.o
 .debug_line    0x00000000      0x7a4 FreeRTOS/src/stream_buffer.o
 .debug_str     0x00000000      0x81f FreeRTOS/src/stream_buffer.o
 .comment       0x00000000       0x31 FreeRTOS/src/stream_buffer.o
 .debug_frame   0x00000000      0x3c8 FreeRTOS/src/stream_buffer.o
 .text          0x00000000        0x0 FreeRTOS/src/tasks.o
 .data          0x00000000        0x0 FreeRTOS/src/tasks.o
 .bss           0x00000000        0x0 FreeRTOS/src/tasks.o
 .text.vTaskDelete
                0x00000000       0xaa FreeRTOS/src/tasks.o
 .text.eTaskGetState
                0x00000000       0x82 FreeRTOS/src/tasks.o
 .text.uxTaskPriorityGet
                0x00000000       0x1e FreeRTOS/src/tasks.o
 .text.uxTaskPriorityGetFromISR
                0x00000000       0x14 FreeRTOS/src/tasks.o
 .text.vTaskPrioritySet
                0x00000000       0xf8 FreeRTOS/src/tasks.o
 .text.vTaskResume
                0x00000000       0x9e FreeRTOS/src/tasks.o
 .text.xTaskResumeFromISR
                0x00000000       0xae FreeRTOS/src/tasks.o
 .text.vTaskEndScheduler
                0x00000000        0xe FreeRTOS/src/tasks.o
 .text.xTaskGetTickCountFromISR
                0x00000000        0xa FreeRTOS/src/tasks.o
 .text.uxTaskGetNumberOfTasks
                0x00000000        0x6 FreeRTOS/src/tasks.o
 .text.pcTaskGetName
                0x00000000       0x10 FreeRTOS/src/tasks.o
 .text.vTaskDelayUntil
                0x00000000       0x7c FreeRTOS/src/tasks.o
 .text.vTaskDelay
                0x00000000       0x28 FreeRTOS/src/tasks.o
 .text.vTaskSetApplicationTaskTag
                0x00000000       0x1e FreeRTOS/src/tasks.o
 .text.xTaskGetApplicationTaskTag
                0x00000000       0x1e FreeRTOS/src/tasks.o
 .text.xTaskGetApplicationTaskTagFromISR
                0x00000000       0x14 FreeRTOS/src/tasks.o
 .text.xTaskCallApplicationTaskHook
                0x00000000       0x24 FreeRTOS/src/tasks.o
 .text.vTaskSuspend
                0x00000000       0xa4 FreeRTOS/src/tasks.o
 .text.vTaskPlaceOnUnorderedEventList
                0x00000000       0x32 FreeRTOS/src/tasks.o
 .text.vTaskRemoveFromUnorderedEventList
                0x00000000       0x70 FreeRTOS/src/tasks.o
 .text.vTaskSetTimeOutState
                0x00000000       0x20 FreeRTOS/src/tasks.o
 .text.uxTaskGetTaskNumber
                0x00000000        0xe FreeRTOS/src/tasks.o
 .text.vTaskSetTaskNumber
                0x00000000        0xa FreeRTOS/src/tasks.o
 .text.vTaskGetInfo
                0x00000000       0xd6 FreeRTOS/src/tasks.o
 .text.prvListTasksWithinSingleList
                0x00000000       0xb2 FreeRTOS/src/tasks.o
 .text.uxTaskGetSystemState
                0x00000000       0xe8 FreeRTOS/src/tasks.o
 .text.uxTaskGetStackHighWaterMark
                0x00000000       0x3a FreeRTOS/src/tasks.o
 .text.xTaskGetCurrentTaskHandle
                0x00000000        0xa FreeRTOS/src/tasks.o
 .text.xTaskPriorityInherit
                0x00000000       0xe4 FreeRTOS/src/tasks.o
 .text.vTaskPriorityDisinheritAfterTimeout
                0x00000000       0xa0 FreeRTOS/src/tasks.o
 .text.uxTaskResetEventItemValue
                0x00000000       0x2e FreeRTOS/src/tasks.o
 .text.pvTaskIncrementMutexHeldCount
                0x00000000       0x24 FreeRTOS/src/tasks.o
 .text.ulTaskNotifyTake
                0x00000000       0xae FreeRTOS/src/tasks.o
 .text.xTaskNotifyWait
                0x00000000      0x108 FreeRTOS/src/tasks.o
 .text.xTaskGenericNotify
                0x00000000       0xfc FreeRTOS/src/tasks.o
 .text.xTaskGenericNotifyFromISR
                0x00000000      0x120 FreeRTOS/src/tasks.o
 .text.vTaskNotifyGiveFromISR
                0x00000000       0xb4 FreeRTOS/src/tasks.o
 .text.xTaskNotifyStateClear
                0x00000000       0x28 FreeRTOS/src/tasks.o
 .text          0x00000000        0x0 FreeRTOS/src/timers.o
 .data          0x00000000        0x0 FreeRTOS/src/timers.o
 .bss           0x00000000        0x0 FreeRTOS/src/timers.o
 .text.xTimerCreate
                0x00000000       0x6e FreeRTOS/src/timers.o
 .text.xTimerGetTimerDaemonTaskHandle
                0x00000000        0xa FreeRTOS/src/timers.o
 .text.xTimerGetPeriod
                0x00000000        0x8 FreeRTOS/src/timers.o
 .text.vTimerSetReloadMode
                0x00000000       0x22 FreeRTOS/src/timers.o
 .text.xTimerGetExpiryTime
                0x00000000        0x8 FreeRTOS/src/timers.o
 .text.pcTimerGetName
                0x00000000        0x8 FreeRTOS/src/timers.o
 .text.xTimerIsTimerActive
                0x00000000       0x12 FreeRTOS/src/timers.o
 .text.pvTimerGetTimerID
                0x00000000       0x12 FreeRTOS/src/timers.o
 .text.vTimerSetTimerID
                0x00000000       0x12 FreeRTOS/src/timers.o
 .text.uxTimerGetTimerNumber
                0x00000000        0x6 FreeRTOS/src/timers.o
 .text.vTimerSetTimerNumber
                0x00000000        0x6 FreeRTOS/src/timers.o
 .text          0x00000000        0x0 FreeRTOS/src/variantHooks.o
 .data          0x00000000        0x0 FreeRTOS/src/variantHooks.o
 .bss           0x00000000        0x0 FreeRTOS/src/variantHooks.o
 .text          0x00000000        0x0 main.o
 .data          0x00000000        0x0 main.o
 .bss           0x00000000        0x0 main.o
 .text          0x00000000        0x0 c:/program files (x86)/atmel/studio/7.0/toolchain/avr8/avr8-gnu-toolchain/bin/../lib/gcc/avr/5.4.0/avr6\libgcc.a(_exit.o)
 .data          0x00000000        0x0 c:/program files (x86)/atmel/studio/7.0/toolchain/avr8/avr8-gnu-toolchain/bin/../lib/gcc/avr/5.4.0/avr6\libgcc.a(_exit.o)
 .bss           0x00000000        0x0 c:/program files (x86)/atmel/studio/7.0/toolchain/avr8/avr8-gnu-toolchain/bin/../lib/gcc/avr/5.4.0/avr6\libgcc.a(_exit.o)
 .text.libgcc.mul
                0x00000000        0x0 c:/program files (x86)/atmel/studio/7.0/toolchain/avr8/avr8-gnu-toolchain/bin/../lib/gcc/avr/5.4.0/avr6\libgcc.a(_exit.o)
 .text.libgcc.div
                0x00000000        0x0 c:/program files (x86)/atmel/studio/7.0/toolchain/avr8/avr8-gnu-toolchain/bin/../lib/gcc/avr/5.4.0/avr6\libgcc.a(_exit.o)
 .text.libgcc   0x00000000        0x0 c:/program files (x86)/atmel/studio/7.0/toolchain/avr8/avr8-gnu-toolchain/bin/../lib/gcc/avr/5.4.0/avr6\libgcc.a(_exit.o)
 .text.libgcc.prologue
                0x00000000        0x0 c:/program files (x86)/atmel/studio/7.0/toolchain/avr8/avr8-gnu-toolchain/bin/../lib/gcc/avr/5.4.0/avr6\libgcc.a(_exit.o)
 .text.libgcc.builtins
                0x00000000        0x0 c:/program files (x86)/atmel/studio/7.0/toolchain/avr8/avr8-gnu-toolchain/bin/../lib/gcc/avr/5.4.0/avr6\libgcc.a(_exit.o)
 .text.libgcc.fmul
                0x00000000        0x0 c:/program files (x86)/atmel/studio/7.0/toolchain/avr8/avr8-gnu-toolchain/bin/../lib/gcc/avr/5.4.0/avr6\libgcc.a(_exit.o)
 .text.libgcc.fixed
                0x00000000        0x0 c:/program files (x86)/atmel/studio/7.0/toolchain/avr8/avr8-gnu-toolchain/bin/../lib/gcc/avr/5.4.0/avr6\libgcc.a(_exit.o)
 .text          0x00000000        0x0 c:/program files (x86)/atmel/studio/7.0/toolchain/avr8/avr8-gnu-toolchain/bin/../lib/gcc/avr/5.4.0/avr6\libgcc.a(_tablejump2.o)
 .data          0x00000000        0x0 c:/program files (x86)/atmel/studio/7.0/toolchain/avr8/avr8-gnu-toolchain/bin/../lib/gcc/avr/5.4.0/avr6\libgcc.a(_tablejump2.o)
 .bss           0x00000000        0x0 c:/program files (x86)/atmel/studio/7.0/toolchain/avr8/avr8-gnu-toolchain/bin/../lib/gcc/avr/5.4.0/avr6\libgcc.a(_tablejump2.o)
 .text.libgcc.mul
                0x00000000        0x0 c:/program files (x86)/atmel/studio/7.0/toolchain/avr8/avr8-gnu-toolchain/bin/../lib/gcc/avr/5.4.0/avr6\libgcc.a(_tablejump2.o)
 .text.libgcc.div
                0x00000000        0x0 c:/program files (x86)/atmel/studio/7.0/toolchain/avr8/avr8-gnu-toolchain/bin/../lib/gcc/avr/5.4.0/avr6\libgcc.a(_tablejump2.o)
 .text.libgcc.prologue
                0x00000000        0x0 c:/program files (x86)/atmel/studio/7.0/toolchain/avr8/avr8-gnu-toolchain/bin/../lib/gcc/avr/5.4.0/avr6\libgcc.a(_tablejump2.o)
 .text.libgcc.builtins
                0x00000000        0x0 c:/program files (x86)/atmel/studio/7.0/toolchain/avr8/avr8-gnu-toolchain/bin/../lib/gcc/avr/5.4.0/avr6\libgcc.a(_tablejump2.o)
 .text.libgcc.fmul
                0x00000000        0x0 c:/program files (x86)/atmel/studio/7.0/toolchain/avr8/avr8-gnu-toolchain/bin/../lib/gcc/avr/5.4.0/avr6\libgcc.a(_tablejump2.o)
 .text.libgcc.fixed
                0x00000000        0x0 c:/program files (x86)/atmel/studio/7.0/toolchain/avr8/avr8-gnu-toolchain/bin/../lib/gcc/avr/5.4.0/avr6\libgcc.a(_tablejump2.o)
 .text          0x00000000        0x0 c:/program files (x86)/atmel/studio/7.0/toolchain/avr8/avr8-gnu-toolchain/bin/../lib/gcc/avr/5.4.0/avr6\libgcc.a(_copy_data.o)
 .data          0x00000000        0x0 c:/program files (x86)/atmel/studio/7.0/toolchain/avr8/avr8-gnu-toolchain/bin/../lib/gcc/avr/5.4.0/avr6\libgcc.a(_copy_data.o)
 .bss           0x00000000        0x0 c:/program files (x86)/atmel/studio/7.0/toolchain/avr8/avr8-gnu-toolchain/bin/../lib/gcc/avr/5.4.0/avr6\libgcc.a(_copy_data.o)
 .text.libgcc.mul
                0x00000000        0x0 c:/program files (x86)/atmel/studio/7.0/toolchain/avr8/avr8-gnu-toolchain/bin/../lib/gcc/avr/5.4.0/avr6\libgcc.a(_copy_data.o)
 .text.libgcc.div
                0x00000000        0x0 c:/program files (x86)/atmel/studio/7.0/toolchain/avr8/avr8-gnu-toolchain/bin/../lib/gcc/avr/5.4.0/avr6\libgcc.a(_copy_data.o)
 .text.libgcc   0x00000000        0x0 c:/program files (x86)/atmel/studio/7.0/toolchain/avr8/avr8-gnu-toolchain/bin/../lib/gcc/avr/5.4.0/avr6\libgcc.a(_copy_data.o)
 .text.libgcc.prologue
                0x00000000        0x0 c:/program files (x86)/atmel/studio/7.0/toolchain/avr8/avr8-gnu-toolchain/bin/../lib/gcc/avr/5.4.0/avr6\libgcc.a(_copy_data.o)
 .text.libgcc.builtins
                0x00000000        0x0 c:/program files (x86)/atmel/studio/7.0/toolchain/avr8/avr8-gnu-toolchain/bin/../lib/gcc/avr/5.4.0/avr6\libgcc.a(_copy_data.o)
 .text.libgcc.fmul
                0x00000000        0x0 c:/program files (x86)/atmel/studio/7.0/toolchain/avr8/avr8-gnu-toolchain/bin/../lib/gcc/avr/5.4.0/avr6\libgcc.a(_copy_data.o)
 .text.libgcc.fixed
                0x00000000        0x0 c:/program files (x86)/atmel/studio/7.0/toolchain/avr8/avr8-gnu-toolchain/bin/../lib/gcc/avr/5.4.0/avr6\libgcc.a(_copy_data.o)
 .text          0x00000000        0x0 c:/program files (x86)/atmel/studio/7.0/toolchain/avr8/avr8-gnu-toolchain/bin/../lib/gcc/avr/5.4.0/avr6\libgcc.a(_clear_bss.o)
 .data          0x00000000        0x0 c:/program files (x86)/atmel/studio/7.0/toolchain/avr8/avr8-gnu-toolchain/bin/../lib/gcc/avr/5.4.0/avr6\libgcc.a(_clear_bss.o)
 .bss           0x00000000        0x0 c:/program files (x86)/atmel/studio/7.0/toolchain/avr8/avr8-gnu-toolchain/bin/../lib/gcc/avr/5.4.0/avr6\libgcc.a(_clear_bss.o)
 .text.libgcc.mul
                0x00000000        0x0 c:/program files (x86)/atmel/studio/7.0/toolchain/avr8/avr8-gnu-toolchain/bin/../lib/gcc/avr/5.4.0/avr6\libgcc.a(_clear_bss.o)
 .text.libgcc.div
                0x00000000        0x0 c:/program files (x86)/atmel/studio/7.0/toolchain/avr8/avr8-gnu-toolchain/bin/../lib/gcc/avr/5.4.0/avr6\libgcc.a(_clear_bss.o)
 .text.libgcc   0x00000000        0x0 c:/program files (x86)/atmel/studio/7.0/toolchain/avr8/avr8-gnu-toolchain/bin/../lib/gcc/avr/5.4.0/avr6\libgcc.a(_clear_bss.o)
 .text.libgcc.prologue
                0x00000000        0x0 c:/program files (x86)/atmel/studio/7.0/toolchain/avr8/avr8-gnu-toolchain/bin/../lib/gcc/avr/5.4.0/avr6\libgcc.a(_clear_bss.o)
 .text.libgcc.builtins
                0x00000000        0x0 c:/program files (x86)/atmel/studio/7.0/toolchain/avr8/avr8-gnu-toolchain/bin/../lib/gcc/avr/5.4.0/avr6\libgcc.a(_clear_bss.o)
 .text.libgcc.fmul
                0x00000000        0x0 c:/program files (x86)/atmel/studio/7.0/toolchain/avr8/avr8-gnu-toolchain/bin/../lib/gcc/avr/5.4.0/avr6\libgcc.a(_clear_bss.o)
 .text.libgcc.fixed
                0x00000000        0x0 c:/program files (x86)/atmel/studio/7.0/toolchain/avr8/avr8-gnu-toolchain/bin/../lib/gcc/avr/5.4.0/avr6\libgcc.a(_clear_bss.o)
 .text          0x00000000        0x0 c:/program files (x86)/atmel/studio/7.0/toolchain/avr8/avr8-gnu-toolchain/bin/../lib/gcc/avr/5.4.0/../../../../avr/lib/avr6\libc.a(malloc.o)
 .bss           0x00000000        0x0 c:/program files (x86)/atmel/studio/7.0/toolchain/avr8/avr8-gnu-toolchain/bin/../lib/gcc/avr/5.4.0/../../../../avr/lib/avr6\libc.a(malloc.o)
 .text          0x00000000        0x0 c:/program files (x86)/atmel/studio/7.0/toolchain/avr8/avr8-gnu-toolchain/bin/../lib/gcc/avr/5.4.0/../../../../avr/lib/avr6\libc.a(memcpy.o)
 .data          0x00000000        0x0 c:/program files (x86)/atmel/studio/7.0/toolchain/avr8/avr8-gnu-toolchain/bin/../lib/gcc/avr/5.4.0/../../../../avr/lib/avr6\libc.a(memcpy.o)
 .bss           0x00000000        0x0 c:/program files (x86)/atmel/studio/7.0/toolchain/avr8/avr8-gnu-toolchain/bin/../lib/gcc/avr/5.4.0/../../../../avr/lib/avr6\libc.a(memcpy.o)
 .text          0x00000000        0x0 c:/program files (x86)/atmel/studio/7.0/toolchain/avr8/avr8-gnu-toolchain/bin/../lib/gcc/avr/5.4.0/../../../../avr/lib/avr6\libc.a(memset.o)
 .data          0x00000000        0x0 c:/program files (x86)/atmel/studio/7.0/toolchain/avr8/avr8-gnu-toolchain/bin/../lib/gcc/avr/5.4.0/../../../../avr/lib/avr6\libc.a(memset.o)
 .bss           0x00000000        0x0 c:/program files (x86)/atmel/studio/7.0/toolchain/avr8/avr8-gnu-toolchain/bin/../lib/gcc/avr/5.4.0/../../../../avr/lib/avr6\libc.a(memset.o)

Memory Configuration

Name             Origin             Length             Attributes
text             0x00000000         0x00100000         xr
data             0x00800200         0x0000fe00         rw !x
eeprom           0x00810000         0x00010000         rw !x
fuse             0x00820000         0x00000003         rw !x
lock             0x00830000         0x00000400         rw !x
signature        0x00840000         0x00000400         rw !x
user_signatures  0x00850000         0x00000400         rw !x
*default*        0x00000000         0xffffffff

Linker script and memory map

Address of section .data set to 0x800200
LOAD C:/Program Files (x86)/Atmel/Studio/7.0/Packs/atmel/ATmega_DFP/1.2.209/gcc/dev/atmega2560/avr6/crtatmega2560.o
LOAD FreeRTOS/FreeRTOSTraceDriver/FreeRTOSTraceDriver.o
LOAD FreeRTOS/src/croutine.o
LOAD FreeRTOS/src/event_groups.o
LOAD FreeRTOS/src/heap_3.o
LOAD FreeRTOS/src/list.o
LOAD FreeRTOS/src/port.o
LOAD FreeRTOS/src/queue.o
LOAD FreeRTOS/src/stream_buffer.o
LOAD FreeRTOS/src/tasks.o
LOAD FreeRTOS/src/timers.o
LOAD FreeRTOS/src/variantHooks.o
LOAD main.o
START GROUP
LOAD c:/program files (x86)/atmel/studio/7.0/toolchain/avr8/avr8-gnu-toolchain/bin/../lib/gcc/avr/5.4.0/../../../../avr/lib/avr6\libm.a
LOAD ../FreeRTOS/Lib\libserialLib.a
END GROUP
START GROUP
LOAD c:/program files (x86)/atmel/studio/7.0/toolchain/avr8/avr8-gnu-toolchain/bin/../lib/gcc/avr/5.4.0/avr6\libgcc.a
LOAD c:/program files (x86)/atmel/studio/7.0/toolchain/avr8/avr8-gnu-toolchain/bin/../lib/gcc/avr/5.4.0/../../../../avr/lib/avr6\libm.a
LOAD c:/program files (x86)/atmel/studio/7.0/toolchain/avr8/avr8-gnu-toolchain/bin/../lib/gcc/avr/5.4.0/../../../../avr/lib/avr6\libc.a
LOAD C:/Program Files (x86)/Atmel/Studio/7.0/Packs/atmel/ATmega_DFP/1.2.209/gcc/dev/atmega2560/avr6\libatmega2560.a
END GROUP
                0x00100000                __TEXT_REGION_LENGTH__ = DEFINED (__TEXT_REGION_LENGTH__)?__TEXT_REGION_LENGTH__:0x100000
                0x0000fe00                __DATA_REGION_LENGTH__ = DEFINED (__DATA_REGION_LENGTH__)?__DATA_REGION_LENGTH__:0xfe00
                0x00010000                __EEPROM_REGION_LENGTH__ = DEFINED (__EEPROM_REGION_LENGTH__)?__EEPROM_REGION_LENGTH__:0x10000
                [0x00000003]                __FUSE_REGION_LENGTH__ = DEFINED (__FUSE_REGION_LENGTH__)?__FUSE_REGION_LENGTH__:0x400
                0x00000400                __LOCK_REGION_LENGTH__ = DEFINED (__LOCK_REGION_LENGTH__)?__LOCK_REGION_LENGTH__:0x400
                0x00000400                __SIGNATURE_REGION_LENGTH__ = DEFINED (__SIGNATURE_REGION_LENGTH__)?__SIGNATURE_REGION_LENGTH__:0x400
                0x00000400                __USER_SIGNATURE_REGION_LENGTH__ = DEFINED (__USER_SIGNATURE_REGION_LENGTH__)?__USER_SIGNATURE_REGION_LENGTH__:0x400

.hash
 *(.hash)

.dynsym
 *(.dynsym)

.dynstr
 *(.dynstr)

.gnu.version
 *(.gnu.version)

.gnu.version_d
 *(.gnu.version_d)

.gnu.version_r
 *(.gnu.version_r)

.rel.init
 *(.rel.init)

.rela.init
 *(.rela.init)

.rel.text
 *(.rel.text)
 *(.rel.text.*)
 *(.rel.gnu.linkonce.t*)

.rela.text
 *(.rela.text)
 *(.rela.text.*)
 *(.rela.gnu.linkonce.t*)

.rel.fini
 *(.rel.fini)

.rela.fini
 *(.rela.fini)

.rel.rodata
 *(.rel.rodata)
 *(.rel.rodata.*)
 *(.rel.gnu.linkonce.r*)

.rela.rodata
 *(.rela.rodata)
 *(.rela.rodata.*)
 *(.rela.gnu.linkonce.r*)

.rel.data
 *(.rel.data)
 *(.rel.data.*)
 *(.rel.gnu.linkonce.d*)

.rela.data
 *(.rela.data)
 *(.rela.data.*)
 *(.rela.gnu.linkonce.d*)

.rel.ctors
 *(.rel.ctors)

.rela.ctors
 *(.rela.ctors)

.rel.dtors
 *(.rel.dtors)

.rela.dtors
 *(.rela.dtors)

.rel.got
 *(.rel.got)

.rela.got
 *(.rela.got)

.rel.bss
 *(.rel.bss)

.rela.bss
 *(.rela.bss)

.rel.plt
 *(.rel.plt)

.rela.plt
 *(.rela.plt)

.text           0x00000000     0x1b6c
 *(.vectors)
 .vectors       0x00000000       0xe4 C:/Program Files (x86)/Atmel/Studio/7.0/Packs/atmel/ATmega_DFP/1.2.209/gcc/dev/atmega2560/avr6/crtatmega2560.o
                0x00000000                __vector_default
                0x00000000                __vectors
 *(.vectors)
 *(.progmem.gcc*)
 .progmem.gcc_sw_table
                0x000000e4       0x14 FreeRTOS/src/timers.o
                0x000000f8                . = ALIGN (0x2)
                0x000000f8                __trampolines_start = .
 *(.trampolines)
 .trampolines   0x000000f8        0x0 linker stubs
 *(.trampolines*)
                0x000000f8                __trampolines_end = .
 *libprintf_flt.a:*(.progmem.data)
 *libc.a:*(.progmem.data)
 *(.progmem*)
                0x000000f8                . = ALIGN (0x2)
 *(.jumptables)
 *(.jumptables*)
 *(.lowtext)
 .lowtext       0x000000f8       0x6c FreeRTOS/src/tasks.o
 .lowtext       0x00000164      0x202 FreeRTOS/src/timers.o
 *(.lowtext*)
                0x00000366                __ctors_start = .
 *(.ctors)
                0x00000366                __ctors_end = .
                0x00000366                __dtors_start = .
 *(.dtors)
                0x00000366                __dtors_end = .
 SORT(*)(.ctors)
 SORT(*)(.dtors)
 *(.init0)
 .init0         0x00000366        0x0 C:/Program Files (x86)/Atmel/Studio/7.0/Packs/atmel/ATmega_DFP/1.2.209/gcc/dev/atmega2560/avr6/crtatmega2560.o
                0x00000366                __init
 *(.init0)
 *(.init1)
 *(.init1)
 *(.init2)
 .init2         0x00000366       0x10 C:/Program Files (x86)/Atmel/Studio/7.0/Packs/atmel/ATmega_DFP/1.2.209/gcc/dev/atmega2560/avr6/crtatmega2560.o
 *(.init2)
 *(.init3)
 *(.init3)
 *(.init4)
 .init4         0x00000376       0x1a c:/program files (x86)/atmel/studio/7.0/toolchain/avr8/avr8-gnu-toolchain/bin/../lib/gcc/avr/5.4.0/avr6\libgcc.a(_copy_data.o)
                0x00000376                __do_copy_data
 .init4         0x00000390       0x10 c:/program files (x86)/atmel/studio/7.0/toolchain/avr8/avr8-gnu-toolchain/bin/../lib/gcc/avr/5.4.0/avr6\libgcc.a(_clear_bss.o)
                0x00000390                __do_clear_bss
 *(.init4)
 *(.init5)
 *(.init5)
 *(.init6)
 *(.init6)
 *(.init7)
 *(.init7)
 *(.init8)
 *(.init8)
 *(.init9)
 .init9         0x000003a0        0x8 C:/Program Files (x86)/Atmel/Studio/7.0/Packs/atmel/ATmega_DFP/1.2.209/gcc/dev/atmega2560/avr6/crtatmega2560.o
 *(.init9)
 *(.text)
 .text          0x000003a8        0x2 C:/Program Files (x86)/Atmel/Studio/7.0/Packs/atmel/ATmega_DFP/1.2.209/gcc/dev/atmega2560/avr6/crtatmega2560.o
                0x000003a8                __vector_38
                0x000003a8                __vector_22
                0x000003a8                __vector_28
                0x000003a8                __vector_1
                0x000003a8                __vector_32
                0x000003a8                __vector_34
                0x000003a8                __vector_24
                0x000003a8                __vector_55
                0x000003a8                __vector_46
                0x000003a8                __bad_interrupt
                0x000003a8                __vector_6
                0x000003a8                __vector_31
                0x000003a8                __vector_35
                0x000003a8                __vector_39
                0x000003a8                __vector_3
                0x000003a8                __vector_23
                0x000003a8                __vector_30
                0x000003a8                __vector_45
                0x000003a8                __vector_25
                0x000003a8                __vector_11
                0x000003a8                __vector_54
                0x000003a8                __vector_13
                0x000003a8                __vector_17
                0x000003a8                __vector_19
                0x000003a8                __vector_56
                0x000003a8                __vector_7
                0x000003a8                __vector_49
                0x000003a8                __vector_41
                0x000003a8                __vector_43
                0x000003a8                __vector_27
                0x000003a8                __vector_5
                0x000003a8                __vector_33
                0x000003a8                __vector_47
                0x000003a8                __vector_52
                0x000003a8                __vector_37
                0x000003a8                __vector_4
                0x000003a8                __vector_44
                0x000003a8                __vector_51
                0x000003a8                __vector_9
                0x000003a8                __vector_2
                0x000003a8                __vector_21
                0x000003a8                __vector_15
                0x000003a8                __vector_36
                0x000003a8                __vector_29
                0x000003a8                __vector_40
                0x000003a8                __vector_8
                0x000003a8                __vector_26
                0x000003a8                __vector_48
                0x000003a8                __vector_14
                0x000003a8                __vector_53
                0x000003a8                __vector_10
                0x000003a8                __vector_50
                0x000003a8                __vector_16
                0x000003a8                __vector_18
                0x000003a8                __vector_20
                0x000003a8                __vector_42
                0x000003aa                . = ALIGN (0x2)
 *(.text.*)
 .text.trace_init
                0x000003aa        0xc FreeRTOS/FreeRTOSTraceDriver/FreeRTOSTraceDriver.o
                0x000003aa                trace_init
 .text.task_switch_in
                0x000003b6       0x14 FreeRTOS/FreeRTOSTraceDriver/FreeRTOSTraceDriver.o
                0x000003b6                task_switch_in
 .text.task_switch_out
                0x000003ca        0xc FreeRTOS/FreeRTOSTraceDriver/FreeRTOSTraceDriver.o
                0x000003ca                task_switch_out
 .text.pvPortMalloc
                0x000003d6       0x22 FreeRTOS/src/heap_3.o
                0x000003d6                pvPortMalloc
 .text.vPortFree
                0x000003f8       0x1a FreeRTOS/src/heap_3.o
                0x000003f8                vPortFree
 .text.vListInitialise
                0x00000412       0x1c FreeRTOS/src/list.o
                0x00000412                vListInitialise
 .text.vListInitialiseItem
                0x0000042e        0x8 FreeRTOS/src/list.o
                0x0000042e                vListInitialiseItem
 .text.vListInsertEnd
                0x00000436       0x42 FreeRTOS/src/list.o
                0x00000436                vListInsertEnd
 .text.vListInsert
                0x00000478       0x62 FreeRTOS/src/list.o
                0x00000478                vListInsert
 .text.uxListRemove
                0x000004da       0x4e FreeRTOS/src/list.o
                0x000004da                uxListRemove
 .text.pxPortInitialiseStack
                0x00000528       0xe4 FreeRTOS/src/port.o
                0x00000528                pxPortInitialiseStack
 .text.xPortStartScheduler
                0x0000060c       0x78 FreeRTOS/src/port.o
                0x0000060c                xPortStartScheduler
 .text.vPortYield
                0x00000684       0xc0 FreeRTOS/src/port.o
                0x00000684                vPortYield
 .text.vPortYieldFromTick
                0x00000744       0xc6 FreeRTOS/src/port.o
                0x00000744                vPortYieldFromTick
 .text.__vector_12
                0x0000080a        0x4 FreeRTOS/src/port.o
                0x0000080a                __vector_12
 .text.prvIsQueueEmpty
                0x0000080e       0x16 FreeRTOS/src/queue.o
 .text.prvCopyDataToQueue
                0x00000824       0xbc FreeRTOS/src/queue.o
 .text.prvCopyDataFromQueue
                0x000008e0       0x34 FreeRTOS/src/queue.o
 .text.prvUnlockQueue
                0x00000914       0x92 FreeRTOS/src/queue.o
 .text.xQueueGenericReset
                0x000009a6       0x84 FreeRTOS/src/queue.o
                0x000009a6                xQueueGenericReset
 .text.xQueueGenericCreate
                0x00000a2a       0x5c FreeRTOS/src/queue.o
                0x00000a2a                xQueueGenericCreate
 .text.xQueueGenericSend
                0x00000a86      0x124 FreeRTOS/src/queue.o
                0x00000a86                xQueueGenericSend
 .text.xQueueGenericSendFromISR
                0x00000baa       0x70 FreeRTOS/src/queue.o
                0x00000baa                xQueueGenericSendFromISR
 .text.xQueueReceive
                0x00000c1a      0x112 FreeRTOS/src/queue.o
                0x00000c1a                xQueueReceive
 .text.vQueueWaitForMessageRestricted
                0x00000d2c       0x36 FreeRTOS/src/queue.o
                0x00000d2c                vQueueWaitForMessageRestricted
 .text.prvResetNextTaskUnblockTime
                0x00000d62       0x3e FreeRTOS/src/tasks.o
 .text.prvAddCurrentTaskToDelayedList
                0x00000da0       0xa8 FreeRTOS/src/tasks.o
 .text.xTaskCreate
                0x00000e48      0x21a FreeRTOS/src/tasks.o
                0x00000e48                xTaskCreate
 .text.vTaskStartScheduler
                0x00001062       0x62 FreeRTOS/src/tasks.o
                0x00001062                vTaskStartScheduler
 .text.vTaskSuspendAll
                0x000010c4        0xc FreeRTOS/src/tasks.o
                0x000010c4                vTaskSuspendAll
 .text.xTaskGetTickCount
                0x000010d0       0x14 FreeRTOS/src/tasks.o
                0x000010d0                xTaskGetTickCount
 .text.xTaskIncrementTick
                0x000010e4      0x16e FreeRTOS/src/tasks.o
                0x000010e4                xTaskIncrementTick
 .text.xTaskResumeAll
                0x00001252       0xf2 FreeRTOS/src/tasks.o
                0x00001252                xTaskResumeAll
 .text.vTaskSwitchContext
                0x00001344      0x11a FreeRTOS/src/tasks.o
                0x00001344                vTaskSwitchContext
 .text.vTaskPlaceOnEventList
                0x0000145e       0x20 FreeRTOS/src/tasks.o
                0x0000145e                vTaskPlaceOnEventList
 .text.vTaskPlaceOnEventListRestricted
                0x0000147e       0x30 FreeRTOS/src/tasks.o
                0x0000147e                vTaskPlaceOnEventListRestricted
 .text.xTaskRemoveFromEventList
                0x000014ae       0x8e FreeRTOS/src/tasks.o
                0x000014ae                xTaskRemoveFromEventList
 .text.vTaskInternalSetTimeOutState
                0x0000153c       0x16 FreeRTOS/src/tasks.o
                0x0000153c                vTaskInternalSetTimeOutState
 .text.xTaskCheckForTimeOut
                0x00001552       0x6a FreeRTOS/src/tasks.o
                0x00001552                xTaskCheckForTimeOut
 .text.vTaskMissedYield
                0x000015bc        0x8 FreeRTOS/src/tasks.o
                0x000015bc                vTaskMissedYield
 .text.xTaskGetSchedulerState
                0x000015c4       0x1c FreeRTOS/src/tasks.o
                0x000015c4                xTaskGetSchedulerState
 .text.xTaskPriorityDisinherit
                0x000015e0       0x80 FreeRTOS/src/tasks.o
                0x000015e0                xTaskPriorityDisinherit
 .text.prvInsertTimerInActiveList
                0x00001660       0x5e FreeRTOS/src/timers.o
 .text.prvCheckForValidListAndQueue
                0x000016be       0x50 FreeRTOS/src/timers.o
 .text.xTimerCreateTimerTask
                0x0000170e       0x40 FreeRTOS/src/timers.o
                0x0000170e                xTimerCreateTimerTask
 .text.xTimerGenericCommand
                0x0000174e       0x88 FreeRTOS/src/timers.o
                0x0000174e                xTimerGenericCommand
 .text.prvSampleTimeNow
                0x000017d6       0xdc FreeRTOS/src/timers.o
 .text.vApplicationIdleHook
                0x000018b2        0x2 FreeRTOS/src/variantHooks.o
                0x000018b2                vApplicationIdleHook
 .text.vApplicationMallocFailedHook
                0x000018b4       0x1a FreeRTOS/src/variantHooks.o
                0x000018b4                vApplicationMallocFailedHook
 .text.vApplicationStackOverflowHook
                0x000018ce       0x1a FreeRTOS/src/variantHooks.o
                0x000018ce                vApplicationStackOverflowHook
 .text.main     0x000018e8        0xe main.o
                0x000018e8                main
 .text.libgcc   0x000018f6       0x10 c:/program files (x86)/atmel/studio/7.0/toolchain/avr8/avr8-gnu-toolchain/bin/../lib/gcc/avr/5.4.0/avr6\libgcc.a(_tablejump2.o)
                0x000018f6                __tablejump2__
 .text.avr-libc
                0x00001906      0x242 c:/program files (x86)/atmel/studio/7.0/toolchain/avr8/avr8-gnu-toolchain/bin/../lib/gcc/avr/5.4.0/../../../../avr/lib/avr6\libc.a(malloc.o)
                0x00001906                malloc
                0x00001a36                free
 .text.avr-libc
                0x00001b48       0x12 c:/program files (x86)/atmel/studio/7.0/toolchain/avr8/avr8-gnu-toolchain/bin/../lib/gcc/avr/5.4.0/../../../../avr/lib/avr6\libc.a(memcpy.o)
                0x00001b48                memcpy
 .text.avr-libc
                0x00001b5a        0xe c:/program files (x86)/atmel/studio/7.0/toolchain/avr8/avr8-gnu-toolchain/bin/../lib/gcc/avr/5.4.0/../../../../avr/lib/avr6\libc.a(memset.o)
                0x00001b5a                memset
                0x00001b68                . = ALIGN (0x2)
 *(.fini9)
 .fini9         0x00001b68        0x0 c:/program files (x86)/atmel/studio/7.0/toolchain/avr8/avr8-gnu-toolchain/bin/../lib/gcc/avr/5.4.0/avr6\libgcc.a(_exit.o)
                0x00001b68                _exit
                0x00001b68                exit
 *(.fini9)
 *(.fini8)
 *(.fini8)
 *(.fini7)
 *(.fini7)
 *(.fini6)
 *(.fini6)
 *(.fini5)
 *(.fini5)
 *(.fini4)
 *(.fini4)
 *(.fini3)
 *(.fini3)
 *(.fini2)
 *(.fini2)
 *(.fini1)
 *(.fini1)
 *(.fini0)
 .fini0         0x00001b68        0x4 c:/program files (x86)/atmel/studio/7.0/toolchain/avr8/avr8-gnu-toolchain/bin/../lib/gcc/avr/5.4.0/avr6\libgcc.a(_exit.o)
 *(.fini0)
                0x00001b6c                _etext = .

.data           0x00800200       0x14 load address 0x00001b6c
                0x00800200                PROVIDE (__data_start, .)
 *(.data)
 .data          0x00800200        0x6 c:/program files (x86)/atmel/studio/7.0/toolchain/avr8/avr8-gnu-toolchain/bin/../lib/gcc/avr/5.4.0/../../../../avr/lib/avr6\libc.a(malloc.o)
                0x00800200                __malloc_heap_end
                0x00800202                __malloc_heap_start
                0x00800204                __malloc_margin
 *(.data*)
 *(.gnu.linkonce.d*)
 *(.rodata)
 *(.rodata*)
 .rodata.str1.1
                0x00800206        0x5 FreeRTOS/src/tasks.o
 .rodata.str1.1
                0x0080020b        0x8 FreeRTOS/src/timers.o
 *(.gnu.linkonce.r*)
                0x00800214                . = ALIGN (0x2)
 *fill*         0x00800213        0x1 
                0x00800214                _edata = .
                0x00800214                PROVIDE (__data_end, .)

.bss            0x00800214       0x86
                0x00800214                PROVIDE (__bss_start, .)
 *(.bss)
 *(.bss*)
 .bss.uxSchedulerSuspended
                0x00800214        0x1 FreeRTOS/src/tasks.o
 .bss.xIdleTaskHandle
                0x00800215        0x2 FreeRTOS/src/tasks.o
 .bss.xNextTaskUnblockTime
                0x00800217        0x2 FreeRTOS/src/tasks.o
 .bss.uxTaskNumber
                0x00800219        0x1 FreeRTOS/src/tasks.o
 .bss.xNumOfOverflows
                0x0080021a        0x1 FreeRTOS/src/tasks.o
 .bss.xYieldPending
                0x0080021b        0x1 FreeRTOS/src/tasks.o
 .bss.uxPendedTicks
                0x0080021c        0x1 FreeRTOS/src/tasks.o
 .bss.xSchedulerRunning
                0x0080021d        0x1 FreeRTOS/src/tasks.o
 .bss.uxTopReadyPriority
                0x0080021e        0x1 FreeRTOS/src/tasks.o
 .bss.xTickCount
                0x0080021f        0x2 FreeRTOS/src/tasks.o
 .bss.uxCurrentNumberOfTasks
                0x00800221        0x1 FreeRTOS/src/tasks.o
 .bss.xSuspendedTaskList
                0x00800222        0x9 FreeRTOS/src/tasks.o
 .bss.uxDeletedTasksWaitingCleanUp
                0x0080022b        0x1 FreeRTOS/src/tasks.o
 .bss.xTasksWaitingTermination
                0x0080022c        0x9 FreeRTOS/src/tasks.o
 .bss.xPendingReadyList
                0x00800235        0x9 FreeRTOS/src/tasks.o
 .bss.pxOverflowDelayedTaskList
                0x0080023e        0x2 FreeRTOS/src/tasks.o
 .bss.pxDelayedTaskList
                0x00800240        0x2 FreeRTOS/src/tasks.o
 .bss.xDelayedTaskList2
                0x00800242        0x9 FreeRTOS/src/tasks.o
 .bss.xDelayedTaskList1
                0x0080024b        0x9 FreeRTOS/src/tasks.o
 .bss.pxReadyTasksLists
                0x00800254       0x24 FreeRTOS/src/tasks.o
 .bss.pxCurrentTCB
                0x00800278        0x2 FreeRTOS/src/tasks.o
                0x00800278                pxCurrentTCB
 .bss.xLastTime.2432
                0x0080027a        0x2 FreeRTOS/src/timers.o
 .bss.xTimerTaskHandle
                0x0080027c        0x2 FreeRTOS/src/timers.o
 .bss.xTimerQueue
                0x0080027e        0x2 FreeRTOS/src/timers.o
 .bss.pxOverflowTimerList
                0x00800280        0x2 FreeRTOS/src/timers.o
 .bss.pxCurrentTimerList
                0x00800282        0x2 FreeRTOS/src/timers.o
 .bss.xActiveTimerList2
                0x00800284        0x9 FreeRTOS/src/timers.o
 .bss.xActiveTimerList1
                0x0080028d        0x9 FreeRTOS/src/timers.o
 *(COMMON)
 COMMON         0x00800296        0x4 c:/program files (x86)/atmel/studio/7.0/toolchain/avr8/avr8-gnu-toolchain/bin/../lib/gcc/avr/5.4.0/../../../../avr/lib/avr6\libc.a(malloc.o)
                0x00800296                __brkval
                0x00800298                __flp
                0x0080029a                PROVIDE (__bss_end, .)
                0x00001b6c                __data_load_start = LOADADDR (.data)
                0x00001b80                __data_load_end = (__data_load_start + SIZEOF (.data))

.noinit         0x0080029a        0x0
                [!provide]                PROVIDE (__noinit_start, .)
 *(.noinit*)
                [!provide]                PROVIDE (__noinit_end, .)
                0x0080029a                _end = .
                0x0080029a                PROVIDE (__heap_start, .)

.eeprom         0x00810000        0x0
 *(.eeprom*)
                0x00810000                __eeprom_end = .

.fuse
 *(.fuse)
 *(.lfuse)
 *(.hfuse)
 *(.efuse)

.lock
 *(.lock*)

.signature
 *(.signature*)

.user_signatures
 *(.user_signatures*)

.stab
 *(.stab)

.stabstr
 *(.stabstr)

.stab.excl
 *(.stab.excl)

.stab.exclstr
 *(.stab.exclstr)

.stab.index
 *(.stab.index)

.stab.indexstr
 *(.stab.indexstr)

.comment        0x00000000       0x30
 *(.comment)
 .comment       0x00000000       0x30 FreeRTOS/FreeRTOSTraceDriver/FreeRTOSTraceDriver.o
                                 0x31 (size before relaxing)
 .comment       0x00000030       0x31 FreeRTOS/src/heap_3.o
 .comment       0x00000030       0x31 FreeRTOS/src/list.o
 .comment       0x00000030       0x31 FreeRTOS/src/port.o
 .comment       0x00000030       0x31 FreeRTOS/src/queue.o
 .comment       0x00000030       0x31 FreeRTOS/src/tasks.o
 .comment       0x00000030       0x31 FreeRTOS/src/timers.o
 .comment       0x00000030       0x31 FreeRTOS/src/variantHooks.o
 .comment       0x00000030       0x31 main.o
 .comment       0x00000030       0x31 c:/program files (x86)/atmel/studio/7.0/toolchain/avr8/avr8-gnu-toolchain/bin/../lib/gcc/avr/5.4.0/../../../../avr/lib/avr6\libc.a(malloc.o)

.note.gnu.avr.deviceinfo
                0x00000000       0x40
 .note.gnu.avr.deviceinfo
                0x00000000       0x40 C:/Program Files (x86)/Atmel/Studio/7.0/Packs/atmel/ATmega_DFP/1.2.209/gcc/dev/atmega2560/avr6/crtatmega2560.o

.note.gnu.build-id
 *(.note.gnu.build-id)

.debug
 *(.debug)

.line
 *(.line)

.debug_srcinfo
 *(.debug_srcinfo)

.debug_sfnames
 *(.debug_sfnames)

.debug_aranges  0x00000000      0x4a0
 *(.debug_aranges)
 .debug_aranges
                0x00000000       0x30 FreeRTOS/FreeRTOSTraceDriver/FreeRTOSTraceDriver.o
 .debug_aranges
                0x00000030       0x28 FreeRTOS/src/heap_3.o
 .debug_aranges
                0x00000058       0x40 FreeRTOS/src/list.o
 .debug_aranges
                0x00000098       0x48 FreeRTOS/src/port.o
 .debug_aranges
                0x000000e0       0xf8 FreeRTOS/src/queue.o
 .debug_aranges
                0x000001d8      0x1d8 FreeRTOS/src/tasks.o
 .debug_aranges
                0x000003b0       0xa0 FreeRTOS/src/timers.o
 .debug_aranges
                0x00000450       0x30 FreeRTOS/src/variantHooks.o
 .debug_aranges
                0x00000480       0x20 main.o

.debug_pubnames
 *(.debug_pubnames)

.debug_info     0x00000000     0x6734
 *(.debug_info .gnu.linkonce.wi.*)
 .debug_info    0x00000000      0xbbc C:/Program Files (x86)/Atmel/Studio/7.0/Packs/atmel/ATmega_DFP/1.2.209/gcc/dev/atmega2560/avr6/crtatmega2560.o
 .debug_info    0x00000bbc       0xd3 FreeRTOS/FreeRTOSTraceDriver/FreeRTOSTraceDriver.o
 .debug_info    0x00000c8f      0x19f FreeRTOS/src/heap_3.o
 .debug_info    0x00000e2e      0x2df FreeRTOS/src/list.o
 .debug_info    0x0000110d      0x284 FreeRTOS/src/port.o
 .debug_info    0x00001391     0x18fc FreeRTOS/src/queue.o
 .debug_info    0x00002c8d     0x27ae FreeRTOS/src/tasks.o
 .debug_info    0x0000543b     0x1077 FreeRTOS/src/timers.o
 .debug_info    0x000064b2      0x1ba FreeRTOS/src/variantHooks.o
 .debug_info    0x0000666c       0xc8 main.o

.debug_abbrev   0x00000000     0x19d2
 *(.debug_abbrev)
 .debug_abbrev  0x00000000      0xb1a C:/Program Files (x86)/Atmel/Studio/7.0/Packs/atmel/ATmega_DFP/1.2.209/gcc/dev/atmega2560/avr6/crtatmega2560.o
 .debug_abbrev  0x00000b1a       0x92 FreeRTOS/FreeRTOSTraceDriver/FreeRTOSTraceDriver.o
 .debug_abbrev  0x00000bac      0x107 FreeRTOS/src/heap_3.o
 .debug_abbrev  0x00000cb3       0xff FreeRTOS/src/list.o
 .debug_abbrev  0x00000db2      0x158 FreeRTOS/src/port.o
 .debug_abbrev  0x00000f0a      0x2d8 FreeRTOS/src/queue.o
 .debug_abbrev  0x000011e2      0x359 FreeRTOS/src/tasks.o
 .debug_abbrev  0x0000153b      0x30f FreeRTOS/src/timers.o
 .debug_abbrev  0x0000184a      0x101 FreeRTOS/src/variantHooks.o
 .debug_abbrev  0x0000194b       0x87 main.o

.debug_line     0x00000000     0x339a
 *(.debug_line .debug_line.* .debug_line_end)
 .debug_line    0x00000000      0x1f9 C:/Program Files (x86)/Atmel/Studio/7.0/Packs/atmel/ATmega_DFP/1.2.209/gcc/dev/atmega2560/avr6/crtatmega2560.o
 .debug_line    0x000001f9       0xfd FreeRTOS/FreeRTOSTraceDriver/FreeRTOSTraceDriver.o
 .debug_line    0x000002f6      0x175 FreeRTOS/src/heap_3.o
 .debug_line    0x0000046b      0x1da FreeRTOS/src/list.o
 .debug_line    0x00000645      0x312 FreeRTOS/src/port.o
 .debug_line    0x00000957      0xbfa FreeRTOS/src/queue.o
 .debug_line    0x00001551     0x1656 FreeRTOS/src/tasks.o
 .debug_line    0x00002ba7      0x562 FreeRTOS/src/timers.o
 .debug_line    0x00003109      0x18a FreeRTOS/src/variantHooks.o
 .debug_line    0x00003293      0x107 main.o

.debug_frame    0x00000000      0xe28
 *(.debug_frame)
 .debug_frame   0x00000000       0x44 FreeRTOS/FreeRTOSTraceDriver/FreeRTOSTraceDriver.o
 .debug_frame   0x00000044       0x4c FreeRTOS/src/heap_3.o
 .debug_frame   0x00000090       0x88 FreeRTOS/src/list.o
 .debug_frame   0x00000118       0x74 FreeRTOS/src/port.o
 .debug_frame   0x0000018c      0x3cc FreeRTOS/src/queue.o
 .debug_frame   0x00000558      0x69c FreeRTOS/src/tasks.o
 .debug_frame   0x00000bf4      0x1cc FreeRTOS/src/timers.o
 .debug_frame   0x00000dc0       0x44 FreeRTOS/src/variantHooks.o
 .debug_frame   0x00000e04       0x24 main.o

.debug_str      0x00000000     0x1ff6
 *(.debug_str)
 .debug_str     0x00000000      0x3e6 C:/Program Files (x86)/Atmel/Studio/7.0/Packs/atmel/ATmega_DFP/1.2.209/gcc/dev/atmega2560/avr6/crtatmega2560.o
 .debug_str     0x000003e6      0x189 FreeRTOS/FreeRTOSTraceDriver/FreeRTOSTraceDriver.o
                                0x1bd (size before relaxing)
 .debug_str     0x0000056f       0x9d FreeRTOS/src/heap_3.o
                                0x1ef (size before relaxing)
 .debug_str     0x0000060c      0x154 FreeRTOS/src/list.o
                                0x2ba (size before relaxing)
 .debug_str     0x00000760      0x130 FreeRTOS/src/port.o
                                0x2a7 (size before relaxing)
 .debug_str     0x00000890      0x6e4 FreeRTOS/src/queue.o
                                0x9b0 (size before relaxing)
 .debug_str     0x00000f74      0xbd1 FreeRTOS/src/tasks.o
                               0x115b (size before relaxing)
 .debug_str     0x00001b45      0x43f FreeRTOS/src/timers.o
                                0x848 (size before relaxing)
 .debug_str     0x00001f84       0x61 FreeRTOS/src/variantHooks.o
                                0x24e (size before relaxing)
 .debug_str     0x00001fe5       0x11 main.o
                                0x193 (size before relaxing)

.debug_loc      0x00000000     0x5e13
 *(.debug_loc)
 .debug_loc     0x00000000       0x42 FreeRTOS/FreeRTOSTraceDriver/FreeRTOSTraceDriver.o
 .debug_loc     0x00000042      0x102 FreeRTOS/src/heap_3.o
 .debug_loc     0x00000144      0x145 FreeRTOS/src/list.o
 .debug_loc     0x00000289      0x2af FreeRTOS/src/port.o
 .debug_loc     0x00000538     0x1dc0 FreeRTOS/src/queue.o
 .debug_loc     0x000022f8     0x2e78 FreeRTOS/src/tasks.o
 .debug_loc     0x00005170      0xbed FreeRTOS/src/timers.o
 .debug_loc     0x00005d5d       0xb6 FreeRTOS/src/variantHooks.o

.debug_macinfo
 *(.debug_macinfo)

.debug_weaknames
 *(.debug_weaknames)

.debug_funcnames
 *(.debug_funcnames)

.debug_typenames
 *(.debug_typenames)

.debug_varnames
 *(.debug_varnames)

.debug_pubtypes
 *(.debug_pubtypes)

.debug_ranges   0x00000000      0x578
 *(.debug_ranges)
 .debug_ranges  0x00000000       0x20 FreeRTOS/FreeRTOSTraceDriver/FreeRTOSTraceDriver.o
 .debug_ranges  0x00000020       0x18 FreeRTOS/src/heap_3.o
 .debug_ranges  0x00000038       0x30 FreeRTOS/src/list.o
 .debug_ranges  0x00000068       0x38 FreeRTOS/src/port.o
 .debug_ranges  0x000000a0      0x178 FreeRTOS/src/queue.o
 .debug_ranges  0x00000218      0x240 FreeRTOS/src/tasks.o
 .debug_ranges  0x00000458       0xf0 FreeRTOS/src/timers.o
 .debug_ranges  0x00000548       0x20 FreeRTOS/src/variantHooks.o
 .debug_ranges  0x00000568       0x10 main.o

.debug_macro
 *(.debug_macro)
OUTPUT(MyFirstProject.elf elf32-avr)
LOAD linker stubs
