Archive member included to satisfy reference by file (symbol)

../Drivers\libIotLibrary.a(hal.o)
                              myLora.o (hal_create)
../Drivers\libIotLibrary.a(hih8120.o)
                              temp_humSensor.o (hih8120Create)
../Drivers\libIotLibrary.a(led.o)
                              ../Drivers\libIotLibrary.a(hal.o) (led_create)
../Drivers\libIotLibrary.a(lora_driver.o)
                              myLora.o (lora_driver_create)
../Drivers\libIotLibrary.a(lora_driver_utils.o)
                              ../Drivers\libIotLibrary.a(lora_driver.o) (decode_port_no)
../Drivers\libIotLibrary.a(mega_register_access.o)
                              ../Drivers\libIotLibrary.a(hal.o) (reg_read_register)
../Drivers\libIotLibrary.a(mh_z19.o)
                              co2Sensor.o (mh_z19_create)
../Drivers\libIotLibrary.a(serial.o)
                              ../Drivers\libIotLibrary.a(lora_driver.o) (serial_new_instance)
../Drivers\libIotLibrary.a(stdio_driver.o)
                              main.o (stdioCreate)
../Drivers\libIotLibrary.a(twi.o)
                              ../Drivers\libIotLibrary.a(hih8120.o) (twiCreate)
../Drivers\libIotLibrary.a(fifo.o)
                              ../Drivers\libIotLibrary.a(serial.o) (fifo_init)
d:/program files (x86)/atmel/studio/7.0/toolchain/avr8/avr8-gnu-toolchain/bin/../lib/gcc/avr/5.4.0/../../../../avr/lib/avr6\libm.a(addsf3.o)
                              ../Drivers\libIotLibrary.a(hih8120.o) (__subsf3)
d:/program files (x86)/atmel/studio/7.0/toolchain/avr8/avr8-gnu-toolchain/bin/../lib/gcc/avr/5.4.0/../../../../avr/lib/avr6\libm.a(addsf3x.o)
                              d:/program files (x86)/atmel/studio/7.0/toolchain/avr8/avr8-gnu-toolchain/bin/../lib/gcc/avr/5.4.0/../../../../avr/lib/avr6\libm.a(addsf3.o) (__addsf3x)
d:/program files (x86)/atmel/studio/7.0/toolchain/avr8/avr8-gnu-toolchain/bin/../lib/gcc/avr/5.4.0/../../../../avr/lib/avr6\libm.a(divsf3.o)
                              ../Drivers\libIotLibrary.a(hih8120.o) (__divsf3)
d:/program files (x86)/atmel/studio/7.0/toolchain/avr8/avr8-gnu-toolchain/bin/../lib/gcc/avr/5.4.0/../../../../avr/lib/avr6\libm.a(divsf3x.o)
                              d:/program files (x86)/atmel/studio/7.0/toolchain/avr8/avr8-gnu-toolchain/bin/../lib/gcc/avr/5.4.0/../../../../avr/lib/avr6\libm.a(divsf3.o) (__divsf3x)
d:/program files (x86)/atmel/studio/7.0/toolchain/avr8/avr8-gnu-toolchain/bin/../lib/gcc/avr/5.4.0/../../../../avr/lib/avr6\libm.a(fixsfsi.o)
                              ../Drivers\libIotLibrary.a(hih8120.o) (__fixsfsi)
d:/program files (x86)/atmel/studio/7.0/toolchain/avr8/avr8-gnu-toolchain/bin/../lib/gcc/avr/5.4.0/../../../../avr/lib/avr6\libm.a(fixunssfsi.o)
                              ../Drivers\libIotLibrary.a(hih8120.o) (__fixunssfsi)
d:/program files (x86)/atmel/studio/7.0/toolchain/avr8/avr8-gnu-toolchain/bin/../lib/gcc/avr/5.4.0/../../../../avr/lib/avr6\libm.a(floatsisf.o)
                              ../Drivers\libIotLibrary.a(hih8120.o) (__floatunsisf)
d:/program files (x86)/atmel/studio/7.0/toolchain/avr8/avr8-gnu-toolchain/bin/../lib/gcc/avr/5.4.0/../../../../avr/lib/avr6\libm.a(fp_inf.o)
                              d:/program files (x86)/atmel/studio/7.0/toolchain/avr8/avr8-gnu-toolchain/bin/../lib/gcc/avr/5.4.0/../../../../avr/lib/avr6\libm.a(addsf3x.o) (__fp_inf)
d:/program files (x86)/atmel/studio/7.0/toolchain/avr8/avr8-gnu-toolchain/bin/../lib/gcc/avr/5.4.0/../../../../avr/lib/avr6\libm.a(fp_nan.o)
                              d:/program files (x86)/atmel/studio/7.0/toolchain/avr8/avr8-gnu-toolchain/bin/../lib/gcc/avr/5.4.0/../../../../avr/lib/avr6\libm.a(addsf3x.o) (__fp_nan)
d:/program files (x86)/atmel/studio/7.0/toolchain/avr8/avr8-gnu-toolchain/bin/../lib/gcc/avr/5.4.0/../../../../avr/lib/avr6\libm.a(fp_pscA.o)
                              d:/program files (x86)/atmel/studio/7.0/toolchain/avr8/avr8-gnu-toolchain/bin/../lib/gcc/avr/5.4.0/../../../../avr/lib/avr6\libm.a(addsf3x.o) (__fp_pscA)
d:/program files (x86)/atmel/studio/7.0/toolchain/avr8/avr8-gnu-toolchain/bin/../lib/gcc/avr/5.4.0/../../../../avr/lib/avr6\libm.a(fp_pscB.o)
                              d:/program files (x86)/atmel/studio/7.0/toolchain/avr8/avr8-gnu-toolchain/bin/../lib/gcc/avr/5.4.0/../../../../avr/lib/avr6\libm.a(addsf3x.o) (__fp_pscB)
d:/program files (x86)/atmel/studio/7.0/toolchain/avr8/avr8-gnu-toolchain/bin/../lib/gcc/avr/5.4.0/../../../../avr/lib/avr6\libm.a(fp_round.o)
                              d:/program files (x86)/atmel/studio/7.0/toolchain/avr8/avr8-gnu-toolchain/bin/../lib/gcc/avr/5.4.0/../../../../avr/lib/avr6\libm.a(addsf3.o) (__fp_round)
d:/program files (x86)/atmel/studio/7.0/toolchain/avr8/avr8-gnu-toolchain/bin/../lib/gcc/avr/5.4.0/../../../../avr/lib/avr6\libm.a(fp_split3.o)
[...]
Memory Configuration

Name             Origin             Length             Attributes
text             0x00000000         0x00100000         xr
data             0x00800200         0x0000fe00         rw !x
eeprom           0x00810000         0x00010000         rw !x
fuse             0x00820000         0x00000003         rw !x
lock             0x00830000         0x00000400         rw !x
signature        0x00840000         0x00000400         rw !x
user_signatures  0x00850000         0x00000400         rw !x
*default*        0x00000000         0xffffffff

Linker script and memory map

Address of section .data set to 0x800200
LOAD D:/Program Files (x86)/Atmel/Studio/7.0/Packs/atmel/ATmega_DFP/1.2.209/gcc/dev/atmega2560/avr6/crtatmega2560.o
LOAD co2Sensor.o
LOAD FreeRTOS/FreeRTOSTraceDriver/FreeRTOSTraceDriver.o
LOAD FreeRTOS/src/croutine.o
LOAD FreeRTOS/src/event_groups.o
LOAD FreeRTOS/src/heap_3.o
LOAD FreeRTOS/src/list.o
LOAD FreeRTOS/src/port.o
LOAD FreeRTOS/src/queue.o
LOAD FreeRTOS/src/stream_buffer.o
LOAD FreeRTOS/src/tasks.o
LOAD FreeRTOS/src/timers.o
LOAD FreeRTOS/src/variantHooks.o
LOAD main.o
LOAD myLora.o
LOAD mySemaphores.o
LOAD myTasks.o
LOAD myTimers.o
LOAD temp_humSensor.o
START GROUP
LOAD d:/program files (x86)/atmel/studio/7.0/toolchain/avr8/avr8-gnu-toolchain/bin/../lib/gcc/avr/5.4.0/../../../../avr/lib/avr6\libm.a
LOAD ../Drivers\libIotLibrary.a
END GROUP
START GROUP
LOAD d:/program files (x86)/atmel/studio/7.0/toolchain/avr8/avr8-gnu-toolchain/bin/../lib/gcc/avr/5.4.0/avr6\libgcc.a
LOAD d:/program files (x86)/atmel/studio/7.0/toolchain/avr8/avr8-gnu-toolchain/bin/../lib/gcc/avr/5.4.0/../../../../avr/lib/avr6\libm.a
LOAD d:/program files (x86)/atmel/studio/7.0/toolchain/avr8/avr8-gnu-toolchain/bin/../lib/gcc/avr/5.4.0/../../../../avr/lib/avr6\libc.a
LOAD D:/Program Files (x86)/Atmel/Studio/7.0/Packs/atmel/ATmega_DFP/1.2.209/gcc/dev/atmega2560/avr6\libatmega2560.a
END GROUP
                0x00100000                __TEXT_REGION_LENGTH__ = DEFINED (__TEXT_REGION_LENGTH__)?__TEXT_REGION_LENGTH__:0x100000
                0x0000fe00                __DATA_REGION_LENGTH__ = DEFINED (__DATA_REGION_LENGTH__)?__DATA_REGION_LENGTH__:0xfe00
                0x00010000                __EEPROM_REGION_LENGTH__ = DEFINED (__EEPROM_REGION_LENGTH__)?__EEPROM_REGION_LENGTH__:0x10000
                [0x00000003]                __FUSE_REGION_LENGTH__ = DEFINED (__FUSE_REGION_LENGTH__)?__FUSE_REGION_LENGTH__:0x400
                0x00000400                __LOCK_REGION_LENGTH__ = DEFINED (__LOCK_REGION_LENGTH__)?__LOCK_REGION_LENGTH__:0x400
                0x00000400                __SIGNATURE_REGION_LENGTH__ = DEFINED (__SIGNATURE_REGION_LENGTH__)?__SIGNATURE_REGION_LENGTH__:0x400
                0x00000400                __USER_SIGNATURE_REGION_LENGTH__ = DEFINED (__USER_SIGNATURE_REGION_LENGTH__)?__USER_SIGNATURE_REGION_LENGTH__:0x400

.hash
 *(.hash)

.dynsym
 *(.dynsym)

.dynstr
 *(.dynstr)

.gnu.version
 *(.gnu.version)

.gnu.version_d
 *(.gnu.version_d)

.gnu.version_r
 *(.gnu.version_r)

.rel.init
 *(.rel.init)

.rela.init
 *(.rela.init)

.rel.text
 *(.rel.text)
 *(.rel.text.*)
 *(.rel.gnu.linkonce.t*)

.rela.text
 *(.rela.text)
 *(.rela.text.*)
 *(.rela.gnu.linkonce.t*)

.rel.fini
 *(.rel.fini)

.rela.fini
 *(.rela.fini)

.rel.rodata
 *(.rel.rodata)
 *(.rel.rodata.*)
 *(.rel.gnu.linkonce.r*)

.rela.rodata
 *(.rela.rodata)
 *(.rela.rodata.*)
 *(.rela.gnu.linkonce.r*)

.rel.data
 *(.rel.data)
 *(.rel.data.*)
 *(.rel.gnu.linkonce.d*)

.rela.data
 *(.rela.data)
 *(.rela.data.*)
 *(.rela.gnu.linkonce.d*)

.rel.ctors
 *(.rel.ctors)

.rela.ctors
 *(.rela.ctors)

.rel.dtors
 *(.rel.dtors)

.rela.dtors
 *(.rela.dtors)

.rel.got
 *(.rel.got)

.rela.got
 *(.rela.got)

.rel.bss
 *(.rel.bss)

.rela.bss
 *(.rela.bss)

.rel.plt
 *(.rel.plt)

.rela.plt
 *(.rela.plt)

.text           0x00000000     0x4b54
 *(.vectors)
 .vectors       0x00000000       0xe4 D:/Program Files (x86)/Atmel/Studio/7.0/Packs/atmel/ATmega_DFP/1.2.209/gcc/dev/atmega2560/avr6/crtatmega2560.o
                0x00000000                __vector_default
                0x00000000                __vectors
 *(.vectors)
 *(.progmem.gcc*)
 .progmem.gcc_sw_table
                0x000000e4       0x14 FreeRTOS/src/timers.o
 .progmem.gcc_sw_table.__vector_39
                0x000000f8       0xa2 ../Drivers\libIotLibrary.a(twi.o)
                0x0000019a                . = ALIGN (0x2)
                0x0000019a                __trampolines_start = .
 *(.trampolines)
 .trampolines   0x0000019a        0x0 linker stubs
 *(.trampolines*)
                0x0000019a                __trampolines_end = .
 *libprintf_flt.a:*(.progmem.data)
 *libc.a:*(.progmem.data)
 *(.progmem*)
                0x0000019a                . = ALIGN (0x2)
 *(.jumptables)
 *(.jumptables*)
 *(.lowtext)
 .lowtext       0x0000019a       0x6c FreeRTOS/src/tasks.o
 .lowtext       0x00000206      0x206 FreeRTOS/src/timers.o
 *(.lowtext*)
                0x0000040c                __ctors_start = .
 *(.ctors)
                0x0000040c                __ctors_end = .
                0x0000040c                __dtors_start = .
 *(.dtors)
                0x0000040c                __dtors_end = .
 SORT(*)(.ctors)
 SORT(*)(.dtors)
 *(.init0)
 .init0         0x0000040c        0x0 D:/Program Files (x86)/Atmel/Studio/7.0/Packs/atmel/ATmega_DFP/1.2.209/gcc/dev/atmega2560/avr6/crtatmega2560.o
                0x0000040c                __init
 *(.init0)
 *(.init1)
 *(.init1)
 *(.init2)
 .init2         0x0000040c       0x10 D:/Program Files (x86)/Atmel/Studio/7.0/Packs/atmel/ATmega_DFP/1.2.209/gcc/dev/atmega2560/avr6/crtatmega2560.o
 *(.init2)
 *(.init3)
 *(.init3)
 *(.init4)
 .init4         0x0000041c       0x1a d:/program files (x86)/atmel/studio/7.0/toolchain/avr8/avr8-gnu-toolchain/bin/../lib/gcc/avr/5.4.0/avr6\libgcc.a(_copy_data.o)
                0x0000041c                __do_copy_data
 .init4         0x00000436       0x10 d:/program files (x86)/atmel/studio/7.0/toolchain/avr8/avr8-gnu-toolchain/bin/../lib/gcc/avr/5.4.0/avr6\libgcc.a(_clear_bss.o)
                0x00000436                __do_clear_bss
 *(.init4)
 *(.init5)
 *(.init5)
 *(.init6)
 *(.init6)
 *(.init7)
 *(.init7)
 *(.init8)
 *(.init8)
 *(.init9)
 .init9         0x00000446        0x8 D:/Program Files (x86)/Atmel/Studio/7.0/Packs/atmel/ATmega_DFP/1.2.209/gcc/dev/atmega2560/avr6/crtatmega2560.o
 *(.init9)
 *(.text)
 .text          0x0000044e        0x2 D:/Program Files (x86)/Atmel/Studio/7.0/Packs/atmel/ATmega_DFP/1.2.209/gcc/dev/atmega2560/avr6/crtatmega2560.o
                0x0000044e                __vector_38
                0x0000044e                __vector_22
                0x0000044e                __vector_28
                0x0000044e                __vector_1
                0x0000044e                __vector_32
                0x0000044e                __vector_34
                0x0000044e                __vector_24
                0x0000044e                __vector_46
                0x0000044e                __bad_interrupt
                0x0000044e                __vector_6
                0x0000044e                __vector_31
                0x0000044e                __vector_35
                0x0000044e                __vector_3
                0x0000044e                __vector_23
                0x0000044e                __vector_30
                0x0000044e                __vector_45
                0x0000044e                __vector_11
                0x0000044e                __vector_13
                0x0000044e                __vector_17
                0x0000044e                __vector_19
                0x0000044e                __vector_56
                0x0000044e                __vector_7
                0x0000044e                __vector_49
                0x0000044e                __vector_41
                0x0000044e                __vector_43
                0x0000044e                __vector_27
                0x0000044e                __vector_5
                0x0000044e                __vector_33
                0x0000044e                __vector_47
                0x0000044e                __vector_4
                0x0000044e                __vector_44
                0x0000044e                __vector_9
                0x0000044e                __vector_2
                0x0000044e                __vector_21
                0x0000044e                __vector_15
                0x0000044e                __vector_29
                0x0000044e                __vector_40
                0x0000044e                __vector_8
                0x0000044e                __vector_48
                0x0000044e                __vector_14
                0x0000044e                __vector_53
                0x0000044e                __vector_10
                0x0000044e                __vector_50
                0x0000044e                __vector_16
                0x0000044e                __vector_18
                0x0000044e                __vector_20
                0x0000044e                __vector_42
                0x00000450                . = ALIGN (0x2)
 *(.text.*)
 .text.co2_callback
                0x00000450       0x22 co2Sensor.o
                0x00000450                co2_callback
 .text.co2_sensor_init
                0x00000472        0xc co2Sensor.o
                0x00000472                co2_sensor_init
 .text.trace_init
                0x0000047e        0xc FreeRTOS/FreeRTOSTraceDriver/FreeRTOSTraceDriver.o
                0x0000047e                trace_init
 .text.task_switch_in
                0x0000048a       0x14 FreeRTOS/FreeRTOSTraceDriver/FreeRTOSTraceDriver.o
                0x0000048a                task_switch_in
 .text.task_switch_out
                0x0000049e        0xc FreeRTOS/FreeRTOSTraceDriver/FreeRTOSTraceDriver.o
                0x0000049e                task_switch_out
 .text.pvPortMalloc
                0x000004aa       0x26 FreeRTOS/src/heap_3.o
                0x000004aa                pvPortMalloc
 .text.vPortFree
                0x000004d0       0x1e FreeRTOS/src/heap_3.o
                0x000004d0                vPortFree
 .text.vListInitialise
                0x000004ee       0x1c FreeRTOS/src/list.o
                0x000004ee                vListInitialise
 .text.vListInitialiseItem
                0x0000050a        0x8 FreeRTOS/src/list.o
                0x0000050a                vListInitialiseItem
 .text.vListInsertEnd
                0x00000512       0x42 FreeRTOS/src/list.o
                0x00000512                vListInsertEnd
 .text.vListInsert
                0x00000554       0x62 FreeRTOS/src/list.o
                0x00000554                vListInsert
 .text.uxListRemove
                0x000005b6       0x4e FreeRTOS/src/list.o
                0x000005b6                uxListRemove
 .text.pxPortInitialiseStack
                0x00000604       0xe4 FreeRTOS/src/port.o
                0x00000604                pxPortInitialiseStack
 .text.xPortStartScheduler
                0x000006e8       0x78 FreeRTOS/src/port.o
                0x000006e8                xPortStartScheduler
 .text.vPortYield
                0x00000760       0xc2 FreeRTOS/src/port.o
                0x00000760                vPortYield
 .text.vPortYieldFromTick
                0x00000822       0xc8 FreeRTOS/src/port.o
                0x00000822                vPortYieldFromTick
 .text.__vector_12
                0x000008ea        0x4 FreeRTOS/src/port.o
                0x000008ea                __vector_12
 .text.prvIsQueueEmpty
                0x000008ee       0x16 FreeRTOS/src/queue.o
 .text.prvCopyDataToQueue
                0x00000904       0xbe FreeRTOS/src/queue.o
 .text.prvCopyDataFromQueue
                0x000009c2       0x34 FreeRTOS/src/queue.o
 .text.prvUnlockQueue
                0x000009f6       0x9a FreeRTOS/src/queue.o
 .text.xQueueGenericReset
                0x00000a90       0x86 FreeRTOS/src/queue.o
                0x00000a90                xQueueGenericReset
 .text.xQueueGenericCreate
                0x00000b16       0x5c FreeRTOS/src/queue.o
                0x00000b16                xQueueGenericCreate
 .text.xQueueGenericSend
                0x00000b72      0x12a FreeRTOS/src/queue.o
                0x00000b72                xQueueGenericSend
 .text.xQueueCreateMutex
                0x00000c9c       0x30 FreeRTOS/src/queue.o
                0x00000c9c                xQueueCreateMutex
 .text.xQueueGenericSendFromISR
                0x00000ccc       0x70 FreeRTOS/src/queue.o
                0x00000ccc                xQueueGenericSendFromISR
 .text.xQueueReceive
                0x00000d3c      0x112 FreeRTOS/src/queue.o
                0x00000d3c                xQueueReceive
 .text.xQueueSemaphoreTake
                0x00000e4e      0x178 FreeRTOS/src/queue.o
                0x00000e4e                xQueueSemaphoreTake
 .text.vQueueWaitForMessageRestricted
                0x00000fc6       0x36 FreeRTOS/src/queue.o
                0x00000fc6                vQueueWaitForMessageRestricted
 .text.prvBytesInBuffer
                0x00000ffc       0x26 FreeRTOS/src/stream_buffer.o
 .text.prvWriteBytesToBuffer
                0x00001022       0x92 FreeRTOS/src/stream_buffer.o
 .text.prvWriteMessageToBuffer
                0x000010b4       0x80 FreeRTOS/src/stream_buffer.o
 .text.prvReadBytesFromBuffer
                0x00001134       0x9c FreeRTOS/src/stream_buffer.o
 .text.xStreamBufferGenericCreate
                0x000011d0       0x58 FreeRTOS/src/stream_buffer.o
                0x000011d0                xStreamBufferGenericCreate
 .text.xStreamBufferReset
                0x00001228       0x5a FreeRTOS/src/stream_buffer.o
                0x00001228                xStreamBufferReset
 .text.xStreamBufferSpacesAvailable
                0x00001282       0x24 FreeRTOS/src/stream_buffer.o
                0x00001282                xStreamBufferSpacesAvailable
 .text.xStreamBufferSendFromISR
                0x000012a6       0x84 FreeRTOS/src/stream_buffer.o
                0x000012a6                xStreamBufferSendFromISR
 .text.xStreamBufferReceive
                0x0000132a      0x134 FreeRTOS/src/stream_buffer.o
                0x0000132a                xStreamBufferReceive
 .text.prvResetNextTaskUnblockTime
                0x0000145e       0x3e FreeRTOS/src/tasks.o
 .text.prvAddCurrentTaskToDelayedList
                0x0000149c       0xa8 FreeRTOS/src/tasks.o
 .text.xTaskCreate
                0x00001544      0x23c FreeRTOS/src/tasks.o
                0x00001544                xTaskCreate
 .text.vTaskStartScheduler
                0x00001780       0x66 FreeRTOS/src/tasks.o
                0x00001780                vTaskStartScheduler
 .text.vTaskSuspendAll
                0x000017e6        0xc FreeRTOS/src/tasks.o
                0x000017e6                vTaskSuspendAll
 .text.xTaskGetTickCount
                0x000017f2       0x14 FreeRTOS/src/tasks.o
                0x000017f2                xTaskGetTickCount
 .text.xTaskIncrementTick
                0x00001806      0x174 FreeRTOS/src/tasks.o
                0x00001806                xTaskIncrementTick
 .text.xTaskResumeAll
                0x0000197a       0xfa FreeRTOS/src/tasks.o
                0x0000197a                xTaskResumeAll
 .text.vTaskDelay
                0x00001a74       0x22 FreeRTOS/src/tasks.o
                0x00001a74                vTaskDelay
 .text.vTaskSwitchContext
                0x00001a96      0x11c FreeRTOS/src/tasks.o
                0x00001a96                vTaskSwitchContext
 .text.vTaskPlaceOnEventList
                0x00001bb2       0x22 FreeRTOS/src/tasks.o
                0x00001bb2                vTaskPlaceOnEventList
 .text.vTaskPlaceOnEventListRestricted
                0x00001bd4       0x30 FreeRTOS/src/tasks.o
                0x00001bd4                vTaskPlaceOnEventListRestricted
 .text.xTaskRemoveFromEventList
                0x00001c04       0x90 FreeRTOS/src/tasks.o
                0x00001c04                xTaskRemoveFromEventList
 .text.vTaskInternalSetTimeOutState
                0x00001c94       0x16 FreeRTOS/src/tasks.o
                0x00001c94                vTaskInternalSetTimeOutState
 .text.xTaskCheckForTimeOut
                0x00001caa       0x6a FreeRTOS/src/tasks.o
                0x00001caa                xTaskCheckForTimeOut
 .text.vTaskMissedYield
                0x00001d14        0x8 FreeRTOS/src/tasks.o
                0x00001d14                vTaskMissedYield
 .text.xTaskGetCurrentTaskHandle
                0x00001d1c        0xa FreeRTOS/src/tasks.o
                0x00001d1c                xTaskGetCurrentTaskHandle
 .text.xTaskGetSchedulerState
                0x00001d26       0x1c FreeRTOS/src/tasks.o
                0x00001d26                xTaskGetSchedulerState
 .text.xTaskPriorityInherit
                0x00001d42       0xe4 FreeRTOS/src/tasks.o
                0x00001d42                xTaskPriorityInherit
 .text.xTaskPriorityDisinherit
                0x00001e26       0x80 FreeRTOS/src/tasks.o
                0x00001e26                xTaskPriorityDisinherit
 .text.vTaskPriorityDisinheritAfterTimeout
                0x00001ea6       0xa0 FreeRTOS/src/tasks.o
                0x00001ea6                vTaskPriorityDisinheritAfterTimeout
 .text.pvTaskIncrementMutexHeldCount
                0x00001f46       0x24 FreeRTOS/src/tasks.o
                0x00001f46                pvTaskIncrementMutexHeldCount
 .text.xTaskNotifyWait
                0x00001f6a      0x106 FreeRTOS/src/tasks.o
                0x00001f6a                xTaskNotifyWait
 .text.xTaskGenericNotify
                0x00002070       0xfc FreeRTOS/src/tasks.o
                0x00002070                xTaskGenericNotify
 .text.xTaskGenericNotifyFromISR
                0x0000216c      0x120 FreeRTOS/src/tasks.o
                0x0000216c                xTaskGenericNotifyFromISR
 .text.xTaskNotifyStateClear
                0x0000228c       0x28 FreeRTOS/src/tasks.o
                0x0000228c                xTaskNotifyStateClear
 .text.prvInsertTimerInActiveList
                0x000022b4       0x5e FreeRTOS/src/timers.o
 .text.prvCheckForValidListAndQueue
                0x00002312       0x52 FreeRTOS/src/timers.o
 .text.xTimerCreateTimerTask
                0x00002364       0x40 FreeRTOS/src/timers.o
                0x00002364                xTimerCreateTimerTask
 .text.xTimerCreate
                0x000023a4       0x6c FreeRTOS/src/timers.o
                0x000023a4                xTimerCreate
 .text.xTimerGenericCommand
                0x00002410       0x8e FreeRTOS/src/timers.o
                0x00002410                xTimerGenericCommand
 .text.prvSampleTimeNow
                0x0000249e       0xdc FreeRTOS/src/timers.o
 .text.vApplicationIdleHook
                0x0000257a        0x2 FreeRTOS/src/variantHooks.o
                0x0000257a                vApplicationIdleHook
 .text.vApplicationMallocFailedHook
                0x0000257c       0x1a FreeRTOS/src/variantHooks.o
                0x0000257c                vApplicationMallocFailedHook
 .text.vApplicationStackOverflowHook
                0x00002596       0x1a FreeRTOS/src/variantHooks.o
                0x00002596                vApplicationStackOverflowHook
 .text.main     0x000025b0       0x38 main.o
                0x000025b0                main
 .text.lora_init
                0x000025e8        0xa myLora.o
                0x000025e8                lora_init
 .text.lora_start
                0x000025f2       0xc2 myLora.o
                0x000025f2                lora_start
 .text.lora_send_data
                0x000026b4       0x94 myLora.o
                0x000026b4                lora_send_data
 .text.semaphores_init
                0x00002748       0x50 mySemaphores.o
                0x00002748                semaphores_init
 .text.lora_send_data_task
                0x00002798       0x52 myTasks.o
                0x00002798                lora_send_data_task
 .text.create_tasks
                0x000027ea       0x30 myTasks.o
                0x000027ea                create_tasks
 .text.co2_timer_callback
                0x0000281a       0x2c myTimers.o
                0x0000281a                co2_timer_callback
 .text.temp_hum_timer_callback
                0x00002846       0x2c myTimers.o
                0x00002846                temp_hum_timer_callback
 .text.lora_timer_callback
                0x00002872       0x3c myTimers.o
                0x00002872                lora_timer_callback
 .text.timers_init
                0x000028ae       0x5e myTimers.o
                0x000028ae                timers_init
 .text.hal_create
                0x0000290c       0x64 ../Drivers\libIotLibrary.a(hal.o)
                0x0000290c                hal_create
 .text._turn_off
                0x00002970       0x5c ../Drivers\libIotLibrary.a(led.o)
 .text._turn_on
                0x000029cc       0x5c ../Drivers\libIotLibrary.a(led.o)
 .text._hal_led_task
                0x00002a28       0x88 ../Drivers\libIotLibrary.a(led.o)
 .text.led_create
                0x00002ab0      0x10a ../Drivers\libIotLibrary.a(led.o)
                0x00002ab0                led_create
 .text._serial_call_back
                0x00002bba       0x8c ../Drivers\libIotLibrary.a(lora_driver.o)
 .text._upload_message
                0x00002c46       0xb0 ../Drivers\libIotLibrary.a(lora_driver.o)
 .text._reply2return_code
                0x00002cf6       0x76 ../Drivers\libIotLibrary.a(lora_driver.o)
 .text._upload_message_rc
                0x00002d6c        0x6 ../Drivers\libIotLibrary.a(lora_driver.o)
 .text.lora_driver_create
                0x00002d72       0x78 ../Drivers\libIotLibrary.a(lora_driver.o)
                0x00002d72                lora_driver_create
 .text.lora_driver_reset_rn2483
                0x00002dea       0x28 ../Drivers\libIotLibrary.a(lora_driver.o)
                0x00002dea                lora_driver_reset_rn2483
 .text.lora_driver_rn2483_factory_reset
                0x00002e12       0x24 ../Drivers\libIotLibrary.a(lora_driver.o)
                0x00002e12                lora_driver_rn2483_factory_reset
 .text.lora_driver_get_rn2483_hweui
                0x00002e36       0x38 ../Drivers\libIotLibrary.a(lora_driver.o)
                0x00002e36                lora_driver_get_rn2483_hweui
 .text.lora_driver_set_device_identifier
                0x00002e6e       0x22 ../Drivers\libIotLibrary.a(lora_driver.o)
                0x00002e6e                lora_driver_set_device_identifier
 .text.lora_driver_set_application_identifier
                0x00002e90       0x22 ../Drivers\libIotLibrary.a(lora_driver.o)
                0x00002e90                lora_driver_set_application_identifier
 .text.lora_driver_set_application_key
                0x00002eb2       0x22 ../Drivers\libIotLibrary.a(lora_driver.o)
                0x00002eb2                lora_driver_set_application_key
 .text.lora_driver_save_mac
                0x00002ed4        0xc ../Drivers\libIotLibrary.a(lora_driver.o)
                0x00002ed4                lora_driver_save_mac
 .text.lora_driver_join
                0x00002ee0       0x46 ../Drivers\libIotLibrary.a(lora_driver.o)
                0x00002ee0                lora_driver_join
 .text.lora_driver_sent_upload_message
                0x00002f26      0x130 ../Drivers\libIotLibrary.a(lora_driver.o)
                0x00002f26                lora_driver_sent_upload_message
 .text.lora_driver_set_adaptive_data_rate
                0x00003056       0x16 ../Drivers\libIotLibrary.a(lora_driver.o)
                0x00003056                lora_driver_set_adaptive_data_rate
 .text.lora_driver_configure_to_eu868
                0x0000306c      0x1bc ../Drivers\libIotLibrary.a(lora_driver.o)
                0x0000306c                lora_driver_configure_to_eu868
 .text.lora_driver_set_otaa_identity
                0x00003228       0x42 ../Drivers\libIotLibrary.a(lora_driver.o)
                0x00003228                lora_driver_set_otaa_identity
 .text.decode_port_no
                0x0000326a       0x58 ../Drivers\libIotLibrary.a(lora_driver_utils.o)
                0x0000326a                decode_port_no
 .text.decode_hexadecimal_string_bytes
                0x000032c2       0x92 ../Drivers\libIotLibrary.a(lora_driver_utils.o)
                0x000032c2                decode_hexadecimal_string_bytes
 .text.reg_read_register
                0x00003354        0x6 ../Drivers\libIotLibrary.a(mega_register_access.o)
                0x00003354                reg_read_register
 .text.reg_read_bit
                0x0000335a       0x16 ../Drivers\libIotLibrary.a(mega_register_access.o)
                0x0000335a                reg_read_bit
 .text.reg_read_bits
                0x00003370        0x8 ../Drivers\libIotLibrary.a(mega_register_access.o)
                0x00003370                reg_read_bits
 .text.reg_set_register
                0x00003378        0x6 ../Drivers\libIotLibrary.a(mega_register_access.o)
                0x00003378                reg_set_register
 .text.reg_clear_register
                0x0000337e        0x6 ../Drivers\libIotLibrary.a(mega_register_access.o)
                0x0000337e                reg_clear_register
 .text.reg_set_bit
                0x00003384       0x18 ../Drivers\libIotLibrary.a(mega_register_access.o)
                0x00003384                reg_set_bit
 .text.reg_set_bits
                0x0000339c        0xa ../Drivers\libIotLibrary.a(mega_register_access.o)
                0x0000339c                reg_set_bits
 .text.reg_toggle_bit
                0x000033a6       0x18 ../Drivers\libIotLibrary.a(mega_register_access.o)
                0x000033a6                reg_toggle_bit
 .text.reg_toggle_bits
                0x000033be        0xa ../Drivers\libIotLibrary.a(mega_register_access.o)
                0x000033be                reg_toggle_bits
 .text.reg_clear_bit
                0x000033c8       0x1a ../Drivers\libIotLibrary.a(mega_register_access.o)
                0x000033c8                reg_clear_bit
 .text.reg_clear_bits
                0x000033e2        0xc ../Drivers\libIotLibrary.a(mega_register_access.o)
                0x000033e2                reg_clear_bits
 .text._serial_call_back
                0x000033ee       0xb6 ../Drivers\libIotLibrary.a(mh_z19.o)
 .text.mh_z19_create
                0x000034a4       0x5c ../Drivers\libIotLibrary.a(mh_z19.o)
                0x000034a4                mh_z19_create
 .text.serial_new_instance
                0x00003500      0x12c ../Drivers\libIotLibrary.a(serial.o)
                0x00003500                serial_new_instance
 .text.serial_send_byte
                0x0000362c       0x4a ../Drivers\libIotLibrary.a(serial.o)
                0x0000362c                serial_send_byte
 .text.serial_send_bytes
                0x00003676       0xa0 ../Drivers\libIotLibrary.a(serial.o)
                0x00003676                serial_send_bytes
 .text.serial_get_byte
                0x00003716       0x38 ../Drivers\libIotLibrary.a(serial.o)
                0x00003716                serial_get_byte
 .text.__vector_25
                0x0000374e       0xa4 ../Drivers\libIotLibrary.a(serial.o)
                0x0000374e                __vector_25
 .text.__vector_26
                0x000037f2       0x88 ../Drivers\libIotLibrary.a(serial.o)
                0x000037f2                __vector_26
 .text.__vector_36
                0x0000387a       0xa4 ../Drivers\libIotLibrary.a(serial.o)
                0x0000387a                __vector_36
 .text.__vector_37
                0x0000391e       0x88 ../Drivers\libIotLibrary.a(serial.o)
                0x0000391e                __vector_37
 .text.__vector_51
                0x000039a6       0xa4 ../Drivers\libIotLibrary.a(serial.o)
                0x000039a6                __vector_51
 .text.__vector_52
                0x00003a4a       0x88 ../Drivers\libIotLibrary.a(serial.o)
                0x00003a4a                __vector_52
 .text.__vector_54
                0x00003ad2       0xa4 ../Drivers\libIotLibrary.a(serial.o)
                0x00003ad2                __vector_54
 .text.__vector_55
                0x00003b76       0x88 ../Drivers\libIotLibrary.a(serial.o)
                0x00003b76                __vector_55
 .text.usart_getchar
                0x00003bfe       0x2a ../Drivers\libIotLibrary.a(stdio_driver.o)
 .text.usart_putchar
                0x00003c28       0x12 ../Drivers\libIotLibrary.a(stdio_driver.o)
 .text.stdioCreate
                0x00003c3a       0x52 ../Drivers\libIotLibrary.a(stdio_driver.o)
                0x00003c3a                stdioCreate
 .text.__vector_39
                0x00003c8c      0x17a ../Drivers\libIotLibrary.a(twi.o)
                0x00003c8c                __vector_39
 .text.fifo_init
                0x00003e06       0x38 ../Drivers\libIotLibrary.a(fifo.o)
                0x00003e06                fifo_init
 .text.avr-libc.fplib
                0x00003e3e        0xa d:/program files (x86)/atmel/studio/7.0/toolchain/avr8/avr8-gnu-toolchain/bin/../lib/gcc/avr/5.4.0/../../../../avr/lib/avr6\libm.a(addsf3.o)
                0x00003e3e                __subsf3
                0x00003e40                __addsf3
 .text.avr-libc.fplib
                0x00003e48       0xc0 d:/program files (x86)/atmel/studio/7.0/toolchain/avr8/avr8-gnu-toolchain/bin/../lib/gcc/avr/5.4.0/../../../../avr/lib/avr6\libm.a(addsf3x.o)
                0x00003e62                __addsf3x
 .text.avr-libc.fplib
                0x00003f08        0x4 d:/program files (x86)/atmel/studio/7.0/toolchain/avr8/avr8-gnu-toolchain/bin/../lib/gcc/avr/5.4.0/../../../../avr/lib/avr6\libm.a(divsf3.o)
                0x00003f08                __divsf3
 .text.avr-libc.fplib
                0x00003f0c       0xcc d:/program files (x86)/atmel/studio/7.0/toolchain/avr8/avr8-gnu-toolchain/bin/../lib/gcc/avr/5.4.0/../../../../avr/lib/avr6\libm.a(divsf3x.o)
                0x00003f22                __divsf3x
                0x00003f26                __divsf3_pse
 .text.avr-libc.fplib
                0x00003fd8       0x58 d:/program files (x86)/atmel/studio/7.0/toolchain/avr8/avr8-gnu-toolchain/bin/../lib/gcc/avr/5.4.0/../../../../avr/lib/avr6\libm.a(fixunssfsi.o)
                0x00003fd8                __fixunssfsi
 .text.avr-libc.fplib
                0x00004030       0x7a d:/program files (x86)/atmel/studio/7.0/toolchain/avr8/avr8-gnu-toolchain/bin/../lib/gcc/avr/5.4.0/../../../../avr/lib/avr6\libm.a(floatsisf.o)
                0x00004030                __floatunsisf
                0x00004034                __floatsisf
 .text.avr-libc.fplib
                0x000040aa        0xc d:/program files (x86)/atmel/studio/7.0/toolchain/avr8/avr8-gnu-toolchain/bin/../lib/gcc/avr/5.4.0/../../../../avr/lib/avr6\libm.a(fp_inf.o)
                0x000040aa                __fp_inf
 .text.avr-libc.fplib
                0x000040b6        0x6 d:/program files (x86)/atmel/studio/7.0/toolchain/avr8/avr8-gnu-toolchain/bin/../lib/gcc/avr/5.4.0/../../../../avr/lib/avr6\libm.a(fp_nan.o)
                0x000040b6                __fp_nan
 .text.avr-libc.fplib
                0x000040bc        0xe d:/program files (x86)/atmel/studio/7.0/toolchain/avr8/avr8-gnu-toolchain/bin/../lib/gcc/avr/5.4.0/../../../../avr/lib/avr6\libm.a(fp_pscA.o)
                0x000040bc                __fp_pscA
 .text.avr-libc.fplib
                0x000040ca        0xe d:/program files (x86)/atmel/studio/7.0/toolchain/avr8/avr8-gnu-toolchain/bin/../lib/gcc/avr/5.4.0/../../../../avr/lib/avr6\libm.a(fp_pscB.o)
                0x000040ca                __fp_pscB
 .text.avr-libc.fplib
                0x000040d8       0x22 d:/program files (x86)/atmel/studio/7.0/toolchain/avr8/avr8-gnu-toolchain/bin/../lib/gcc/avr/5.4.0/../../../../avr/lib/avr6\libm.a(fp_round.o)
                0x000040d8                __fp_round
 .text.avr-libc.fplib
                0x000040fa       0x44 d:/program files (x86)/atmel/studio/7.0/toolchain/avr8/avr8-gnu-toolchain/bin/../lib/gcc/avr/5.4.0/../../../../avr/lib/avr6\libm.a(fp_split3.o)
                0x000040fa                __fp_split3
                0x0000410a                __fp_splitA
 .text.avr-libc.fplib
                0x0000413e        0xe d:/program files (x86)/atmel/studio/7.0/toolchain/avr8/avr8-gnu-toolchain/bin/../lib/gcc/avr/5.4.0/../../../../avr/lib/avr6\libm.a(fp_zero.o)
                0x0000413e                __fp_zero
                0x00004140                __fp_szero
 .text.avr-libc.fplib
                0x0000414c        0x4 d:/program files (x86)/atmel/studio/7.0/toolchain/avr8/avr8-gnu-toolchain/bin/../lib/gcc/avr/5.4.0/../../../../avr/lib/avr6\libm.a(mulsf3.o)
                0x0000414c                __mulsf3
 .text.avr-libc.fplib
                0x00004150       0xc2 d:/program files (x86)/atmel/studio/7.0/toolchain/avr8/avr8-gnu-toolchain/bin/../lib/gcc/avr/5.4.0/../../../../avr/lib/avr6\libm.a(mulsf3x.o)
                0x00004164                __mulsf3x
                0x00004168                __mulsf3_pse
 .text.libgcc   0x00004212       0x10 d:/program files (x86)/atmel/studio/7.0/toolchain/avr8/avr8-gnu-toolchain/bin/../lib/gcc/avr/5.4.0/avr6\libgcc.a(_tablejump2.o)
                0x00004212                __tablejump2__
 .text.avr-libc
                0x00004222       0x34 d:/program files (x86)/atmel/studio/7.0/toolchain/avr8/avr8-gnu-toolchain/bin/../lib/gcc/avr/5.4.0/../../../../avr/lib/avr6\libc.a(calloc.o)
                0x00004222                calloc
 .text.avr-libc
                0x00004256      0x242 d:/program files (x86)/atmel/studio/7.0/toolchain/avr8/avr8-gnu-toolchain/bin/../lib/gcc/avr/5.4.0/../../../../avr/lib/avr6\libc.a(malloc.o)
                0x00004256                malloc
                0x00004386                free
 .text.avr-libc
                0x00004498        0x8 d:/program files (x86)/atmel/studio/7.0/toolchain/avr8/avr8-gnu-toolchain/bin/../lib/gcc/avr/5.4.0/../../../../avr/lib/avr6\libc.a(abort.o)
                0x00004498                abort
 .text.avr-libc
                0x000044a0       0x12 d:/program files (x86)/atmel/studio/7.0/toolchain/avr8/avr8-gnu-toolchain/bin/../lib/gcc/avr/5.4.0/../../../../avr/lib/avr6\libc.a(memcpy.o)
                0x000044a0                memcpy
 .text.avr-libc
                0x000044b2        0xe d:/program files (x86)/atmel/studio/7.0/toolchain/avr8/avr8-gnu-toolchain/bin/../lib/gcc/avr/5.4.0/../../../../avr/lib/avr6\libc.a(memset.o)
                0x000044b2                memset
 .text.avr-libc
                0x000044c0       0x16 d:/program files (x86)/atmel/studio/7.0/toolchain/avr8/avr8-gnu-toolchain/bin/../lib/gcc/avr/5.4.0/../../../../avr/lib/avr6\libc.a(strcat.o)
                0x000044c0                strcat
 .text.avr-libc
                0x000044d6        0xe d:/program files (x86)/atmel/studio/7.0/toolchain/avr8/avr8-gnu-toolchain/bin/../lib/gcc/avr/5.4.0/../../../../avr/lib/avr6\libc.a(strcpy.o)
                0x000044d6                strcpy
 .text.avr-libc
                0x000044e4       0x30 d:/program files (x86)/atmel/studio/7.0/toolchain/avr8/avr8-gnu-toolchain/bin/../lib/gcc/avr/5.4.0/../../../../avr/lib/avr6\libc.a(strncasecmp.o)
                0x000044e4                strncasecmp
 .text.avr-libc
                0x00004514       0x26 d:/program files (x86)/atmel/studio/7.0/toolchain/avr8/avr8-gnu-toolchain/bin/../lib/gcc/avr/5.4.0/../../../../avr/lib/avr6\libc.a(printf.o)
                0x00004514                printf
 .text.avr-libc
                0x0000453a       0x60 d:/program files (x86)/atmel/studio/7.0/toolchain/avr8/avr8-gnu-toolchain/bin/../lib/gcc/avr/5.4.0/../../../../avr/lib/avr6\libc.a(puts.o)
                0x0000453a                puts
 .text.avr-libc
                0x0000459a       0x5c d:/program files (x86)/atmel/studio/7.0/toolchain/avr8/avr8-gnu-toolchain/bin/../lib/gcc/avr/5.4.0/../../../../avr/lib/avr6\libc.a(sprintf.o)
                0x0000459a                sprintf
 .text.avr-libc
                0x000045f6      0x3fa d:/program files (x86)/atmel/studio/7.0/toolchain/avr8/avr8-gnu-toolchain/bin/../lib/gcc/avr/5.4.0/../../../../avr/lib/avr6\libc.a(vfprintf_std.o)
                0x000045f6                vfprintf
 .text.avr-libc
                0x000049f0       0x16 d:/program files (x86)/atmel/studio/7.0/toolchain/avr8/avr8-gnu-toolchain/bin/../lib/gcc/avr/5.4.0/../../../../avr/lib/avr6\libc.a(strnlen_P.o)
                0x000049f0                strnlen_P
 .text.avr-libc
                0x00004a06       0x16 d:/program files (x86)/atmel/studio/7.0/toolchain/avr8/avr8-gnu-toolchain/bin/../lib/gcc/avr/5.4.0/../../../../avr/lib/avr6\libc.a(strnlen.o)
                0x00004a06                strnlen
 .text.avr-libc
                0x00004a1c       0x78 d:/program files (x86)/atmel/studio/7.0/toolchain/avr8/avr8-gnu-toolchain/bin/../lib/gcc/avr/5.4.0/../../../../avr/lib/avr6\libc.a(fputc.o)
                0x00004a1c                fputc
 .text.avr-libc
                0x00004a94       0xbc d:/program files (x86)/atmel/studio/7.0/toolchain/avr8/avr8-gnu-toolchain/bin/../lib/gcc/avr/5.4.0/../../../../avr/lib/avr6\libc.a(ultoa_invert.o)
                0x00004a94                __ultoa_invert
                0x00004b50                . = ALIGN (0x2)
 *(.fini9)
 .fini9         0x00004b50        0x0 d:/program files (x86)/atmel/studio/7.0/toolchain/avr8/avr8-gnu-toolchain/bin/../lib/gcc/avr/5.4.0/avr6\libgcc.a(_exit.o)
                0x00004b50                _exit
                0x00004b50                exit
 *(.fini9)
 *(.fini8)
 *(.fini8)
 *(.fini7)
 *(.fini7)
 *(.fini6)
 *(.fini6)
 *(.fini5)
 *(.fini5)
 *(.fini4)
 *(.fini4)
 *(.fini3)
 *(.fini3)
 *(.fini2)
 *(.fini2)
 *(.fini1)
 *(.fini1)
 *(.fini0)
 .fini0         0x00004b50        0x4 d:/program files (x86)/atmel/studio/7.0/toolchain/avr8/avr8-gnu-toolchain/bin/../lib/gcc/avr/5.4.0/avr6\libgcc.a(_exit.o)
 *(.fini0)
                0x00004b54                _etext = .

.data           0x00800200      0x46a load address 0x00004b54
                0x00800200                PROVIDE (__data_start, .)
 *(.data)
 .data          0x00800200        0x6 d:/program files (x86)/atmel/studio/7.0/toolchain/avr8/avr8-gnu-toolchain/bin/../lib/gcc/avr/5.4.0/../../../../avr/lib/avr6\libc.a(malloc.o)
                0x00800200                __malloc_heap_end
                0x00800202                __malloc_heap_start
                0x00800204                __malloc_margin
 *(.data*)
 .data._com_port_2_udr
                0x00800206        0x8 ../Drivers\libIotLibrary.a(serial.o)
                0x00800206                _com_port_2_udr
 .data.mystdout.1881
                0x0080020e        0xe ../Drivers\libIotLibrary.a(stdio_driver.o)
 .data._twiCurrentState
                0x0080021c        0x1 ../Drivers\libIotLibrary.a(twi.o)
 *(.gnu.linkonce.d*)
 *(.rodata)
 .rodata        0x0080021d       0x20 ../Drivers\libIotLibrary.a(lora_driver.o)
 *(.rodata*)
 .rodata.str1.1
                0x0080023d        0x5 FreeRTOS/src/tasks.o
 .rodata.str1.1
                0x00800242        0x8 FreeRTOS/src/timers.o
 .rodata.str1.1
                0x0080024a       0xc4 myLora.o
 .rodata.str1.1
                0x0080030e       0x4d myTasks.o
 .rodata.str1.1
                0x0080035b       0x4a myTimers.o
 .rodata.str1.1
                0x008003a5       0x1f ../Drivers\libIotLibrary.a(led.o)
 .rodata.str1.1
                0x008003c4      0x26f ../Drivers\libIotLibrary.a(lora_driver.o)
                                0x28f (size before relaxing)
 .rodata._join_mode
                0x00800633        0x4 ../Drivers\libIotLibrary.a(lora_driver.o)
 .rodata._return_code
                0x00800637       0x33 ../Drivers\libIotLibrary.a(lora_driver.o)
                0x00800637                _return_code
 *(.gnu.linkonce.r*)
                0x0080066a                . = ALIGN (0x2)
                0x0080066a                _edata = .
                0x0080066a                PROVIDE (__data_end, .)

.bss            0x0080066a      0x21d
                0x0080066a                PROVIDE (__bss_start, .)
 *(.bss)
 *(.bss*)
 .bss.uxSchedulerSuspended
                0x0080066a        0x1 FreeRTOS/src/tasks.o
 .bss.xIdleTaskHandle
                0x0080066b        0x2 FreeRTOS/src/tasks.o
 .bss.xNextTaskUnblockTime
                0x0080066d        0x2 FreeRTOS/src/tasks.o
 .bss.uxTaskNumber
                0x0080066f        0x1 FreeRTOS/src/tasks.o
 .bss.xNumOfOverflows
                0x00800670        0x1 FreeRTOS/src/tasks.o
 .bss.xYieldPending
                0x00800671        0x1 FreeRTOS/src/tasks.o
 .bss.uxPendedTicks
                0x00800672        0x1 FreeRTOS/src/tasks.o
 .bss.xSchedulerRunning
                0x00800673        0x1 FreeRTOS/src/tasks.o
 .bss.uxTopReadyPriority
                0x00800674        0x1 FreeRTOS/src/tasks.o
 .bss.xTickCount
                0x00800675        0x2 FreeRTOS/src/tasks.o
 .bss.uxCurrentNumberOfTasks
                0x00800677        0x1 FreeRTOS/src/tasks.o
 .bss.xSuspendedTaskList
                0x00800678        0x9 FreeRTOS/src/tasks.o
 .bss.uxDeletedTasksWaitingCleanUp
                0x00800681        0x1 FreeRTOS/src/tasks.o
 .bss.xTasksWaitingTermination
                0x00800682        0x9 FreeRTOS/src/tasks.o
 .bss.xPendingReadyList
                0x0080068b        0x9 FreeRTOS/src/tasks.o
 .bss.pxOverflowDelayedTaskList
                0x00800694        0x2 FreeRTOS/src/tasks.o
 .bss.pxDelayedTaskList
                0x00800696        0x2 FreeRTOS/src/tasks.o
 .bss.xDelayedTaskList2
                0x00800698        0x9 FreeRTOS/src/tasks.o
 .bss.xDelayedTaskList1
                0x008006a1        0x9 FreeRTOS/src/tasks.o
 .bss.pxReadyTasksLists
                0x008006aa       0x24 FreeRTOS/src/tasks.o
 .bss.pxCurrentTCB
                0x008006ce        0x2 FreeRTOS/src/tasks.o
                0x008006ce                pxCurrentTCB
 .bss.xLastTime.2432
                0x008006d0        0x2 FreeRTOS/src/timers.o
 .bss.xTimerTaskHandle
                0x008006d2        0x2 FreeRTOS/src/timers.o
 .bss.xTimerQueue
                0x008006d4        0x2 FreeRTOS/src/timers.o
 .bss.pxOverflowTimerList
                0x008006d6        0x2 FreeRTOS/src/timers.o
 .bss.pxCurrentTimerList
                0x008006d8        0x2 FreeRTOS/src/timers.o
 .bss.xActiveTimerList2
                0x008006da        0x9 FreeRTOS/src/timers.o
 .bss.xActiveTimerList1
                0x008006e3        0x9 FreeRTOS/src/timers.o
 .bss.dev_eui.2378
                0x008006ec       0x11 myLora.o
 .bss._led_status
                0x008006fd       0x18 ../Drivers\libIotLibrary.a(led.o)
 .bss._tmp_buf.2919
                0x00800715       0x64 ../Drivers\libIotLibrary.a(lora_driver.o)
 .bss.rec_buf_inp.2926
                0x00800779        0x1 ../Drivers\libIotLibrary.a(lora_driver.o)
 .bss._reply_buffer_handle
                0x0080077a        0x2 ../Drivers\libIotLibrary.a(lora_driver.o)
 .bss._rn2483_serial
                0x0080077c        0x2 ../Drivers\libIotLibrary.a(lora_driver.o)
 .bss._downlink_payload
                0x0080077e       0x16 ../Drivers\libIotLibrary.a(lora_driver.o)
 .bss._pay_load_hex_bytes
                0x00800794       0x15 ../Drivers\libIotLibrary.a(lora_driver.o)
 .bss._rec_message_buf
                0x008007a9       0x2d ../Drivers\libIotLibrary.a(lora_driver.o)
 .bss._send_message
                0x008007d6       0x2d ../Drivers\libIotLibrary.a(lora_driver.o)
 .bss._reply_mess
                0x00800803       0x2d ../Drivers\libIotLibrary.a(lora_driver.o)
 .bss.data.1940
                0x00800830        0x2 ../Drivers\libIotLibrary.a(mh_z19.o)
 .bss.inDex.1939
                0x00800832        0x1 ../Drivers\libIotLibrary.a(mh_z19.o)
 .bss.crc_sum.1941
                0x00800833        0x1 ../Drivers\libIotLibrary.a(mh_z19.o)
 .bss._app_call_back
                0x00800834        0x2 ../Drivers\libIotLibrary.a(mh_z19.o)
 .bss._mh_state
                0x00800836        0x1 ../Drivers\libIotLibrary.a(mh_z19.o)
                0x00800836                _mh_state
 .bss._ppm      0x00800837        0x2 ../Drivers\libIotLibrary.a(mh_z19.o)
 .bss._serial   0x00800839        0x2 ../Drivers\libIotLibrary.a(mh_z19.o)
 .bss._ser_handle
                0x0080083b        0x8 ../Drivers\libIotLibrary.a(serial.o)
 .bss._com_serial_instance
                0x00800843        0x2 ../Drivers\libIotLibrary.a(stdio_driver.o)
 .bss._index.1885
                0x00800845        0x1 ../Drivers\libIotLibrary.a(twi.o)
 .bss._twiCurrentHandler
                0x00800846        0x2 ../Drivers\libIotLibrary.a(twi.o)
 .bss._twiMessageLen
                0x00800848        0x1 ../Drivers\libIotLibrary.a(twi.o)
 .bss._twiMessageBuffer
                0x00800849        0xa ../Drivers\libIotLibrary.a(twi.o)
 *(COMMON)
 COMMON         0x00800853        0x2 co2Sensor.o
                0x00800853                co2_ppm_pointer
 COMMON         0x00800855       0x12 main.o
                0x00800855                CO2Semaphore
                0x00800857                LoRaSendDataTask
                0x00800859                LoRaTimer
                0x0080085b                TempHumMeasureTask
                0x0080085d                CO2MeasureTask
                0x0080085f                CO2Timer
                0x00800861                TempHumSemaphore
                0x00800863                LoRaSemaphore
                0x00800865                TempHumTimer
 COMMON         0x00800867       0x16 ../Drivers\libIotLibrary.a(hal.o)
                0x00800867                register_access
 COMMON         0x0080087d        0x4 d:/program files (x86)/atmel/studio/7.0/toolchain/avr8/avr8-gnu-toolchain/bin/../lib/gcc/avr/5.4.0/../../../../avr/lib/avr6\libc.a(malloc.o)
                0x0080087d                __brkval
                0x0080087f                __flp
 COMMON         0x00800881        0x6 d:/program files (x86)/atmel/studio/7.0/toolchain/avr8/avr8-gnu-toolchain/bin/../lib/gcc/avr/5.4.0/../../../../avr/lib/avr6\libc.a(iob.o)
                0x00800881                __iob
                0x00800887                PROVIDE (__bss_end, .)
                0x00004b54                __data_load_start = LOADADDR (.data)
                0x00004fbe                __data_load_end = (__data_load_start + SIZEOF (.data))

.noinit         0x00800887        0x0
                [!provide]                PROVIDE (__noinit_start, .)
 *(.noinit*)
                [!provide]                PROVIDE (__noinit_end, .)
                0x00800887                _end = .
                0x00800887                PROVIDE (__heap_start, .)

.eeprom         0x00810000        0x0
 *(.eeprom*)
                0x00810000                __eeprom_end = .

.fuse
 *(.fuse)
 *(.lfuse)
 *(.hfuse)
 *(.efuse)

.lock
 *(.lock*)

.signature
 *(.signature*)

.user_signatures
 *(.user_signatures*)

.stab
 *(.stab)

.stabstr
 *(.stabstr)

.stab.excl
 *(.stab.excl)

.stab.exclstr
 *(.stab.exclstr)

.stab.index
 *(.stab.index)

.stab.indexstr
 *(.stab.indexstr)

.comment        0x00000000       0x5c
 *(.comment)
 .comment       0x00000000       0x30 co2Sensor.o
                                 0x31 (size before relaxing)
 .comment       0x00000030       0x31 FreeRTOS/FreeRTOSTraceDriver/FreeRTOSTraceDriver.o
 .comment       0x00000030       0x31 FreeRTOS/src/heap_3.o
 .comment       0x00000030       0x31 FreeRTOS/src/list.o
 .comment       0x00000030       0x31 FreeRTOS/src/port.o
 .comment       0x00000030       0x31 FreeRTOS/src/queue.o
 .comment       0x00000030       0x31 FreeRTOS/src/stream_buffer.o
 .comment       0x00000030       0x31 FreeRTOS/src/tasks.o
 .comment       0x00000030       0x31 FreeRTOS/src/timers.o
 .comment       0x00000030       0x31 FreeRTOS/src/variantHooks.o
 .comment       0x00000030       0x31 main.o
 .comment       0x00000030       0x31 myLora.o
 .comment       0x00000030       0x31 mySemaphores.o
 .comment       0x00000030       0x31 myTasks.o
 .comment       0x00000030       0x31 myTimers.o
 .comment       0x00000030       0x31 ../Drivers\libIotLibrary.a(hal.o)
 .comment       0x00000030       0x31 ../Drivers\libIotLibrary.a(led.o)
 .comment       0x00000030       0x31 ../Drivers\libIotLibrary.a(lora_driver.o)
 .comment       0x00000030       0x31 ../Drivers\libIotLibrary.a(lora_driver_utils.o)
 .comment       0x00000030       0x31 ../Drivers\libIotLibrary.a(mega_register_access.o)
 .comment       0x00000030       0x31 ../Drivers\libIotLibrary.a(mh_z19.o)
 .comment       0x00000030       0x31 ../Drivers\libIotLibrary.a(serial.o)
 .comment       0x00000030       0x31 ../Drivers\libIotLibrary.a(stdio_driver.o)
 .comment       0x00000030       0x31 ../Drivers\libIotLibrary.a(twi.o)
 .comment       0x00000030       0x31 ../Drivers\libIotLibrary.a(fifo.o)
 .comment       0x00000030       0x31 d:/program files (x86)/atmel/studio/7.0/toolchain/avr8/avr8-gnu-toolchain/bin/../lib/gcc/avr/5.4.0/../../../../avr/lib/avr6\libc.a(calloc.o)
 .comment       0x00000030       0x31 d:/program files (x86)/atmel/studio/7.0/toolchain/avr8/avr8-gnu-toolchain/bin/../lib/gcc/avr/5.4.0/../../../../avr/lib/avr6\libc.a(malloc.o)
 .comment       0x00000030       0x31 d:/program files (x86)/atmel/studio/7.0/toolchain/avr8/avr8-gnu-toolchain/bin/../lib/gcc/avr/5.4.0/../../../../avr/lib/avr6\libc.a(iob.o)
 .comment       0x00000030       0x31 d:/program files (x86)/atmel/studio/7.0/toolchain/avr8/avr8-gnu-toolchain/bin/../lib/gcc/avr/5.4.0/../../../../avr/lib/avr6\libc.a(printf.o)
 .comment       0x00000030       0x31 d:/program files (x86)/atmel/studio/7.0/toolchain/avr8/avr8-gnu-toolchain/bin/../lib/gcc/avr/5.4.0/../../../../avr/lib/avr6\libc.a(puts.o)
 .comment       0x00000030       0x31 d:/program files (x86)/atmel/studio/7.0/toolchain/avr8/avr8-gnu-toolchain/bin/../lib/gcc/avr/5.4.0/../../../../avr/lib/avr6\libc.a(sprintf.o)
 .comment       0x00000030       0x2c d:/program files (x86)/atmel/studio/7.0/toolchain/avr8/avr8-gnu-toolchain/bin/../lib/gcc/avr/5.4.0/../../../../avr/lib/avr6\libc.a(vfprintf_std.o)
                                 0x2d (size before relaxing)
 .comment       0x0000005c       0x31 d:/program files (x86)/atmel/studio/7.0/toolchain/avr8/avr8-gnu-toolchain/bin/../lib/gcc/avr/5.4.0/../../../../avr/lib/avr6\libc.a(fputc.o)

.note.gnu.avr.deviceinfo
                0x00000000       0x40
 .note.gnu.avr.deviceinfo
                0x00000000       0x40 D:/Program Files (x86)/Atmel/Studio/7.0/Packs/atmel/ATmega_DFP/1.2.209/gcc/dev/atmega2560/avr6/crtatmega2560.o

.note.gnu.build-id
 *(.note.gnu.build-id)

.debug
 *(.debug)

.line
 *(.line)

.debug_srcinfo
 *(.debug_srcinfo)

.debug_sfnames
 *(.debug_sfnames)

.debug_aranges  0x00000000      0xa30
 *(.debug_aranges)
 .debug_aranges
                0x00000000       0x38 co2Sensor.o
 .debug_aranges
                0x00000038       0x30 FreeRTOS/FreeRTOSTraceDriver/FreeRTOSTraceDriver.o
 .debug_aranges
                0x00000068       0x28 FreeRTOS/src/heap_3.o
 .debug_aranges
                0x00000090       0x40 FreeRTOS/src/list.o
 .debug_aranges
                0x000000d0       0x48 FreeRTOS/src/port.o
 .debug_aranges
                0x00000118       0xf8 FreeRTOS/src/queue.o
 .debug_aranges
                0x00000210       0xc8 FreeRTOS/src/stream_buffer.o
 .debug_aranges
                0x000002d8      0x1d8 FreeRTOS/src/tasks.o
 .debug_aranges
                0x000004b0       0xa0 FreeRTOS/src/timers.o
 .debug_aranges
                0x00000550       0x30 FreeRTOS/src/variantHooks.o
 .debug_aranges
                0x00000580       0x20 main.o
 .debug_aranges
                0x000005a0       0x30 myLora.o
 .debug_aranges
                0x000005d0       0x20 mySemaphores.o
 .debug_aranges
                0x000005f0       0x38 myTasks.o
 .debug_aranges
                0x00000628       0x38 myTimers.o
 .debug_aranges
                0x00000660       0x20 ../Drivers\libIotLibrary.a(hal.o)
 .debug_aranges
                0x00000680       0x68 ../Drivers\libIotLibrary.a(led.o)
 .debug_aranges
                0x000006e8      0x128 ../Drivers\libIotLibrary.a(lora_driver.o)
 .debug_aranges
                0x00000810       0x28 ../Drivers\libIotLibrary.a(lora_driver_utils.o)
 .debug_aranges
                0x00000838       0x70 ../Drivers\libIotLibrary.a(mega_register_access.o)
 .debug_aranges
                0x000008a8       0x50 ../Drivers\libIotLibrary.a(mh_z19.o)
 .debug_aranges
                0x000008f8       0x90 ../Drivers\libIotLibrary.a(serial.o)
 .debug_aranges
                0x00000988       0x38 ../Drivers\libIotLibrary.a(stdio_driver.o)
 .debug_aranges
                0x000009c0       0x50 ../Drivers\libIotLibrary.a(twi.o)
 .debug_aranges
                0x00000a10       0x20 ../Drivers\libIotLibrary.a(fifo.o)

.debug_pubnames
 *(.debug_pubnames)

.debug_info     0x00000000     0xcefd
 *(.debug_info .gnu.linkonce.wi.*)
 .debug_info    0x00000000      0xbbc D:/Program Files (x86)/Atmel/Studio/7.0/Packs/atmel/ATmega_DFP/1.2.209/gcc/dev/atmega2560/avr6/crtatmega2560.o
 .debug_info    0x00000bbc      0x1fc co2Sensor.o
 .debug_info    0x00000db8       0xd3 FreeRTOS/FreeRTOSTraceDriver/FreeRTOSTraceDriver.o
 .debug_info    0x00000e8b      0x19f FreeRTOS/src/heap_3.o
 .debug_info    0x0000102a      0x2df FreeRTOS/src/list.o
 .debug_info    0x00001309      0x284 FreeRTOS/src/port.o
 .debug_info    0x0000158d     0x18fc FreeRTOS/src/queue.o
 .debug_info    0x00002e89     0x14b9 FreeRTOS/src/stream_buffer.o
 .debug_info    0x00004342     0x27ae FreeRTOS/src/tasks.o
 .debug_info    0x00006af0     0x1077 FreeRTOS/src/timers.o
 .debug_info    0x00007b67      0x1ba FreeRTOS/src/variantHooks.o
 .debug_info    0x00007d21      0x2a1 main.o
 .debug_info    0x00007fc2      0x57c myLora.o
 .debug_info    0x0000853e      0x130 mySemaphores.o
 .debug_info    0x0000866e      0x412 myTasks.o
 .debug_info    0x00008a80      0x34f myTimers.o
 .debug_info    0x00008dcf      0x20d ../Drivers\libIotLibrary.a(hal.o)
 .debug_info    0x00008fdc      0x6f9 ../Drivers\libIotLibrary.a(led.o)
 .debug_info    0x000096d5     0x165d ../Drivers\libIotLibrary.a(lora_driver.o)
 .debug_info    0x0000ad32      0x143 ../Drivers\libIotLibrary.a(lora_driver_utils.o)
 .debug_info    0x0000ae75      0x2e1 ../Drivers\libIotLibrary.a(mega_register_access.o)
 .debug_info    0x0000b156      0x538 ../Drivers\libIotLibrary.a(mh_z19.o)
 .debug_info    0x0000b68e      0xdb3 ../Drivers\libIotLibrary.a(serial.o)
 .debug_info    0x0000c441      0x39c ../Drivers\libIotLibrary.a(stdio_driver.o)
 .debug_info    0x0000c7dd      0x55d ../Drivers\libIotLibrary.a(twi.o)
 .debug_info    0x0000cd3a      0x1c3 ../Drivers\libIotLibrary.a(fifo.o)

.debug_abbrev   0x00000000     0x34c3
 *(.debug_abbrev)
 .debug_abbrev  0x00000000      0xb1a D:/Program Files (x86)/Atmel/Studio/7.0/Packs/atmel/ATmega_DFP/1.2.209/gcc/dev/atmega2560/avr6/crtatmega2560.o
 .debug_abbrev  0x00000b1a      0x13b co2Sensor.o
 .debug_abbrev  0x00000c55       0x92 FreeRTOS/FreeRTOSTraceDriver/FreeRTOSTraceDriver.o
 .debug_abbrev  0x00000ce7      0x107 FreeRTOS/src/heap_3.o
 .debug_abbrev  0x00000dee       0xff FreeRTOS/src/list.o
 .debug_abbrev  0x00000eed      0x158 FreeRTOS/src/port.o
 .debug_abbrev  0x00001045      0x2d8 FreeRTOS/src/queue.o
 .debug_abbrev  0x0000131d      0x2b4 FreeRTOS/src/stream_buffer.o
 .debug_abbrev  0x000015d1      0x359 FreeRTOS/src/tasks.o
 .debug_abbrev  0x0000192a      0x30f FreeRTOS/src/timers.o
 .debug_abbrev  0x00001c39      0x101 FreeRTOS/src/variantHooks.o
 .debug_abbrev  0x00001d3a       0xc3 main.o
 .debug_abbrev  0x00001dfd      0x180 myLora.o
 .debug_abbrev  0x00001f7d       0xaa mySemaphores.o
 .debug_abbrev  0x00002027      0x140 myTasks.o
 .debug_abbrev  0x00002167       0xf0 myTimers.o
 .debug_abbrev  0x00002257       0xff ../Drivers\libIotLibrary.a(hal.o)
 .debug_abbrev  0x00002356      0x228 ../Drivers\libIotLibrary.a(led.o)
 .debug_abbrev  0x0000257e      0x382 ../Drivers\libIotLibrary.a(lora_driver.o)
 .debug_abbrev  0x00002900       0xc0 ../Drivers\libIotLibrary.a(lora_driver_utils.o)
 .debug_abbrev  0x000029c0       0xd3 ../Drivers\libIotLibrary.a(mega_register_access.o)
 .debug_abbrev  0x00002a93      0x20f ../Drivers\libIotLibrary.a(mh_z19.o)
 .debug_abbrev  0x00002ca2      0x364 ../Drivers\libIotLibrary.a(serial.o)
 .debug_abbrev  0x00003006      0x1be ../Drivers\libIotLibrary.a(stdio_driver.o)
 .debug_abbrev  0x000031c4      0x217 ../Drivers\libIotLibrary.a(twi.o)
 .debug_abbrev  0x000033db       0xe8 ../Drivers\libIotLibrary.a(fifo.o)

.debug_line     0x00000000     0x62a9
 *(.debug_line .debug_line.* .debug_line_end)
 .debug_line    0x00000000      0x1f9 D:/Program Files (x86)/Atmel/Studio/7.0/Packs/atmel/ATmega_DFP/1.2.209/gcc/dev/atmega2560/avr6/crtatmega2560.o
 .debug_line    0x000001f9      0x149 co2Sensor.o
 .debug_line    0x00000342       0xfd FreeRTOS/FreeRTOSTraceDriver/FreeRTOSTraceDriver.o
 .debug_line    0x0000043f      0x175 FreeRTOS/src/heap_3.o
 .debug_line    0x000005b4      0x1da FreeRTOS/src/list.o
 .debug_line    0x0000078e      0x312 FreeRTOS/src/port.o
 .debug_line    0x00000aa0      0xbfa FreeRTOS/src/queue.o
 .debug_line    0x0000169a      0x7a4 FreeRTOS/src/stream_buffer.o
 .debug_line    0x00001e3e     0x1656 FreeRTOS/src/tasks.o
 .debug_line    0x00003494      0x562 FreeRTOS/src/timers.o
 .debug_line    0x000039f6      0x18a FreeRTOS/src/variantHooks.o
 .debug_line    0x00003b80      0x1d0 main.o
 .debug_line    0x00003d50      0x21c myLora.o
 .debug_line    0x00003f6c       0xfe mySemaphores.o
 .debug_line    0x0000406a      0x211 myTasks.o
 .debug_line    0x0000427b      0x17c myTimers.o
 .debug_line    0x000043f7       0xff ../Drivers\libIotLibrary.a(hal.o)
 .debug_line    0x000044f6      0x32c ../Drivers\libIotLibrary.a(led.o)
 .debug_line    0x00004822      0x8df ../Drivers\libIotLibrary.a(lora_driver.o)
 .debug_line    0x00005101      0x194 ../Drivers\libIotLibrary.a(lora_driver_utils.o)
 .debug_line    0x00005295      0x1af ../Drivers\libIotLibrary.a(mega_register_access.o)
 .debug_line    0x00005444      0x2d6 ../Drivers\libIotLibrary.a(mh_z19.o)
 .debug_line    0x0000571a      0x636 ../Drivers\libIotLibrary.a(serial.o)
 .debug_line    0x00005d50      0x13a ../Drivers\libIotLibrary.a(stdio_driver.o)
 .debug_line    0x00005e8a      0x306 ../Drivers\libIotLibrary.a(twi.o)
 .debug_line    0x00006190      0x119 ../Drivers\libIotLibrary.a(fifo.o)

.debug_frame    0x00000000     0x2084
 *(.debug_frame)
 .debug_frame   0x00000000       0x64 co2Sensor.o
 .debug_frame   0x00000064       0x44 FreeRTOS/FreeRTOSTraceDriver/FreeRTOSTraceDriver.o
 .debug_frame   0x000000a8       0x4c FreeRTOS/src/heap_3.o
 .debug_frame   0x000000f4       0x88 FreeRTOS/src/list.o
 .debug_frame   0x0000017c       0x74 FreeRTOS/src/port.o
 .debug_frame   0x000001f0      0x3cc FreeRTOS/src/queue.o
 .debug_frame   0x000005bc      0x3c8 FreeRTOS/src/stream_buffer.o
 .debug_frame   0x00000984      0x69c FreeRTOS/src/tasks.o
 .debug_frame   0x00001020      0x1cc FreeRTOS/src/timers.o
 .debug_frame   0x000011ec       0x44 FreeRTOS/src/variantHooks.o
 .debug_frame   0x00001230       0x24 main.o
 .debug_frame   0x00001254       0x70 myLora.o
 .debug_frame   0x000012c4       0x24 mySemaphores.o
 .debug_frame   0x000012e8       0x9c myTasks.o
 .debug_frame   0x00001384       0x8c myTimers.o
 .debug_frame   0x00001410       0x24 ../Drivers\libIotLibrary.a(hal.o)
 .debug_frame   0x00001434      0x11c ../Drivers\libIotLibrary.a(led.o)
 .debug_frame   0x00001550      0x3d8 ../Drivers\libIotLibrary.a(lora_driver.o)
 .debug_frame   0x00001928       0x48 ../Drivers\libIotLibrary.a(lora_driver_utils.o)
 .debug_frame   0x00001970       0xc4 ../Drivers\libIotLibrary.a(mega_register_access.o)
 .debug_frame   0x00001a34       0xf8 ../Drivers\libIotLibrary.a(mh_z19.o)
 .debug_frame   0x00001b2c      0x384 ../Drivers\libIotLibrary.a(serial.o)
 .debug_frame   0x00001eb0       0x84 ../Drivers\libIotLibrary.a(stdio_driver.o)
 .debug_frame   0x00001f34      0x12c ../Drivers\libIotLibrary.a(twi.o)
 .debug_frame   0x00002060       0x24 ../Drivers\libIotLibrary.a(fifo.o)

.debug_str      0x00000000     0x3c9b
 *(.debug_str)
 .debug_str     0x00000000      0x3e6 D:/Program Files (x86)/Atmel/Studio/7.0/Packs/atmel/ATmega_DFP/1.2.209/gcc/dev/atmega2560/avr6/crtatmega2560.o
 .debug_str     0x000003e6      0x28d co2Sensor.o
                                0x2d3 (size before relaxing)
 .debug_str     0x00000673       0x70 FreeRTOS/FreeRTOSTraceDriver/FreeRTOSTraceDriver.o
                                0x1f7 (size before relaxing)
 .debug_str     0x000006e3       0x94 FreeRTOS/src/heap_3.o
                                0x229 (size before relaxing)
 .debug_str     0x00000777      0x14b FreeRTOS/src/list.o
                                0x2f4 (size before relaxing)
 .debug_str     0x000008c2      0x12a FreeRTOS/src/port.o
                                0x2e1 (size before relaxing)
 .debug_str     0x000009ec      0x6e4 FreeRTOS/src/queue.o
                                0x9ea (size before relaxing)
 .debug_str     0x000010d0      0x54a FreeRTOS/src/stream_buffer.o
                                0x859 (size before relaxing)
 .debug_str     0x0000161a      0xb11 FreeRTOS/src/tasks.o
                               0x1195 (size before relaxing)
 .debug_str     0x0000212b      0x43f FreeRTOS/src/timers.o
                                0x882 (size before relaxing)
 .debug_str     0x0000256a       0x61 FreeRTOS/src/variantHooks.o
                                0x288 (size before relaxing)
 .debug_str     0x000025cb       0xe1 main.o
                                0x331 (size before relaxing)
 .debug_str     0x000026ac      0x2a2 myLora.o
                                0x4cd (size before relaxing)
 .debug_str     0x0000294e       0x14 mySemaphores.o
                                0x22a (size before relaxing)
 .debug_str     0x00002962       0x4a myTasks.o
                                0x373 (size before relaxing)
 .debug_str     0x000029ac       0x4f myTimers.o
                                0x2cd (size before relaxing)
 .debug_str     0x000029fb       0xc3 ../Drivers\libIotLibrary.a(hal.o)
                                0x278 (size before relaxing)
 .debug_str     0x00002abe      0x143 ../Drivers\libIotLibrary.a(led.o)
                                0x3d2 (size before relaxing)
 .debug_str     0x00002c01      0x6c1 ../Drivers\libIotLibrary.a(lora_driver.o)
                                0xc93 (size before relaxing)
 .debug_str     0x000032c2       0x46 ../Drivers\libIotLibrary.a(lora_driver_utils.o)
                                0x205 (size before relaxing)
 .debug_str     0x00003308       0xdf ../Drivers\libIotLibrary.a(mega_register_access.o)
                                0x252 (size before relaxing)
 .debug_str     0x000033e7      0x10d ../Drivers\libIotLibrary.a(mh_z19.o)
                                0x47a (size before relaxing)
 .debug_str     0x000034f4      0x2de ../Drivers\libIotLibrary.a(serial.o)
                                0x639 (size before relaxing)
 .debug_str     0x000037d2       0xa4 ../Drivers\libIotLibrary.a(stdio_driver.o)
                                0x378 (size before relaxing)
 .debug_str     0x00003876      0x405 ../Drivers\libIotLibrary.a(twi.o)
                                0x5a8 (size before relaxing)
 .debug_str     0x00003c7b       0x20 ../Drivers\libIotLibrary.a(fifo.o)
                                0x237 (size before relaxing)

.debug_loc      0x00000000     0xb3d5
 *(.debug_loc)
 .debug_loc     0x00000000       0x81 co2Sensor.o
 .debug_loc     0x00000081       0x42 FreeRTOS/FreeRTOSTraceDriver/FreeRTOSTraceDriver.o
 .debug_loc     0x000000c3      0x102 FreeRTOS/src/heap_3.o
 .debug_loc     0x000001c5      0x145 FreeRTOS/src/list.o
 .debug_loc     0x0000030a      0x2af FreeRTOS/src/port.o
 .debug_loc     0x000005b9     0x1dc0 FreeRTOS/src/queue.o
 .debug_loc     0x00002379     0x1e4d FreeRTOS/src/stream_buffer.o
 .debug_loc     0x000041c6     0x2e78 FreeRTOS/src/tasks.o
 .debug_loc     0x0000703e      0xbed FreeRTOS/src/timers.o
 .debug_loc     0x00007c2b       0xb6 FreeRTOS/src/variantHooks.o
 .debug_loc     0x00007ce1      0x165 myLora.o
 .debug_loc     0x00007e46      0x1bc myTasks.o
 .debug_loc     0x00008002      0x17c myTimers.o
 .debug_loc     0x0000817e       0x2c ../Drivers\libIotLibrary.a(hal.o)
 .debug_loc     0x000081aa      0x390 ../Drivers\libIotLibrary.a(led.o)
 .debug_loc     0x0000853a      0xf7c ../Drivers\libIotLibrary.a(lora_driver.o)
 .debug_loc     0x000094b6      0x1d2 ../Drivers\libIotLibrary.a(lora_driver_utils.o)
 .debug_loc     0x00009688       0xe9 ../Drivers\libIotLibrary.a(mega_register_access.o)
 .debug_loc     0x00009771      0x3cd ../Drivers\libIotLibrary.a(mh_z19.o)
 .debug_loc     0x00009b3e     0x1080 ../Drivers\libIotLibrary.a(serial.o)
 .debug_loc     0x0000abbe      0x144 ../Drivers\libIotLibrary.a(stdio_driver.o)
 .debug_loc     0x0000ad02      0x575 ../Drivers\libIotLibrary.a(twi.o)
 .debug_loc     0x0000b277      0x15e ../Drivers\libIotLibrary.a(fifo.o)

.debug_macinfo
 *(.debug_macinfo)

.debug_weaknames
 *(.debug_weaknames)

.debug_funcnames
 *(.debug_funcnames)

.debug_typenames
 *(.debug_typenames)

.debug_varnames
 *(.debug_varnames)

.debug_pubtypes
 *(.debug_pubtypes)

.debug_ranges   0x00000000      0xa50
 *(.debug_ranges)
 .debug_ranges  0x00000000       0x28 co2Sensor.o
 .debug_ranges  0x00000028       0x20 FreeRTOS/FreeRTOSTraceDriver/FreeRTOSTraceDriver.o
 .debug_ranges  0x00000048       0x18 FreeRTOS/src/heap_3.o
 .debug_ranges  0x00000060       0x30 FreeRTOS/src/list.o
 .debug_ranges  0x00000090       0x38 FreeRTOS/src/port.o
 .debug_ranges  0x000000c8      0x178 FreeRTOS/src/queue.o
 .debug_ranges  0x00000240       0xb8 FreeRTOS/src/stream_buffer.o
 .debug_ranges  0x000002f8      0x240 FreeRTOS/src/tasks.o
 .debug_ranges  0x00000538       0xf0 FreeRTOS/src/timers.o
 .debug_ranges  0x00000628       0x20 FreeRTOS/src/variantHooks.o
 .debug_ranges  0x00000648       0x10 main.o
 .debug_ranges  0x00000658       0x20 myLora.o
 .debug_ranges  0x00000678       0x10 mySemaphores.o
 .debug_ranges  0x00000688       0x40 myTasks.o
 .debug_ranges  0x000006c8       0x28 myTimers.o
 .debug_ranges  0x000006f0       0x10 ../Drivers\libIotLibrary.a(hal.o)
 .debug_ranges  0x00000700       0x58 ../Drivers\libIotLibrary.a(led.o)
 .debug_ranges  0x00000758      0x118 ../Drivers\libIotLibrary.a(lora_driver.o)
 .debug_ranges  0x00000870       0x30 ../Drivers\libIotLibrary.a(lora_driver_utils.o)
 .debug_ranges  0x000008a0       0x60 ../Drivers\libIotLibrary.a(mega_register_access.o)
 .debug_ranges  0x00000900       0x40 ../Drivers\libIotLibrary.a(mh_z19.o)
 .debug_ranges  0x00000940       0x98 ../Drivers\libIotLibrary.a(serial.o)
 .debug_ranges  0x000009d8       0x28 ../Drivers\libIotLibrary.a(stdio_driver.o)
 .debug_ranges  0x00000a00       0x40 ../Drivers\libIotLibrary.a(twi.o)
 .debug_ranges  0x00000a40       0x10 ../Drivers\libIotLibrary.a(fifo.o)

.debug_macro
 *(.debug_macro)
OUTPUT(MyFirstProject.elf elf32-avr)
LOAD linker stubs
