Archive member included to satisfy reference by file (symbol)

../Drivers\libIotLibrary.a(hal.o)
                              myLora.o (hal_create)
../Drivers\libIotLibrary.a(hih8120.o)
                              temp_humSensor.o (hih8120Create)
../Drivers\libIotLibrary.a(led.o)
                              ../Drivers\libIotLibrary.a(hal.o) (led_create)
../Drivers\libIotLibrary.a(lora_driver.o)
                              myLora.o (lora_driver_create)
../Drivers\libIotLibrary.a(lora_driver_utils.o)
                              ../Drivers\libIotLibrary.a(lora_driver.o) (decode_port_no)
../Drivers\libIotLibrary.a(mega_register_access.o)
                              ../Drivers\libIotLibrary.a(hal.o) (reg_read_register)
../Drivers\libIotLibrary.a(mh_z19.o)
                              co2Sensor.o (mh_z19_create)
../Drivers\libIotLibrary.a(serial.o)
                              ../Drivers\libIotLibrary.a(lora_driver.o) (serial_new_instance)
../Drivers\libIotLibrary.a(stdio_driver.o)
                              main.o (stdioCreate)
../Drivers\libIotLibrary.a(twi.o)
                              ../Drivers\libIotLibrary.a(hih8120.o) (twiCreate)
../Drivers\libIotLibrary.a(fifo.o)
                              ../Drivers\libIotLibrary.a(serial.o) (fifo_init)
d:/program files (x86)/atmel/studio/7.0/toolchain/avr8/avr8-gnu-toolchain/bin/../lib/gcc/avr/5.4.0/../../../../avr/lib/avr6\libm.a(addsf3.o)
                              ../Drivers\libIotLibrary.a(hih8120.o) (__subsf3)
d:/program files (x86)/atmel/studio/7.0/toolchain/avr8/avr8-gnu-toolchain/bin/../lib/gcc/avr/5.4.0/../../../../avr/lib/avr6\libm.a(addsf3x.o)
                              d:/program files (x86)/atmel/studio/7.0/toolchain/avr8/avr8-gnu-toolchain/bin/../lib/gcc/avr/5.4.0/../../../../avr/lib/avr6\libm.a(addsf3.o) (__addsf3x)
d:/program files (x86)/atmel/studio/7.0/toolchain/avr8/avr8-gnu-toolchain/bin/../lib/gcc/avr/5.4.0/../../../../avr/lib/avr6\libm.a(divsf3.o)
                              ../Drivers\libIotLibrary.a(hih8120.o) (__divsf3)
d:/program files (x86)/atmel/studio/7.0/toolchain/avr8/avr8-gnu-toolchain/bin/../lib/gcc/avr/5.4.0/../../../../avr/lib/avr6\libm.a(divsf3x.o)
                              d:/program files (x86)/atmel/studio/7.0/toolchain/avr8/avr8-gnu-toolchain/bin/../lib/gcc/avr/5.4.0/../../../../avr/lib/avr6\libm.a(divsf3.o) (__divsf3x)
d:/program files (x86)/atmel/studio/7.0/toolchain/avr8/avr8-gnu-toolchain/bin/../lib/gcc/avr/5.4.0/../../../../avr/lib/avr6\libm.a(fixsfsi.o)
                              ../Drivers\libIotLibrary.a(hih8120.o) (__fixsfsi)
d:/program files (x86)/atmel/studio/7.0/toolchain/avr8/avr8-gnu-toolchain/bin/../lib/gcc/avr/5.4.0/../../../../avr/lib/avr6\libm.a(fixunssfsi.o)
                              ../Drivers\libIotLibrary.a(hih8120.o) (__fixunssfsi)
d:/program files (x86)/atmel/studio/7.0/toolchain/avr8/avr8-gnu-toolchain/bin/../lib/gcc/avr/5.4.0/../../../../avr/lib/avr6\libm.a(floatsisf.o)
                              ../Drivers\libIotLibrary.a(hih8120.o) (__floatunsisf)
d:/program files (x86)/atmel/studio/7.0/toolchain/avr8/avr8-gnu-toolchain/bin/../lib/gcc/avr/5.4.0/../../../../avr/lib/avr6\libm.a(fp_inf.o)
                              d:/program files (x86)/atmel/studio/7.0/toolchain/avr8/avr8-gnu-toolchain/bin/../lib/gcc/avr/5.4.0/../../../../avr/lib/avr6\libm.a(addsf3x.o) (__fp_inf)
d:/program files (x86)/atmel/studio/7.0/toolchain/avr8/avr8-gnu-toolchain/bin/../lib/gcc/avr/5.4.0/../../../../avr/lib/avr6\libm.a(fp_nan.o)
                              d:/program files (x86)/atmel/studio/7.0/toolchain/avr8/avr8-gnu-toolchain/bin/../lib/gcc/avr/5.4.0/../../../../avr/lib/avr6\libm.a(addsf3x.o) (__fp_nan)
d:/program files (x86)/atmel/studio/7.0/toolchain/avr8/avr8-gnu-toolchain/bin/../lib/gcc/avr/5.4.0/../../../../avr/lib/avr6\libm.a(fp_pscA.o)
                              d:/program files (x86)/atmel/studio/7.0/toolchain/avr8/avr8-gnu-toolchain/bin/../lib/gcc/avr/5.4.0/../../../../avr/lib/avr6\libm.a(addsf3x.o) (__fp_pscA)
d:/program files (x86)/atmel/studio/7.0/toolchain/avr8/avr8-gnu-toolchain/bin/../lib/gcc/avr/5.4.0/../../../../avr/lib/avr6\libm.a(fp_pscB.o)
                              d:/program files (x86)/atmel/studio/7.0/toolchain/avr8/avr8-gnu-toolchain/bin/../lib/gcc/avr/5.4.0/../../../../avr/lib/avr6\libm.a(addsf3x.o) (__fp_pscB)
d:/program files (x86)/atmel/studio/7.0/toolchain/avr8/avr8-gnu-toolchain/bin/../lib/gcc/avr/5.4.0/../../../../avr/lib/avr6\libm.a(fp_round.o)
                              d:/program files (x86)/atmel/studio/7.0/toolchain/avr8/avr8-gnu-toolchain/bin/../lib/gcc/avr/5.4.0/../../../../avr/lib/avr6\libm.a(addsf3.o) (__fp_round)
d:/program files (x86)/atmel/studio/7.0/toolchain/avr8/avr8-gnu-toolchain/bin/../lib/gcc/avr/5.4.0/../../../../avr/lib/avr6\libm.a(fp_split3.o)
[...]
Memory Configuration

Name             Origin             Length             Attributes
text             0x00000000         0x00100000         xr
data             0x00800200         0x0000fe00         rw !x
eeprom           0x00810000         0x00010000         rw !x
fuse             0x00820000         0x00000003         rw !x
lock             0x00830000         0x00000400         rw !x
signature        0x00840000         0x00000400         rw !x
user_signatures  0x00850000         0x00000400         rw !x
*default*        0x00000000         0xffffffff

Linker script and memory map

Address of section .data set to 0x800200
LOAD D:/Program Files (x86)/Atmel/Studio/7.0/Packs/atmel/ATmega_DFP/1.2.209/gcc/dev/atmega2560/avr6/crtatmega2560.o
LOAD co2Sensor.o
LOAD FreeRTOS/FreeRTOSTraceDriver/FreeRTOSTraceDriver.o
LOAD FreeRTOS/src/croutine.o
LOAD FreeRTOS/src/event_groups.o
LOAD FreeRTOS/src/heap_3.o
LOAD FreeRTOS/src/list.o
LOAD FreeRTOS/src/port.o
LOAD FreeRTOS/src/queue.o
LOAD FreeRTOS/src/stream_buffer.o
LOAD FreeRTOS/src/tasks.o
LOAD FreeRTOS/src/timers.o
LOAD FreeRTOS/src/variantHooks.o
LOAD main.o
LOAD myLora.o
LOAD mySemaphores.o
LOAD myTasks.o
LOAD myTimers.o
LOAD temp_humSensor.o
START GROUP
LOAD d:/program files (x86)/atmel/studio/7.0/toolchain/avr8/avr8-gnu-toolchain/bin/../lib/gcc/avr/5.4.0/../../../../avr/lib/avr6\libm.a
LOAD ../Drivers\libIotLibrary.a
END GROUP
START GROUP
LOAD d:/program files (x86)/atmel/studio/7.0/toolchain/avr8/avr8-gnu-toolchain/bin/../lib/gcc/avr/5.4.0/avr6\libgcc.a
LOAD d:/program files (x86)/atmel/studio/7.0/toolchain/avr8/avr8-gnu-toolchain/bin/../lib/gcc/avr/5.4.0/../../../../avr/lib/avr6\libm.a
LOAD d:/program files (x86)/atmel/studio/7.0/toolchain/avr8/avr8-gnu-toolchain/bin/../lib/gcc/avr/5.4.0/../../../../avr/lib/avr6\libc.a
LOAD D:/Program Files (x86)/Atmel/Studio/7.0/Packs/atmel/ATmega_DFP/1.2.209/gcc/dev/atmega2560/avr6\libatmega2560.a
END GROUP
                0x00100000                __TEXT_REGION_LENGTH__ = DEFINED (__TEXT_REGION_LENGTH__)?__TEXT_REGION_LENGTH__:0x100000
                0x0000fe00                __DATA_REGION_LENGTH__ = DEFINED (__DATA_REGION_LENGTH__)?__DATA_REGION_LENGTH__:0xfe00
                0x00010000                __EEPROM_REGION_LENGTH__ = DEFINED (__EEPROM_REGION_LENGTH__)?__EEPROM_REGION_LENGTH__:0x10000
                [0x00000003]                __FUSE_REGION_LENGTH__ = DEFINED (__FUSE_REGION_LENGTH__)?__FUSE_REGION_LENGTH__:0x400
                0x00000400                __LOCK_REGION_LENGTH__ = DEFINED (__LOCK_REGION_LENGTH__)?__LOCK_REGION_LENGTH__:0x400
                0x00000400                __SIGNATURE_REGION_LENGTH__ = DEFINED (__SIGNATURE_REGION_LENGTH__)?__SIGNATURE_REGION_LENGTH__:0x400
                0x00000400                __USER_SIGNATURE_REGION_LENGTH__ = DEFINED (__USER_SIGNATURE_REGION_LENGTH__)?__USER_SIGNATURE_REGION_LENGTH__:0x400

.hash
 *(.hash)

.dynsym
 *(.dynsym)

.dynstr
 *(.dynstr)

.gnu.version
 *(.gnu.version)

.gnu.version_d
 *(.gnu.version_d)

.gnu.version_r
 *(.gnu.version_r)

.rel.init
 *(.rel.init)

.rela.init
 *(.rela.init)

.rel.text
 *(.rel.text)
 *(.rel.text.*)
 *(.rel.gnu.linkonce.t*)

.rela.text
 *(.rela.text)
 *(.rela.text.*)
 *(.rela.gnu.linkonce.t*)

.rel.fini
 *(.rel.fini)

.rela.fini
 *(.rela.fini)

.rel.rodata
 *(.rel.rodata)
 *(.rel.rodata.*)
 *(.rel.gnu.linkonce.r*)

.rela.rodata
 *(.rela.rodata)
 *(.rela.rodata.*)
 *(.rela.gnu.linkonce.r*)

.rel.data
 *(.rel.data)
 *(.rel.data.*)
 *(.rel.gnu.linkonce.d*)

.rela.data
 *(.rela.data)
 *(.rela.data.*)
 *(.rela.gnu.linkonce.d*)

.rel.ctors
 *(.rel.ctors)

.rela.ctors
 *(.rela.ctors)

.rel.dtors
 *(.rel.dtors)

.rela.dtors
 *(.rela.dtors)

.rel.got
 *(.rel.got)

.rela.got
 *(.rela.got)

.rel.bss
 *(.rel.bss)

.rela.bss
 *(.rela.bss)

.rel.plt
 *(.rel.plt)

.rela.plt
 *(.rela.plt)

.text           0x00000000     0x3a18
 *(.vectors)
 .vectors       0x00000000       0xe4 D:/Program Files (x86)/Atmel/Studio/7.0/Packs/atmel/ATmega_DFP/1.2.209/gcc/dev/atmega2560/avr6/crtatmega2560.o
                0x00000000                __vector_default
                0x00000000                __vectors
 *(.vectors)
 *(.progmem.gcc*)
 .progmem.gcc_sw_table
                0x000000e4       0x14 FreeRTOS/src/timers.o
 .progmem.gcc_sw_table.__vector_39
                0x000000f8       0xa2 ../Drivers\libIotLibrary.a(twi.o)
                0x0000019a                . = ALIGN (0x2)
                0x0000019a                __trampolines_start = .
 *(.trampolines)
 .trampolines   0x0000019a        0x0 linker stubs
 *(.trampolines*)
                0x0000019a                __trampolines_end = .
 *libprintf_flt.a:*(.progmem.data)
 *libc.a:*(.progmem.data)
 *(.progmem*)
                0x0000019a                . = ALIGN (0x2)
 *(.jumptables)
 *(.jumptables*)
 *(.lowtext)
 .lowtext       0x0000019a       0x6c FreeRTOS/src/tasks.o
 .lowtext       0x00000206      0x204 FreeRTOS/src/timers.o
 *(.lowtext*)
                0x0000040a                __ctors_start = .
 *(.ctors)
                0x0000040a                __ctors_end = .
                0x0000040a                __dtors_start = .
 *(.dtors)
                0x0000040a                __dtors_end = .
 SORT(*)(.ctors)
 SORT(*)(.dtors)
 *(.init0)
 .init0         0x0000040a        0x0 D:/Program Files (x86)/Atmel/Studio/7.0/Packs/atmel/ATmega_DFP/1.2.209/gcc/dev/atmega2560/avr6/crtatmega2560.o
                0x0000040a                __init
 *(.init0)
 *(.init1)
 *(.init1)
 *(.init2)
 .init2         0x0000040a       0x10 D:/Program Files (x86)/Atmel/Studio/7.0/Packs/atmel/ATmega_DFP/1.2.209/gcc/dev/atmega2560/avr6/crtatmega2560.o
 *(.init2)
 *(.init3)
 *(.init3)
 *(.init4)
 .init4         0x0000041a       0x1a d:/program files (x86)/atmel/studio/7.0/toolchain/avr8/avr8-gnu-toolchain/bin/../lib/gcc/avr/5.4.0/avr6\libgcc.a(_copy_data.o)
                0x0000041a                __do_copy_data
 .init4         0x00000434       0x10 d:/program files (x86)/atmel/studio/7.0/toolchain/avr8/avr8-gnu-toolchain/bin/../lib/gcc/avr/5.4.0/avr6\libgcc.a(_clear_bss.o)
                0x00000434                __do_clear_bss
 *(.init4)
 *(.init5)
 *(.init5)
 *(.init6)
 *(.init6)
 *(.init7)
 *(.init7)
 *(.init8)
 *(.init8)
 *(.init9)
 .init9         0x00000444        0x8 D:/Program Files (x86)/Atmel/Studio/7.0/Packs/atmel/ATmega_DFP/1.2.209/gcc/dev/atmega2560/avr6/crtatmega2560.o
 *(.init9)
 *(.text)
 .text          0x0000044c        0x2 D:/Program Files (x86)/Atmel/Studio/7.0/Packs/atmel/ATmega_DFP/1.2.209/gcc/dev/atmega2560/avr6/crtatmega2560.o
                0x0000044c                __vector_38
                0x0000044c                __vector_22
                0x0000044c                __vector_28
                0x0000044c                __vector_1
                0x0000044c                __vector_32
                0x0000044c                __vector_34
                0x0000044c                __vector_24
                0x0000044c                __vector_46
                0x0000044c                __bad_interrupt
                0x0000044c                __vector_6
                0x0000044c                __vector_31
                0x0000044c                __vector_35
                0x0000044c                __vector_3
                0x0000044c                __vector_23
                0x0000044c                __vector_30
                0x0000044c                __vector_45
                0x0000044c                __vector_11
                0x0000044c                __vector_13
                0x0000044c                __vector_17
                0x0000044c                __vector_19
                0x0000044c                __vector_56
                0x0000044c                __vector_7
                0x0000044c                __vector_49
                0x0000044c                __vector_41
                0x0000044c                __vector_43
                0x0000044c                __vector_27
                0x0000044c                __vector_5
                0x0000044c                __vector_33
                0x0000044c                __vector_47
                0x0000044c                __vector_4
                0x0000044c                __vector_44
                0x0000044c                __vector_9
                0x0000044c                __vector_2
                0x0000044c                __vector_21
                0x0000044c                __vector_15
                0x0000044c                __vector_29
                0x0000044c                __vector_40
                0x0000044c                __vector_8
                0x0000044c                __vector_48
                0x0000044c                __vector_14
                0x0000044c                __vector_53
                0x0000044c                __vector_10
                0x0000044c                __vector_50
                0x0000044c                __vector_16
                0x0000044c                __vector_18
                0x0000044c                __vector_20
                0x0000044c                __vector_42
                0x0000044e                . = ALIGN (0x2)
 *(.text.*)
 .text.co2_callback
                0x0000044e       0x22 co2Sensor.o
                0x0000044e                co2_callback
 .text.co2_sensor_init
                0x00000470        0xc co2Sensor.o
                0x00000470                co2_sensor_init
 .text.trace_init
                0x0000047c        0xc FreeRTOS/FreeRTOSTraceDriver/FreeRTOSTraceDriver.o
                0x0000047c                trace_init
 .text.task_switch_in
                0x00000488       0x14 FreeRTOS/FreeRTOSTraceDriver/FreeRTOSTraceDriver.o
                0x00000488                task_switch_in
 .text.task_switch_out
                0x0000049c        0xc FreeRTOS/FreeRTOSTraceDriver/FreeRTOSTraceDriver.o
                0x0000049c                task_switch_out
 .text.pvPortMalloc
                0x000004a8       0x24 FreeRTOS/src/heap_3.o
                0x000004a8                pvPortMalloc
 .text.vPortFree
                0x000004cc       0x1a FreeRTOS/src/heap_3.o
                0x000004cc                vPortFree
 .text.vListInitialise
                0x000004e6       0x1c FreeRTOS/src/list.o
                0x000004e6                vListInitialise
 .text.vListInitialiseItem
                0x00000502        0x8 FreeRTOS/src/list.o
                0x00000502                vListInitialiseItem
 .text.vListInsertEnd
                0x0000050a       0x42 FreeRTOS/src/list.o
                0x0000050a                vListInsertEnd
 .text.vListInsert
                0x0000054c       0x62 FreeRTOS/src/list.o
                0x0000054c                vListInsert
 .text.uxListRemove
                0x000005ae       0x4e FreeRTOS/src/list.o
                0x000005ae                uxListRemove
 .text.pxPortInitialiseStack
                0x000005fc       0xe4 FreeRTOS/src/port.o
                0x000005fc                pxPortInitialiseStack
 .text.xPortStartScheduler
                0x000006e0       0x78 FreeRTOS/src/port.o
                0x000006e0                xPortStartScheduler
 .text.vPortYield
                0x00000758       0xc0 FreeRTOS/src/port.o
                0x00000758                vPortYield
 .text.vPortYieldFromTick
                0x00000818       0xc6 FreeRTOS/src/port.o
                0x00000818                vPortYieldFromTick
 .text.__vector_12
                0x000008de        0x4 FreeRTOS/src/port.o
                0x000008de                __vector_12
 .text.prvIsQueueEmpty
                0x000008e2       0x16 FreeRTOS/src/queue.o
 .text.prvCopyDataToQueue
                0x000008f8       0xbe FreeRTOS/src/queue.o
 .text.prvCopyDataFromQueue
                0x000009b6       0x34 FreeRTOS/src/queue.o
 .text.prvUnlockQueue
                0x000009ea       0x92 FreeRTOS/src/queue.o
 .text.xQueueGenericReset
                0x00000a7c       0x84 FreeRTOS/src/queue.o
                0x00000a7c                xQueueGenericReset
 .text.xQueueGenericCreate
                0x00000b00       0x5c FreeRTOS/src/queue.o
                0x00000b00                xQueueGenericCreate
 .text.xQueueGenericSend
                0x00000b5c      0x124 FreeRTOS/src/queue.o
                0x00000b5c                xQueueGenericSend
 .text.xQueueCreateMutex
                0x00000c80       0x30 FreeRTOS/src/queue.o
                0x00000c80                xQueueCreateMutex
 .text.xQueueGenericSendFromISR
                0x00000cb0       0x70 FreeRTOS/src/queue.o
                0x00000cb0                xQueueGenericSendFromISR
 .text.xQueueReceive
                0x00000d20      0x112 FreeRTOS/src/queue.o
                0x00000d20                xQueueReceive
 .text.xQueueSemaphoreTake
                0x00000e32      0x176 FreeRTOS/src/queue.o
                0x00000e32                xQueueSemaphoreTake
 .text.vQueueWaitForMessageRestricted
                0x00000fa8       0x36 FreeRTOS/src/queue.o
                0x00000fa8                vQueueWaitForMessageRestricted
 .text.prvResetNextTaskUnblockTime
                0x00000fde       0x3e FreeRTOS/src/tasks.o
 .text.prvAddCurrentTaskToDelayedList
                0x0000101c       0xa8 FreeRTOS/src/tasks.o
 .text.xTaskCreate
                0x000010c4      0x21c FreeRTOS/src/tasks.o
                0x000010c4                xTaskCreate
 .text.vTaskStartScheduler
                0x000012e0       0x62 FreeRTOS/src/tasks.o
                0x000012e0                vTaskStartScheduler
 .text.vTaskSuspendAll
                0x00001342        0xc FreeRTOS/src/tasks.o
                0x00001342                vTaskSuspendAll
 .text.xTaskGetTickCount
                0x0000134e       0x14 FreeRTOS/src/tasks.o
                0x0000134e                xTaskGetTickCount
 .text.xTaskIncrementTick
                0x00001362      0x16e FreeRTOS/src/tasks.o
                0x00001362                xTaskIncrementTick
 .text.xTaskResumeAll
                0x000014d0       0xf4 FreeRTOS/src/tasks.o
                0x000014d0                xTaskResumeAll
 .text.vTaskDelay
                0x000015c4       0x20 FreeRTOS/src/tasks.o
                0x000015c4                vTaskDelay
 .text.vTaskSwitchContext
                0x000015e4      0x11c FreeRTOS/src/tasks.o
                0x000015e4                vTaskSwitchContext
 .text.vTaskPlaceOnEventList
                0x00001700       0x22 FreeRTOS/src/tasks.o
                0x00001700                vTaskPlaceOnEventList
 .text.vTaskPlaceOnEventListRestricted
                0x00001722       0x30 FreeRTOS/src/tasks.o
                0x00001722                vTaskPlaceOnEventListRestricted
 .text.xTaskRemoveFromEventList
                0x00001752       0x90 FreeRTOS/src/tasks.o
                0x00001752                xTaskRemoveFromEventList
 .text.vTaskInternalSetTimeOutState
                0x000017e2       0x16 FreeRTOS/src/tasks.o
                0x000017e2                vTaskInternalSetTimeOutState
 .text.xTaskCheckForTimeOut
                0x000017f8       0x6a FreeRTOS/src/tasks.o
                0x000017f8                xTaskCheckForTimeOut
 .text.vTaskMissedYield
                0x00001862        0x8 FreeRTOS/src/tasks.o
                0x00001862                vTaskMissedYield
 .text.xTaskGetSchedulerState
                0x0000186a       0x1c FreeRTOS/src/tasks.o
                0x0000186a                xTaskGetSchedulerState
 .text.xTaskPriorityInherit
                0x00001886       0xe4 FreeRTOS/src/tasks.o
                0x00001886                xTaskPriorityInherit
 .text.xTaskPriorityDisinherit
                0x0000196a       0x80 FreeRTOS/src/tasks.o
                0x0000196a                xTaskPriorityDisinherit
 .text.vTaskPriorityDisinheritAfterTimeout
                0x000019ea       0xa0 FreeRTOS/src/tasks.o
                0x000019ea                vTaskPriorityDisinheritAfterTimeout
 .text.pvTaskIncrementMutexHeldCount
                0x00001a8a       0x24 FreeRTOS/src/tasks.o
                0x00001a8a                pvTaskIncrementMutexHeldCount
 .text.prvInsertTimerInActiveList
                0x00001aae       0x5e FreeRTOS/src/timers.o
 .text.prvCheckForValidListAndQueue
                0x00001b0c       0x52 FreeRTOS/src/timers.o
 .text.xTimerCreateTimerTask
                0x00001b5e       0x40 FreeRTOS/src/timers.o
                0x00001b5e                xTimerCreateTimerTask
 .text.xTimerCreate
                0x00001b9e       0x6c FreeRTOS/src/timers.o
                0x00001b9e                xTimerCreate
 .text.xTimerGenericCommand
                0x00001c0a       0x8c FreeRTOS/src/timers.o
                0x00001c0a                xTimerGenericCommand
 .text.prvSampleTimeNow
                0x00001c96       0xdc FreeRTOS/src/timers.o
 .text.vApplicationIdleHook
                0x00001d72        0x2 FreeRTOS/src/variantHooks.o
                0x00001d72                vApplicationIdleHook
 .text.vApplicationMallocFailedHook
                0x00001d74       0x1a FreeRTOS/src/variantHooks.o
                0x00001d74                vApplicationMallocFailedHook
 .text.vApplicationStackOverflowHook
                0x00001d8e       0x1a FreeRTOS/src/variantHooks.o
                0x00001d8e                vApplicationStackOverflowHook
 .text.main     0x00001da8       0x36 main.o
                0x00001da8                main
 .text.semaphores_init
                0x00001dde       0x50 mySemaphores.o
                0x00001dde                semaphores_init
 .text.temp_hum_measure_task
                0x00001e2e       0x74 myTasks.o
                0x00001e2e                temp_hum_measure_task
 .text.create_tasks
                0x00001ea2       0x2e myTasks.o
                0x00001ea2                create_tasks
 .text.co2_timer_callback
                0x00001ed0       0x3c myTimers.o
                0x00001ed0                co2_timer_callback
 .text.temp_hum_timer_callback
                0x00001f0c       0x3c myTimers.o
                0x00001f0c                temp_hum_timer_callback
 .text.lora_timer_callback
                0x00001f48       0x3c myTimers.o
                0x00001f48                lora_timer_callback
 .text.timers_init
                0x00001f84       0x5e myTimers.o
                0x00001f84                timers_init
 .text.temp_hum_sensor_init
                0x00001fe2       0x1a temp_humSensor.o
                0x00001fe2                temp_hum_sensor_init
 .text.temp_hum_measure
                0x00001ffc       0xa8 temp_humSensor.o
                0x00001ffc                temp_hum_measure
 .text.temp_get_value
                0x000020a4        0x4 temp_humSensor.o
                0x000020a4                temp_get_value
 .text.hum_get_value
                0x000020a8        0x4 temp_humSensor.o
                0x000020a8                hum_get_value
 .text._hihTwiCallback
                0x000020ac       0x5a ../Drivers\libIotLibrary.a(hih8120.o)
 .text.hih8120Create
                0x00002106       0x2e ../Drivers\libIotLibrary.a(hih8120.o)
                0x00002106                hih8120Create
 .text.hih8120Wakeup
                0x00002134       0x28 ../Drivers\libIotLibrary.a(hih8120.o)
                0x00002134                hih8120Wakeup
 .text.hih8120Meassure
                0x0000215c       0x20 ../Drivers\libIotLibrary.a(hih8120.o)
                0x0000215c                hih8120Meassure
 .text.hih8120GetHumidity
                0x0000217c       0x24 ../Drivers\libIotLibrary.a(hih8120.o)
                0x0000217c                hih8120GetHumidity
 .text.hih8120GetHumidityPercent_x10
                0x000021a0       0x12 ../Drivers\libIotLibrary.a(hih8120.o)
                0x000021a0                hih8120GetHumidityPercent_x10
 .text.hih8120GetTemperature
                0x000021b2       0x2e ../Drivers\libIotLibrary.a(hih8120.o)
                0x000021b2                hih8120GetTemperature
 .text.hih8120GetTemperature_x10
                0x000021e0       0x12 ../Drivers\libIotLibrary.a(hih8120.o)
                0x000021e0                hih8120GetTemperature_x10
 .text._serial_call_back
                0x000021f2       0xb6 ../Drivers\libIotLibrary.a(mh_z19.o)
 .text.mh_z19_create
                0x000022a8       0x5c ../Drivers\libIotLibrary.a(mh_z19.o)
                0x000022a8                mh_z19_create
 .text.serial_new_instance
                0x00002304      0x12c ../Drivers\libIotLibrary.a(serial.o)
                0x00002304                serial_new_instance
 .text.serial_send_byte
                0x00002430       0x4a ../Drivers\libIotLibrary.a(serial.o)
                0x00002430                serial_send_byte
 .text.serial_get_byte
                0x0000247a       0x38 ../Drivers\libIotLibrary.a(serial.o)
                0x0000247a                serial_get_byte
 .text.__vector_25
                0x000024b2       0xa4 ../Drivers\libIotLibrary.a(serial.o)
                0x000024b2                __vector_25
 .text.__vector_26
                0x00002556       0x88 ../Drivers\libIotLibrary.a(serial.o)
                0x00002556                __vector_26
 .text.__vector_36
                0x000025de       0xa4 ../Drivers\libIotLibrary.a(serial.o)
                0x000025de                __vector_36
 .text.__vector_37
                0x00002682       0x88 ../Drivers\libIotLibrary.a(serial.o)
                0x00002682                __vector_37
 .text.__vector_51
                0x0000270a       0xa4 ../Drivers\libIotLibrary.a(serial.o)
                0x0000270a                __vector_51
 .text.__vector_52
                0x000027ae       0x88 ../Drivers\libIotLibrary.a(serial.o)
                0x000027ae                __vector_52
 .text.__vector_54
                0x00002836       0xa4 ../Drivers\libIotLibrary.a(serial.o)
                0x00002836                __vector_54
 .text.__vector_55
                0x000028da       0x88 ../Drivers\libIotLibrary.a(serial.o)
                0x000028da                __vector_55
 .text.usart_getchar
                0x00002962       0x2a ../Drivers\libIotLibrary.a(stdio_driver.o)
 .text.usart_putchar
                0x0000298c       0x12 ../Drivers\libIotLibrary.a(stdio_driver.o)
 .text.stdioCreate
                0x0000299e       0x52 ../Drivers\libIotLibrary.a(stdio_driver.o)
                0x0000299e                stdioCreate
 .text._initTwiInterface
                0x000029f0       0x22 ../Drivers\libIotLibrary.a(twi.o)
 .text.twiCreate
                0x00002a12       0x9a ../Drivers\libIotLibrary.a(twi.o)
                0x00002a12                twiCreate
 .text.twiIsBusy
                0x00002aac        0x8 ../Drivers\libIotLibrary.a(twi.o)
                0x00002aac                twiIsBusy
 .text.twiTransmit
                0x00002ab4       0x98 ../Drivers\libIotLibrary.a(twi.o)
                0x00002ab4                twiTransmit
 .text.twiReceive
                0x00002b4c       0x66 ../Drivers\libIotLibrary.a(twi.o)
                0x00002b4c                twiReceive
 .text.__vector_39
                0x00002bb2      0x17a ../Drivers\libIotLibrary.a(twi.o)
                0x00002bb2                __vector_39
 .text.fifo_init
                0x00002d2c       0x38 ../Drivers\libIotLibrary.a(fifo.o)
                0x00002d2c                fifo_init
 .text.avr-libc.fplib
                0x00002d64        0xa d:/program files (x86)/atmel/studio/7.0/toolchain/avr8/avr8-gnu-toolchain/bin/../lib/gcc/avr/5.4.0/../../../../avr/lib/avr6\libm.a(addsf3.o)
                0x00002d64                __subsf3
                0x00002d66                __addsf3
 .text.avr-libc.fplib
                0x00002d6e       0xc0 d:/program files (x86)/atmel/studio/7.0/toolchain/avr8/avr8-gnu-toolchain/bin/../lib/gcc/avr/5.4.0/../../../../avr/lib/avr6\libm.a(addsf3x.o)
                0x00002d88                __addsf3x
 .text.avr-libc.fplib
                0x00002e2e        0x4 d:/program files (x86)/atmel/studio/7.0/toolchain/avr8/avr8-gnu-toolchain/bin/../lib/gcc/avr/5.4.0/../../../../avr/lib/avr6\libm.a(divsf3.o)
                0x00002e2e                __divsf3
 .text.avr-libc.fplib
                0x00002e32       0xcc d:/program files (x86)/atmel/studio/7.0/toolchain/avr8/avr8-gnu-toolchain/bin/../lib/gcc/avr/5.4.0/../../../../avr/lib/avr6\libm.a(divsf3x.o)
                0x00002e48                __divsf3x
                0x00002e4c                __divsf3_pse
 .text.avr-libc.fplib
                0x00002efe        0xa d:/program files (x86)/atmel/studio/7.0/toolchain/avr8/avr8-gnu-toolchain/bin/../lib/gcc/avr/5.4.0/../../../../avr/lib/avr6\libm.a(fixsfsi.o)
                0x00002efe                __fixsfsi
 .text.avr-libc.fplib
                0x00002f08       0x58 d:/program files (x86)/atmel/studio/7.0/toolchain/avr8/avr8-gnu-toolchain/bin/../lib/gcc/avr/5.4.0/../../../../avr/lib/avr6\libm.a(fixunssfsi.o)
                0x00002f08                __fixunssfsi
 .text.avr-libc.fplib
                0x00002f60       0x7a d:/program files (x86)/atmel/studio/7.0/toolchain/avr8/avr8-gnu-toolchain/bin/../lib/gcc/avr/5.4.0/../../../../avr/lib/avr6\libm.a(floatsisf.o)
                0x00002f60                __floatunsisf
                0x00002f64                __floatsisf
 .text.avr-libc.fplib
                0x00002fda        0xc d:/program files (x86)/atmel/studio/7.0/toolchain/avr8/avr8-gnu-toolchain/bin/../lib/gcc/avr/5.4.0/../../../../avr/lib/avr6\libm.a(fp_inf.o)
                0x00002fda                __fp_inf
 .text.avr-libc.fplib
                0x00002fe6        0x6 d:/program files (x86)/atmel/studio/7.0/toolchain/avr8/avr8-gnu-toolchain/bin/../lib/gcc/avr/5.4.0/../../../../avr/lib/avr6\libm.a(fp_nan.o)
                0x00002fe6                __fp_nan
 .text.avr-libc.fplib
                0x00002fec        0xe d:/program files (x86)/atmel/studio/7.0/toolchain/avr8/avr8-gnu-toolchain/bin/../lib/gcc/avr/5.4.0/../../../../avr/lib/avr6\libm.a(fp_pscA.o)
                0x00002fec                __fp_pscA
 .text.avr-libc.fplib
                0x00002ffa        0xe d:/program files (x86)/atmel/studio/7.0/toolchain/avr8/avr8-gnu-toolchain/bin/../lib/gcc/avr/5.4.0/../../../../avr/lib/avr6\libm.a(fp_pscB.o)
                0x00002ffa                __fp_pscB
 .text.avr-libc.fplib
                0x00003008       0x22 d:/program files (x86)/atmel/studio/7.0/toolchain/avr8/avr8-gnu-toolchain/bin/../lib/gcc/avr/5.4.0/../../../../avr/lib/avr6\libm.a(fp_round.o)
                0x00003008                __fp_round
 .text.avr-libc.fplib
                0x0000302a       0x44 d:/program files (x86)/atmel/studio/7.0/toolchain/avr8/avr8-gnu-toolchain/bin/../lib/gcc/avr/5.4.0/../../../../avr/lib/avr6\libm.a(fp_split3.o)
                0x0000302a                __fp_split3
                0x0000303a                __fp_splitA
 .text.avr-libc.fplib
                0x0000306e        0xe d:/program files (x86)/atmel/studio/7.0/toolchain/avr8/avr8-gnu-toolchain/bin/../lib/gcc/avr/5.4.0/../../../../avr/lib/avr6\libm.a(fp_zero.o)
                0x0000306e                __fp_zero
                0x00003070                __fp_szero
 .text.avr-libc.fplib
                0x0000307c        0x4 d:/program files (x86)/atmel/studio/7.0/toolchain/avr8/avr8-gnu-toolchain/bin/../lib/gcc/avr/5.4.0/../../../../avr/lib/avr6\libm.a(mulsf3.o)
                0x0000307c                __mulsf3
 .text.avr-libc.fplib
                0x00003080       0xc2 d:/program files (x86)/atmel/studio/7.0/toolchain/avr8/avr8-gnu-toolchain/bin/../lib/gcc/avr/5.4.0/../../../../avr/lib/avr6\libm.a(mulsf3x.o)
                0x00003094                __mulsf3x
                0x00003098                __mulsf3_pse
 .text.libgcc.div
                0x00003142       0x44 d:/program files (x86)/atmel/studio/7.0/toolchain/avr8/avr8-gnu-toolchain/bin/../lib/gcc/avr/5.4.0/avr6\libgcc.a(_udivmodsi4.o)
                0x00003142                __udivmodsi4
 .text.libgcc   0x00003186       0x10 d:/program files (x86)/atmel/studio/7.0/toolchain/avr8/avr8-gnu-toolchain/bin/../lib/gcc/avr/5.4.0/avr6\libgcc.a(_tablejump2.o)
                0x00003186                __tablejump2__
 .text.avr-libc
                0x00003196       0x34 d:/program files (x86)/atmel/studio/7.0/toolchain/avr8/avr8-gnu-toolchain/bin/../lib/gcc/avr/5.4.0/../../../../avr/lib/avr6\libc.a(calloc.o)
                0x00003196                calloc
 .text.avr-libc
                0x000031ca      0x242 d:/program files (x86)/atmel/studio/7.0/toolchain/avr8/avr8-gnu-toolchain/bin/../lib/gcc/avr/5.4.0/../../../../avr/lib/avr6\libc.a(malloc.o)
                0x000031ca                malloc
                0x000032fa                free
 .text.avr-libc
                0x0000340c        0x8 d:/program files (x86)/atmel/studio/7.0/toolchain/avr8/avr8-gnu-toolchain/bin/../lib/gcc/avr/5.4.0/../../../../avr/lib/avr6\libc.a(abort.o)
                0x0000340c                abort
 .text.avr-libc
                0x00003414       0x12 d:/program files (x86)/atmel/studio/7.0/toolchain/avr8/avr8-gnu-toolchain/bin/../lib/gcc/avr/5.4.0/../../../../avr/lib/avr6\libc.a(memcpy.o)
                0x00003414                memcpy
 .text.avr-libc
                0x00003426        0xe d:/program files (x86)/atmel/studio/7.0/toolchain/avr8/avr8-gnu-toolchain/bin/../lib/gcc/avr/5.4.0/../../../../avr/lib/avr6\libc.a(memset.o)
                0x00003426                memset
 .text.avr-libc
                0x00003434       0x26 d:/program files (x86)/atmel/studio/7.0/toolchain/avr8/avr8-gnu-toolchain/bin/../lib/gcc/avr/5.4.0/../../../../avr/lib/avr6\libc.a(printf.o)
                0x00003434                printf
 .text.avr-libc
                0x0000345a       0x60 d:/program files (x86)/atmel/studio/7.0/toolchain/avr8/avr8-gnu-toolchain/bin/../lib/gcc/avr/5.4.0/../../../../avr/lib/avr6\libc.a(puts.o)
                0x0000345a                puts
 .text.avr-libc
                0x000034ba      0x3fa d:/program files (x86)/atmel/studio/7.0/toolchain/avr8/avr8-gnu-toolchain/bin/../lib/gcc/avr/5.4.0/../../../../avr/lib/avr6\libc.a(vfprintf_std.o)
                0x000034ba                vfprintf
 .text.avr-libc
                0x000038b4       0x16 d:/program files (x86)/atmel/studio/7.0/toolchain/avr8/avr8-gnu-toolchain/bin/../lib/gcc/avr/5.4.0/../../../../avr/lib/avr6\libc.a(strnlen_P.o)
                0x000038b4                strnlen_P
 .text.avr-libc
                0x000038ca       0x16 d:/program files (x86)/atmel/studio/7.0/toolchain/avr8/avr8-gnu-toolchain/bin/../lib/gcc/avr/5.4.0/../../../../avr/lib/avr6\libc.a(strnlen.o)
                0x000038ca                strnlen
 .text.avr-libc
                0x000038e0       0x78 d:/program files (x86)/atmel/studio/7.0/toolchain/avr8/avr8-gnu-toolchain/bin/../lib/gcc/avr/5.4.0/../../../../avr/lib/avr6\libc.a(fputc.o)
                0x000038e0                fputc
 .text.avr-libc
                0x00003958       0xbc d:/program files (x86)/atmel/studio/7.0/toolchain/avr8/avr8-gnu-toolchain/bin/../lib/gcc/avr/5.4.0/../../../../avr/lib/avr6\libc.a(ultoa_invert.o)
                0x00003958                __ultoa_invert
                0x00003a14                . = ALIGN (0x2)
 *(.fini9)
 .fini9         0x00003a14        0x0 d:/program files (x86)/atmel/studio/7.0/toolchain/avr8/avr8-gnu-toolchain/bin/../lib/gcc/avr/5.4.0/avr6\libgcc.a(_exit.o)
                0x00003a14                _exit
                0x00003a14                exit
 *(.fini9)
 *(.fini8)
 *(.fini8)
 *(.fini7)
 *(.fini7)
 *(.fini6)
 *(.fini6)
 *(.fini5)
 *(.fini5)
 *(.fini4)
 *(.fini4)
 *(.fini3)
 *(.fini3)
 *(.fini2)
 *(.fini2)
 *(.fini1)
 *(.fini1)
 *(.fini0)
 .fini0         0x00003a14        0x4 d:/program files (x86)/atmel/studio/7.0/toolchain/avr8/avr8-gnu-toolchain/bin/../lib/gcc/avr/5.4.0/avr6\libgcc.a(_exit.o)
 *(.fini0)
                0x00003a18                _etext = .

.data           0x00800200      0x16e load address 0x00003a18
                0x00800200                PROVIDE (__data_start, .)
 *(.data)
 .data          0x00800200        0x6 d:/program files (x86)/atmel/studio/7.0/toolchain/avr8/avr8-gnu-toolchain/bin/../lib/gcc/avr/5.4.0/../../../../avr/lib/avr6\libc.a(malloc.o)
                0x00800200                __malloc_heap_end
                0x00800202                __malloc_heap_start
                0x00800204                __malloc_margin
 *(.data*)
 .data._temp    0x00800206        0x2 ../Drivers\libIotLibrary.a(hih8120.o)
 .data._hum     0x00800208        0x2 ../Drivers\libIotLibrary.a(hih8120.o)
 .data._com_port_2_udr
                0x0080020a        0x8 ../Drivers\libIotLibrary.a(serial.o)
                0x0080020a                _com_port_2_udr
 .data.mystdout.1881
                0x00800212        0xe ../Drivers\libIotLibrary.a(stdio_driver.o)
 .data._twiCurrentState
                0x00800220        0x1 ../Drivers\libIotLibrary.a(twi.o)
 *(.gnu.linkonce.d*)
 *(.rodata)
 *(.rodata*)
 .rodata.str1.1
                0x00800221        0x5 FreeRTOS/src/tasks.o
 .rodata.str1.1
                0x00800226        0x8 FreeRTOS/src/timers.o
 .rodata.str1.1
                0x0080022e       0x4c myTasks.o
 .rodata.str1.1
                0x0080027a       0x7a myTimers.o
 .rodata.str1.1
                0x008002f4       0x79 temp_humSensor.o
 *(.gnu.linkonce.r*)
                0x0080036e                . = ALIGN (0x2)
 *fill*         0x0080036d        0x1 
                0x0080036e                _edata = .
                0x0080036e                PROVIDE (__data_end, .)

.bss            0x0080036e       0xc9
                0x0080036e                PROVIDE (__bss_start, .)
 *(.bss)
 *(.bss*)
 .bss.uxSchedulerSuspended
                0x0080036e        0x1 FreeRTOS/src/tasks.o
 .bss.xIdleTaskHandle
                0x0080036f        0x2 FreeRTOS/src/tasks.o
 .bss.xNextTaskUnblockTime
                0x00800371        0x2 FreeRTOS/src/tasks.o
 .bss.uxTaskNumber
                0x00800373        0x1 FreeRTOS/src/tasks.o
 .bss.xNumOfOverflows
                0x00800374        0x1 FreeRTOS/src/tasks.o
 .bss.xYieldPending
                0x00800375        0x1 FreeRTOS/src/tasks.o
 .bss.uxPendedTicks
                0x00800376        0x1 FreeRTOS/src/tasks.o
 .bss.xSchedulerRunning
                0x00800377        0x1 FreeRTOS/src/tasks.o
 .bss.uxTopReadyPriority
                0x00800378        0x1 FreeRTOS/src/tasks.o
 .bss.xTickCount
                0x00800379        0x2 FreeRTOS/src/tasks.o
 .bss.uxCurrentNumberOfTasks
                0x0080037b        0x1 FreeRTOS/src/tasks.o
 .bss.xSuspendedTaskList
                0x0080037c        0x9 FreeRTOS/src/tasks.o
 .bss.uxDeletedTasksWaitingCleanUp
                0x00800385        0x1 FreeRTOS/src/tasks.o
 .bss.xTasksWaitingTermination
                0x00800386        0x9 FreeRTOS/src/tasks.o
 .bss.xPendingReadyList
                0x0080038f        0x9 FreeRTOS/src/tasks.o
 .bss.pxOverflowDelayedTaskList
                0x00800398        0x2 FreeRTOS/src/tasks.o
 .bss.pxDelayedTaskList
                0x0080039a        0x2 FreeRTOS/src/tasks.o
 .bss.xDelayedTaskList2
                0x0080039c        0x9 FreeRTOS/src/tasks.o
 .bss.xDelayedTaskList1
                0x008003a5        0x9 FreeRTOS/src/tasks.o
 .bss.pxReadyTasksLists
                0x008003ae       0x24 FreeRTOS/src/tasks.o
 .bss.pxCurrentTCB
                0x008003d2        0x2 FreeRTOS/src/tasks.o
                0x008003d2                pxCurrentTCB
 .bss.xLastTime.2432
                0x008003d4        0x2 FreeRTOS/src/timers.o
 .bss.xTimerTaskHandle
                0x008003d6        0x2 FreeRTOS/src/timers.o
 .bss.xTimerQueue
                0x008003d8        0x2 FreeRTOS/src/timers.o
 .bss.pxOverflowTimerList
                0x008003da        0x2 FreeRTOS/src/timers.o
 .bss.pxCurrentTimerList
                0x008003dc        0x2 FreeRTOS/src/timers.o
 .bss.xActiveTimerList2
                0x008003de        0x9 FreeRTOS/src/timers.o
 .bss.xActiveTimerList1
                0x008003e7        0x9 FreeRTOS/src/timers.o
 .bss.temp_rc   0x008003f0        0x2 temp_humSensor.o
 .bss._measuringIsReady
                0x008003f2        0x1 ../Drivers\libIotLibrary.a(hih8120.o)
 .bss._hih8120Handler
                0x008003f3        0x2 ../Drivers\libIotLibrary.a(hih8120.o)
 .bss.data.1940
                0x008003f5        0x2 ../Drivers\libIotLibrary.a(mh_z19.o)
 .bss.inDex.1939
                0x008003f7        0x1 ../Drivers\libIotLibrary.a(mh_z19.o)
 .bss.crc_sum.1941
                0x008003f8        0x1 ../Drivers\libIotLibrary.a(mh_z19.o)
 .bss._app_call_back
                0x008003f9        0x2 ../Drivers\libIotLibrary.a(mh_z19.o)
 .bss._mh_state
                0x008003fb        0x1 ../Drivers\libIotLibrary.a(mh_z19.o)
                0x008003fb                _mh_state
 .bss._ppm      0x008003fc        0x2 ../Drivers\libIotLibrary.a(mh_z19.o)
 .bss._serial   0x008003fe        0x2 ../Drivers\libIotLibrary.a(mh_z19.o)
 .bss._ser_handle
                0x00800400        0x8 ../Drivers\libIotLibrary.a(serial.o)
 .bss._com_serial_instance
                0x00800408        0x2 ../Drivers\libIotLibrary.a(stdio_driver.o)
 .bss._index.1885
                0x0080040a        0x1 ../Drivers\libIotLibrary.a(twi.o)
 .bss._twiCurrentHandler
                0x0080040b        0x2 ../Drivers\libIotLibrary.a(twi.o)
 .bss._twiMessageLen
                0x0080040d        0x1 ../Drivers\libIotLibrary.a(twi.o)
 .bss._twiMessageBuffer
                0x0080040e        0xa ../Drivers\libIotLibrary.a(twi.o)
 .bss._twiIsInitiated
                0x00800418        0x1 ../Drivers\libIotLibrary.a(twi.o)
 *(COMMON)
 COMMON         0x00800419        0x2 co2Sensor.o
                0x00800419                co2_ppm_pointer
 COMMON         0x0080041b       0x12 main.o
                0x0080041b                CO2Semaphore
                0x0080041d                LoRaSendDataTask
                0x0080041f                LoRaTimer
                0x00800421                TempHumMeasureTask
                0x00800423                CO2MeasureTask
                0x00800425                CO2Timer
                0x00800427                TempHumSemaphore
                0x00800429                LoRaSemaphore
                0x0080042b                TempHumTimer
 COMMON         0x0080042d        0x4 d:/program files (x86)/atmel/studio/7.0/toolchain/avr8/avr8-gnu-toolchain/bin/../lib/gcc/avr/5.4.0/../../../../avr/lib/avr6\libc.a(malloc.o)
                0x0080042d                __brkval
                0x0080042f                __flp
 COMMON         0x00800431        0x6 d:/program files (x86)/atmel/studio/7.0/toolchain/avr8/avr8-gnu-toolchain/bin/../lib/gcc/avr/5.4.0/../../../../avr/lib/avr6\libc.a(iob.o)
                0x00800431                __iob
                0x00800437                PROVIDE (__bss_end, .)
                0x00003a18                __data_load_start = LOADADDR (.data)
                0x00003b86                __data_load_end = (__data_load_start + SIZEOF (.data))

.noinit         0x00800437        0x0
                [!provide]                PROVIDE (__noinit_start, .)
 *(.noinit*)
                [!provide]                PROVIDE (__noinit_end, .)
                0x00800437                _end = .
                0x00800437                PROVIDE (__heap_start, .)

.eeprom         0x00810000        0x0
 *(.eeprom*)
                0x00810000                __eeprom_end = .

.fuse
 *(.fuse)
 *(.lfuse)
 *(.hfuse)
 *(.efuse)

.lock
 *(.lock*)

.signature
 *(.signature*)

.user_signatures
 *(.user_signatures*)

.stab
 *(.stab)

.stabstr
 *(.stabstr)

.stab.excl
 *(.stab.excl)

.stab.exclstr
 *(.stab.exclstr)

.stab.index
 *(.stab.index)

.stab.indexstr
 *(.stab.indexstr)

.comment        0x00000000       0x5c
 *(.comment)
 .comment       0x00000000       0x30 co2Sensor.o
                                 0x31 (size before relaxing)
 .comment       0x00000030       0x31 FreeRTOS/FreeRTOSTraceDriver/FreeRTOSTraceDriver.o
 .comment       0x00000030       0x31 FreeRTOS/src/heap_3.o
 .comment       0x00000030       0x31 FreeRTOS/src/list.o
 .comment       0x00000030       0x31 FreeRTOS/src/port.o
 .comment       0x00000030       0x31 FreeRTOS/src/queue.o
 .comment       0x00000030       0x31 FreeRTOS/src/tasks.o
 .comment       0x00000030       0x31 FreeRTOS/src/timers.o
 .comment       0x00000030       0x31 FreeRTOS/src/variantHooks.o
 .comment       0x00000030       0x31 main.o
 .comment       0x00000030       0x31 mySemaphores.o
 .comment       0x00000030       0x31 myTasks.o
 .comment       0x00000030       0x31 myTimers.o
 .comment       0x00000030       0x31 temp_humSensor.o
 .comment       0x00000030       0x31 ../Drivers\libIotLibrary.a(hih8120.o)
 .comment       0x00000030       0x31 ../Drivers\libIotLibrary.a(mh_z19.o)
 .comment       0x00000030       0x31 ../Drivers\libIotLibrary.a(serial.o)
 .comment       0x00000030       0x31 ../Drivers\libIotLibrary.a(stdio_driver.o)
 .comment       0x00000030       0x31 ../Drivers\libIotLibrary.a(twi.o)
 .comment       0x00000030       0x31 ../Drivers\libIotLibrary.a(fifo.o)
 .comment       0x00000030       0x31 d:/program files (x86)/atmel/studio/7.0/toolchain/avr8/avr8-gnu-toolchain/bin/../lib/gcc/avr/5.4.0/../../../../avr/lib/avr6\libc.a(calloc.o)
 .comment       0x00000030       0x31 d:/program files (x86)/atmel/studio/7.0/toolchain/avr8/avr8-gnu-toolchain/bin/../lib/gcc/avr/5.4.0/../../../../avr/lib/avr6\libc.a(malloc.o)
 .comment       0x00000030       0x31 d:/program files (x86)/atmel/studio/7.0/toolchain/avr8/avr8-gnu-toolchain/bin/../lib/gcc/avr/5.4.0/../../../../avr/lib/avr6\libc.a(iob.o)
 .comment       0x00000030       0x31 d:/program files (x86)/atmel/studio/7.0/toolchain/avr8/avr8-gnu-toolchain/bin/../lib/gcc/avr/5.4.0/../../../../avr/lib/avr6\libc.a(printf.o)
 .comment       0x00000030       0x31 d:/program files (x86)/atmel/studio/7.0/toolchain/avr8/avr8-gnu-toolchain/bin/../lib/gcc/avr/5.4.0/../../../../avr/lib/avr6\libc.a(puts.o)
 .comment       0x00000030       0x2c d:/program files (x86)/atmel/studio/7.0/toolchain/avr8/avr8-gnu-toolchain/bin/../lib/gcc/avr/5.4.0/../../../../avr/lib/avr6\libc.a(vfprintf_std.o)
                                 0x2d (size before relaxing)
 .comment       0x0000005c       0x31 d:/program files (x86)/atmel/studio/7.0/toolchain/avr8/avr8-gnu-toolchain/bin/../lib/gcc/avr/5.4.0/../../../../avr/lib/avr6\libc.a(fputc.o)

.note.gnu.avr.deviceinfo
                0x00000000       0x40
 .note.gnu.avr.deviceinfo
                0x00000000       0x40 D:/Program Files (x86)/Atmel/Studio/7.0/Packs/atmel/ATmega_DFP/1.2.209/gcc/dev/atmega2560/avr6/crtatmega2560.o

.note.gnu.build-id
 *(.note.gnu.build-id)

.debug
 *(.debug)

.line
 *(.line)

.debug_srcinfo
 *(.debug_srcinfo)

.debug_sfnames
 *(.debug_sfnames)

.debug_aranges  0x00000000      0x790
 *(.debug_aranges)
 .debug_aranges
                0x00000000       0x38 co2Sensor.o
 .debug_aranges
                0x00000038       0x30 FreeRTOS/FreeRTOSTraceDriver/FreeRTOSTraceDriver.o
 .debug_aranges
                0x00000068       0x28 FreeRTOS/src/heap_3.o
 .debug_aranges
                0x00000090       0x40 FreeRTOS/src/list.o
 .debug_aranges
                0x000000d0       0x48 FreeRTOS/src/port.o
 .debug_aranges
                0x00000118       0xf8 FreeRTOS/src/queue.o
 .debug_aranges
                0x00000210      0x1d8 FreeRTOS/src/tasks.o
 .debug_aranges
                0x000003e8       0xa0 FreeRTOS/src/timers.o
 .debug_aranges
                0x00000488       0x30 FreeRTOS/src/variantHooks.o
 .debug_aranges
                0x000004b8       0x20 main.o
 .debug_aranges
                0x000004d8       0x20 mySemaphores.o
 .debug_aranges
                0x000004f8       0x38 myTasks.o
 .debug_aranges
                0x00000530       0x38 myTimers.o
 .debug_aranges
                0x00000568       0x38 temp_humSensor.o
 .debug_aranges
                0x000005a0       0x68 ../Drivers\libIotLibrary.a(hih8120.o)
 .debug_aranges
                0x00000608       0x50 ../Drivers\libIotLibrary.a(mh_z19.o)
 .debug_aranges
                0x00000658       0x90 ../Drivers\libIotLibrary.a(serial.o)
 .debug_aranges
                0x000006e8       0x38 ../Drivers\libIotLibrary.a(stdio_driver.o)
 .debug_aranges
                0x00000720       0x50 ../Drivers\libIotLibrary.a(twi.o)
 .debug_aranges
                0x00000770       0x20 ../Drivers\libIotLibrary.a(fifo.o)

.debug_pubnames
 *(.debug_pubnames)

.debug_info     0x00000000     0x972e
 *(.debug_info .gnu.linkonce.wi.*)
 .debug_info    0x00000000      0xbbc D:/Program Files (x86)/Atmel/Studio/7.0/Packs/atmel/ATmega_DFP/1.2.209/gcc/dev/atmega2560/avr6/crtatmega2560.o
 .debug_info    0x00000bbc      0x1fc co2Sensor.o
 .debug_info    0x00000db8       0xd3 FreeRTOS/FreeRTOSTraceDriver/FreeRTOSTraceDriver.o
 .debug_info    0x00000e8b      0x19f FreeRTOS/src/heap_3.o
 .debug_info    0x0000102a      0x2df FreeRTOS/src/list.o
 .debug_info    0x00001309      0x284 FreeRTOS/src/port.o
 .debug_info    0x0000158d     0x18fc FreeRTOS/src/queue.o
 .debug_info    0x00002e89     0x27ae FreeRTOS/src/tasks.o
 .debug_info    0x00005637     0x1077 FreeRTOS/src/timers.o
 .debug_info    0x000066ae      0x1ba FreeRTOS/src/variantHooks.o
 .debug_info    0x00006868      0x2a1 main.o
 .debug_info    0x00006b09      0x130 mySemaphores.o
 .debug_info    0x00006c39      0x3d5 myTasks.o
 .debug_info    0x0000700e      0x361 myTimers.o
 .debug_info    0x0000736f      0x26f temp_humSensor.o
 .debug_info    0x000075de      0x3a9 ../Drivers\libIotLibrary.a(hih8120.o)
 .debug_info    0x00007987      0x538 ../Drivers\libIotLibrary.a(mh_z19.o)
 .debug_info    0x00007ebf      0xdb3 ../Drivers\libIotLibrary.a(serial.o)
 .debug_info    0x00008c72      0x39c ../Drivers\libIotLibrary.a(stdio_driver.o)
 .debug_info    0x0000900e      0x55d ../Drivers\libIotLibrary.a(twi.o)
 .debug_info    0x0000956b      0x1c3 ../Drivers\libIotLibrary.a(fifo.o)

.debug_abbrev   0x00000000     0x2afa
 *(.debug_abbrev)
 .debug_abbrev  0x00000000      0xb1a D:/Program Files (x86)/Atmel/Studio/7.0/Packs/atmel/ATmega_DFP/1.2.209/gcc/dev/atmega2560/avr6/crtatmega2560.o
 .debug_abbrev  0x00000b1a      0x13b co2Sensor.o
 .debug_abbrev  0x00000c55       0x92 FreeRTOS/FreeRTOSTraceDriver/FreeRTOSTraceDriver.o
 .debug_abbrev  0x00000ce7      0x107 FreeRTOS/src/heap_3.o
 .debug_abbrev  0x00000dee       0xff FreeRTOS/src/list.o
 .debug_abbrev  0x00000eed      0x158 FreeRTOS/src/port.o
 .debug_abbrev  0x00001045      0x2d8 FreeRTOS/src/queue.o
 .debug_abbrev  0x0000131d      0x359 FreeRTOS/src/tasks.o
 .debug_abbrev  0x00001676      0x30f FreeRTOS/src/timers.o
 .debug_abbrev  0x00001985      0x101 FreeRTOS/src/variantHooks.o
 .debug_abbrev  0x00001a86       0xc3 main.o
 .debug_abbrev  0x00001b49       0xaa mySemaphores.o
 .debug_abbrev  0x00001bf3      0x140 myTasks.o
 .debug_abbrev  0x00001d33       0xf0 myTimers.o
 .debug_abbrev  0x00001e23      0x123 temp_humSensor.o
 .debug_abbrev  0x00001f46      0x184 ../Drivers\libIotLibrary.a(hih8120.o)
 .debug_abbrev  0x000020ca      0x20f ../Drivers\libIotLibrary.a(mh_z19.o)
 .debug_abbrev  0x000022d9      0x364 ../Drivers\libIotLibrary.a(serial.o)
 .debug_abbrev  0x0000263d      0x1be ../Drivers\libIotLibrary.a(stdio_driver.o)
 .debug_abbrev  0x000027fb      0x217 ../Drivers\libIotLibrary.a(twi.o)
 .debug_abbrev  0x00002a12       0xe8 ../Drivers\libIotLibrary.a(fifo.o)

.debug_line     0x00000000     0x4c7f
 *(.debug_line .debug_line.* .debug_line_end)
 .debug_line    0x00000000      0x1f9 D:/Program Files (x86)/Atmel/Studio/7.0/Packs/atmel/ATmega_DFP/1.2.209/gcc/dev/atmega2560/avr6/crtatmega2560.o
 .debug_line    0x000001f9      0x149 co2Sensor.o
 .debug_line    0x00000342       0xfd FreeRTOS/FreeRTOSTraceDriver/FreeRTOSTraceDriver.o
 .debug_line    0x0000043f      0x175 FreeRTOS/src/heap_3.o
 .debug_line    0x000005b4      0x1da FreeRTOS/src/list.o
 .debug_line    0x0000078e      0x312 FreeRTOS/src/port.o
 .debug_line    0x00000aa0      0xbfa FreeRTOS/src/queue.o
 .debug_line    0x0000169a     0x1656 FreeRTOS/src/tasks.o
 .debug_line    0x00002cf0      0x562 FreeRTOS/src/timers.o
 .debug_line    0x00003252      0x18a FreeRTOS/src/variantHooks.o
 .debug_line    0x000033dc      0x1d8 main.o
 .debug_line    0x000035b4       0xfe mySemaphores.o
 .debug_line    0x000036b2      0x205 myTasks.o
 .debug_line    0x000038b7      0x188 myTimers.o
 .debug_line    0x00003a3f      0x195 temp_humSensor.o
 .debug_line    0x00003bd4      0x246 ../Drivers\libIotLibrary.a(hih8120.o)
 .debug_line    0x00003e1a      0x2d6 ../Drivers\libIotLibrary.a(mh_z19.o)
 .debug_line    0x000040f0      0x636 ../Drivers\libIotLibrary.a(serial.o)
 .debug_line    0x00004726      0x13a ../Drivers\libIotLibrary.a(stdio_driver.o)
 .debug_line    0x00004860      0x306 ../Drivers\libIotLibrary.a(twi.o)
 .debug_line    0x00004b66      0x119 ../Drivers\libIotLibrary.a(fifo.o)

.debug_frame    0x00000000     0x179c
 *(.debug_frame)
 .debug_frame   0x00000000       0x64 co2Sensor.o
 .debug_frame   0x00000064       0x44 FreeRTOS/FreeRTOSTraceDriver/FreeRTOSTraceDriver.o
 .debug_frame   0x000000a8       0x4c FreeRTOS/src/heap_3.o
 .debug_frame   0x000000f4       0x88 FreeRTOS/src/list.o
 .debug_frame   0x0000017c       0x74 FreeRTOS/src/port.o
 .debug_frame   0x000001f0      0x3cc FreeRTOS/src/queue.o
 .debug_frame   0x000005bc      0x69c FreeRTOS/src/tasks.o
 .debug_frame   0x00000c58      0x1cc FreeRTOS/src/timers.o
 .debug_frame   0x00000e24       0x44 FreeRTOS/src/variantHooks.o
 .debug_frame   0x00000e68       0x24 main.o
 .debug_frame   0x00000e8c       0x24 mySemaphores.o
 .debug_frame   0x00000eb0       0x9c myTasks.o
 .debug_frame   0x00000f4c       0x9c myTimers.o
 .debug_frame   0x00000fe8       0xa4 temp_humSensor.o
 .debug_frame   0x0000108c       0xc0 ../Drivers\libIotLibrary.a(hih8120.o)
 .debug_frame   0x0000114c       0xf8 ../Drivers\libIotLibrary.a(mh_z19.o)
 .debug_frame   0x00001244      0x384 ../Drivers\libIotLibrary.a(serial.o)
 .debug_frame   0x000015c8       0x84 ../Drivers\libIotLibrary.a(stdio_driver.o)
 .debug_frame   0x0000164c      0x12c ../Drivers\libIotLibrary.a(twi.o)
 .debug_frame   0x00001778       0x24 ../Drivers\libIotLibrary.a(fifo.o)

.debug_str      0x00000000     0x2f4e
 *(.debug_str)
 .debug_str     0x00000000      0x3e6 D:/Program Files (x86)/Atmel/Studio/7.0/Packs/atmel/ATmega_DFP/1.2.209/gcc/dev/atmega2560/avr6/crtatmega2560.o
 .debug_str     0x000003e6      0x28d co2Sensor.o
                                0x2d3 (size before relaxing)
 .debug_str     0x00000673       0x70 FreeRTOS/FreeRTOSTraceDriver/FreeRTOSTraceDriver.o
                                0x1f7 (size before relaxing)
 .debug_str     0x000006e3       0x94 FreeRTOS/src/heap_3.o
                                0x229 (size before relaxing)
 .debug_str     0x00000777      0x14b FreeRTOS/src/list.o
                                0x2f4 (size before relaxing)
 .debug_str     0x000008c2      0x12a FreeRTOS/src/port.o
                                0x2e1 (size before relaxing)
 .debug_str     0x000009ec      0x6e4 FreeRTOS/src/queue.o
                                0x9ea (size before relaxing)
 .debug_str     0x000010d0      0xbc6 FreeRTOS/src/tasks.o
                               0x1195 (size before relaxing)
 .debug_str     0x00001c96      0x43f FreeRTOS/src/timers.o
                                0x882 (size before relaxing)
 .debug_str     0x000020d5       0x61 FreeRTOS/src/variantHooks.o
                                0x288 (size before relaxing)
 .debug_str     0x00002136       0xec main.o
                                0x33c (size before relaxing)
 .debug_str     0x00002222       0x14 mySemaphores.o
                                0x22a (size before relaxing)
 .debug_str     0x00002236       0x6b myTasks.o
                                0x373 (size before relaxing)
 .debug_str     0x000022a1       0x4f myTimers.o
                                0x2cd (size before relaxing)
 .debug_str     0x000022f0      0x12e temp_humSensor.o
                                0x312 (size before relaxing)
 .debug_str     0x0000241e      0x222 ../Drivers\libIotLibrary.a(hih8120.o)
                                0x44a (size before relaxing)
 .debug_str     0x00002640      0x224 ../Drivers\libIotLibrary.a(mh_z19.o)
                                0x47a (size before relaxing)
 .debug_str     0x00002864      0x348 ../Drivers\libIotLibrary.a(serial.o)
                                0x639 (size before relaxing)
 .debug_str     0x00002bac       0xa4 ../Drivers\libIotLibrary.a(stdio_driver.o)
                                0x378 (size before relaxing)
 .debug_str     0x00002c50      0x2de ../Drivers\libIotLibrary.a(twi.o)
                                0x5a8 (size before relaxing)
 .debug_str     0x00002f2e       0x20 ../Drivers\libIotLibrary.a(fifo.o)
                                0x237 (size before relaxing)

.debug_loc      0x00000000     0x80b8
 *(.debug_loc)
 .debug_loc     0x00000000       0x81 co2Sensor.o
 .debug_loc     0x00000081       0x42 FreeRTOS/FreeRTOSTraceDriver/FreeRTOSTraceDriver.o
 .debug_loc     0x000000c3      0x102 FreeRTOS/src/heap_3.o
 .debug_loc     0x000001c5      0x145 FreeRTOS/src/list.o
 .debug_loc     0x0000030a      0x2af FreeRTOS/src/port.o
 .debug_loc     0x000005b9     0x1dc0 FreeRTOS/src/queue.o
 .debug_loc     0x00002379     0x2e78 FreeRTOS/src/tasks.o
 .debug_loc     0x000051f1      0xbed FreeRTOS/src/timers.o
 .debug_loc     0x00005dde       0xb6 FreeRTOS/src/variantHooks.o
 .debug_loc     0x00005e94      0x1bc myTasks.o
 .debug_loc     0x00006050      0x1ca myTimers.o
 .debug_loc     0x0000621a      0x19b temp_humSensor.o
 .debug_loc     0x000063b5       0x9f ../Drivers\libIotLibrary.a(hih8120.o)
 .debug_loc     0x00006454      0x3cd ../Drivers\libIotLibrary.a(mh_z19.o)
 .debug_loc     0x00006821     0x1080 ../Drivers\libIotLibrary.a(serial.o)
 .debug_loc     0x000078a1      0x144 ../Drivers\libIotLibrary.a(stdio_driver.o)
 .debug_loc     0x000079e5      0x575 ../Drivers\libIotLibrary.a(twi.o)
 .debug_loc     0x00007f5a      0x15e ../Drivers\libIotLibrary.a(fifo.o)

.debug_macinfo
 *(.debug_macinfo)

.debug_weaknames
 *(.debug_weaknames)

.debug_funcnames
 *(.debug_funcnames)

.debug_typenames
 *(.debug_typenames)

.debug_varnames
 *(.debug_varnames)

.debug_pubtypes
 *(.debug_pubtypes)

.debug_ranges   0x00000000      0x7e8
 *(.debug_ranges)
 .debug_ranges  0x00000000       0x28 co2Sensor.o
 .debug_ranges  0x00000028       0x20 FreeRTOS/FreeRTOSTraceDriver/FreeRTOSTraceDriver.o
 .debug_ranges  0x00000048       0x18 FreeRTOS/src/heap_3.o
 .debug_ranges  0x00000060       0x30 FreeRTOS/src/list.o
 .debug_ranges  0x00000090       0x38 FreeRTOS/src/port.o
 .debug_ranges  0x000000c8      0x178 FreeRTOS/src/queue.o
 .debug_ranges  0x00000240      0x240 FreeRTOS/src/tasks.o
 .debug_ranges  0x00000480       0xf0 FreeRTOS/src/timers.o
 .debug_ranges  0x00000570       0x20 FreeRTOS/src/variantHooks.o
 .debug_ranges  0x00000590       0x10 main.o
 .debug_ranges  0x000005a0       0x10 mySemaphores.o
 .debug_ranges  0x000005b0       0x40 myTasks.o
 .debug_ranges  0x000005f0       0x28 myTimers.o
 .debug_ranges  0x00000618       0x28 temp_humSensor.o
 .debug_ranges  0x00000640       0x58 ../Drivers\libIotLibrary.a(hih8120.o)
 .debug_ranges  0x00000698       0x40 ../Drivers\libIotLibrary.a(mh_z19.o)
 .debug_ranges  0x000006d8       0x98 ../Drivers\libIotLibrary.a(serial.o)
 .debug_ranges  0x00000770       0x28 ../Drivers\libIotLibrary.a(stdio_driver.o)
 .debug_ranges  0x00000798       0x40 ../Drivers\libIotLibrary.a(twi.o)
 .debug_ranges  0x000007d8       0x10 ../Drivers\libIotLibrary.a(fifo.o)

.debug_macro
 *(.debug_macro)
OUTPUT(MyFirstProject.elf elf32-avr)
LOAD linker stubs
